0 verbose cli C:\Program Files\nodejs\node.exe C:\Program Files\nodejs\node_modules\npm\bin\npm-cli.js
1 info using npm@10.9.2
2 info using node@v22.16.0
3 silly config load:file:C:\Program Files\nodejs\node_modules\npm\npmrc
4 silly config load:file:C:\Users\syedz\Downloads\Whatsapp images\New folder\.npmrc
5 silly config load:file:C:\Users\syedz\.npmrc
6 silly config load:file:C:\Users\syedz\AppData\Roaming\npm\etc\npmrc
7 verbose title npm install @capacitor/cli@8.5.0
8 verbose argv "install" "--save-dev" "--save-exact" "@capacitor/cli@8.5.0"
9 verbose logfile logs-max:10 dir:C:\Users\syedz\Downloads\Whatsapp images\New folder\.npm-cache\_logs\2026-08-31T16_37_45_476Z-
10 verbose logfile C:\Users\syedz\Downloads\Whatsapp images\New folder\.npm-cache\_logs\2026-08-31T16_37_45_476Z-debug-0.log
11 silly logfile start cleaning logs, removing 1 files
12 silly packumentCache heap:4345298944 maxSize:1086324736 maxEntrySize:543162368
13 silly logfile done cleaning log files
14 silly idealTree buildDeps
15 silly fetch manifest @capacitor/cli@8.5.0
16 silly packumentCache full:https://registry.npmjs.org/@capacitor%2fcli cache-miss
17 http cache https://registry.npmjs.org/@capacitor%2fcli 61ms (cache hit)
18 silly packumentCache full:https://registry.npmjs.org/@capacitor%2fcli set size:5126621 disposed:false
19 silly placeDep ROOT @capacitor/cli@8.5.0 REPLACE for: bambinos-unbox-chess@1.0.0 want: 8.5.0
20 silly fetch manifest tar@^7.5.3
21 silly packumentCache full:https://registry.npmjs.org/tar cache-miss
22 silly fetch manifest xcode@^3.0.1
23 silly packumentCache full:https://registry.npmjs.org/xcode cache-miss
24 silly fetch manifest rimraf@^6.0.1
25 silly packumentCache full:https://registry.npmjs.org/rimraf cache-miss
26 silly fetch manifest xml2js@^0.6.2
27 silly packumentCache full:https://registry.npmjs.org/xml2js cache-miss
28 silly fetch manifest fs-extra@^11.2.0
29 silly packumentCache full:https://registry.npmjs.org/fs-extra cache-miss
30 silly fetch manifest commander@^12.1.0
31 silly packumentCache full:https://registry.npmjs.org/commander cache-miss
32 silly fetch manifest @ionic/utils-subprocess@^3.0.1
33 silly packumentCache full:https://registry.npmjs.org/@ionic%2futils-subprocess cache-miss
34 http cache https://registry.npmjs.org/tar 76ms (cache hit)
35 silly packumentCache full:https://registry.npmjs.org/tar set size:591769 disposed:false
36 http cache https://registry.npmjs.org/rimraf 85ms (cache hit)
37 silly packumentCache full:https://registry.npmjs.org/rimraf set size:212626 disposed:false
38 http cache https://registry.npmjs.org/xml2js 88ms (cache hit)
39 silly packumentCache full:https://registry.npmjs.org/xml2js set size:198018 disposed:false
40 http cache https://registry.npmjs.org/@ionic%2futils-subprocess 89ms (cache hit)
41 silly packumentCache full:https://registry.npmjs.org/@ionic%2futils-subprocess set size:166292 disposed:false
42 http cache https://registry.npmjs.org/fs-extra 92ms (cache hit)
43 silly packumentCache full:https://registry.npmjs.org/fs-extra set size:239581 disposed:false
44 http cache https://registry.npmjs.org/commander 96ms (cache hit)
45 silly packumentCache full:https://registry.npmjs.org/commander set size:353115 disposed:false
46 http fetch GET 200 https://registry.npmjs.org/xcode 638ms (cache miss)
47 silly packumentCache full:https://registry.npmjs.org/xcode set size:undefined disposed:false
48 silly placeDep ROOT @ionic/utils-subprocess@3.0.1 OK for: @capacitor/cli@8.5.0 want: ^3.0.1
49 silly placeDep node_modules/@capacitor/cli commander@12.1.0 OK for: @capacitor/cli@8.5.0 want: ^12.1.0
50 silly placeDep node_modules/@capacitor/cli fs-extra@11.4.0 OK for: @capacitor/cli@8.5.0 want: ^11.2.0
51 silly placeDep ROOT rimraf@6.1.3 OK for: @capacitor/cli@8.5.0 want: ^6.0.1
52 silly placeDep ROOT tar@7.5.22 OK for: @capacitor/cli@8.5.0 want: ^7.5.3
53 silly placeDep ROOT xcode@3.0.1 OK for: @capacitor/cli@8.5.0 want: ^3.0.1
54 silly placeDep ROOT xml2js@0.6.2 OK for: @capacitor/cli@8.5.0 want: ^0.6.2
55 silly fetch manifest @ionic/utils-array@2.1.6
56 silly packumentCache full:https://registry.npmjs.org/@ionic%2futils-array cache-miss
57 silly fetch manifest @ionic/utils-process@2.1.12
58 silly packumentCache full:https://registry.npmjs.org/@ionic%2futils-process cache-miss
59 silly fetch manifest @ionic/utils-stream@3.1.7
60 silly packumentCache full:https://registry.npmjs.org/@ionic%2futils-stream cache-miss
61 silly fetch manifest cross-spawn@^7.0.3
62 silly packumentCache full:https://registry.npmjs.org/cross-spawn cache-miss
63 silly fetch manifest glob@^13.0.3
64 silly packumentCache full:https://registry.npmjs.org/glob cache-miss
65 silly fetch manifest package-json-from-dist@^1.0.1
66 silly packumentCache full:https://registry.npmjs.org/package-json-from-dist cache-miss
67 silly fetch manifest chownr@^3.0.0
68 silly packumentCache full:https://registry.npmjs.org/chownr cache-miss
69 http cache https://registry.npmjs.org/@ionic%2futils-array 39ms (cache hit)
70 silly packumentCache full:https://registry.npmjs.org/@ionic%2futils-array set size:86082 disposed:false
71 silly fetch manifest yallist@^5.0.0
72 silly packumentCache full:https://registry.npmjs.org/yallist cache-miss
73 http cache https://registry.npmjs.org/@ionic%2futils-stream 43ms (cache hit)
74 silly packumentCache full:https://registry.npmjs.org/@ionic%2futils-stream set size:89195 disposed:false
75 silly fetch manifest minipass@^7.1.2
76 silly packumentCache full:https://registry.npmjs.org/minipass cache-miss
77 http cache https://registry.npmjs.org/@ionic%2futils-process 47ms (cache hit)
78 silly packumentCache full:https://registry.npmjs.org/@ionic%2futils-process set size:128236 disposed:false
79 silly fetch manifest minizlib@^3.1.0
80 silly packumentCache full:https://registry.npmjs.org/minizlib cache-miss
81 http cache https://registry.npmjs.org/cross-spawn 49ms (cache hit)
82 silly packumentCache full:https://registry.npmjs.org/cross-spawn set size:109066 disposed:false
83 silly fetch manifest @isaacs/fs-minipass@^4.0.0
84 silly packumentCache full:https://registry.npmjs.org/@isaacs%2ffs-minipass cache-miss
85 http cache https://registry.npmjs.org/chownr 51ms (cache hit)
86 silly packumentCache full:https://registry.npmjs.org/chownr set size:22157 disposed:false
87 silly fetch manifest uuid@^7.0.3
88 silly packumentCache full:https://registry.npmjs.org/uuid cache-miss
89 http cache https://registry.npmjs.org/glob 53ms (cache hit)
90 silly packumentCache full:https://registry.npmjs.org/glob set size:469465 disposed:false
91 silly fetch manifest simple-plist@^1.1.0
92 silly packumentCache full:https://registry.npmjs.org/simple-plist cache-miss
93 http cache https://registry.npmjs.org/minizlib 28ms (cache hit)
94 silly packumentCache full:https://registry.npmjs.org/minizlib set size:62862 disposed:false
95 silly fetch manifest xmlbuilder@~11.0.0
96 silly packumentCache full:https://registry.npmjs.org/xmlbuilder cache-miss
97 http cache https://registry.npmjs.org/minipass 35ms (cache hit)
98 silly packumentCache full:https://registry.npmjs.org/minipass set size:276925 disposed:false
99 http cache https://registry.npmjs.org/yallist 52ms (cache hit)
100 silly packumentCache full:https://registry.npmjs.org/yallist set size:34610 disposed:false
101 http cache https://registry.npmjs.org/xmlbuilder 30ms (cache hit)
102 silly packumentCache full:https://registry.npmjs.org/xmlbuilder set size:158707 disposed:false
103 http fetch GET 200 https://registry.npmjs.org/package-json-from-dist 373ms (cache miss)
104 silly packumentCache full:https://registry.npmjs.org/package-json-from-dist set size:undefined disposed:false
105 http fetch GET 200 https://registry.npmjs.org/simple-plist 356ms (cache miss)
106 silly packumentCache full:https://registry.npmjs.org/simple-plist set size:undefined disposed:false
107 http fetch GET 200 https://registry.npmjs.org/uuid 370ms (cache miss)
108 silly packumentCache full:https://registry.npmjs.org/uuid set size:undefined disposed:false
109 http fetch GET 200 https://registry.npmjs.org/@isaacs%2ffs-minipass 895ms (cache miss)
110 silly packumentCache full:https://registry.npmjs.org/@isaacs%2ffs-minipass set size:undefined disposed:false
111 silly placeDep ROOT @ionic/utils-array@2.1.6 OK for: @ionic/utils-subprocess@3.0.1 want: 2.1.6
112 silly placeDep ROOT @ionic/utils-process@2.1.12 OK for: @ionic/utils-subprocess@3.0.1 want: 2.1.12
113 silly placeDep ROOT @ionic/utils-stream@3.1.7 OK for: @ionic/utils-subprocess@3.0.1 want: 3.1.7
114 silly placeDep ROOT cross-spawn@7.0.6 OK for: @ionic/utils-subprocess@3.0.1 want: ^7.0.3
115 silly fetch manifest @ionic/utils-object@2.1.6
116 silly packumentCache full:https://registry.npmjs.org/@ionic%2futils-object cache-miss
117 silly fetch manifest tree-kill@^1.2.2
118 silly packumentCache full:https://registry.npmjs.org/tree-kill cache-miss
119 silly fetch manifest which@^2.0.1
120 silly packumentCache full:https://registry.npmjs.org/which cache-miss
121 silly fetch manifest path-key@^3.1.0
122 silly packumentCache full:https://registry.npmjs.org/path-key cache-miss
123 silly fetch manifest shebang-command@^2.0.0
124 silly packumentCache full:https://registry.npmjs.org/shebang-command cache-miss
125 http cache https://registry.npmjs.org/@ionic%2futils-object 11ms (cache hit)
126 silly packumentCache full:https://registry.npmjs.org/@ionic%2futils-object set size:82526 disposed:false
127 http cache https://registry.npmjs.org/tree-kill 12ms (cache hit)
128 silly packumentCache full:https://registry.npmjs.org/tree-kill set size:24180 disposed:false
129 http cache https://registry.npmjs.org/which 13ms (cache hit)
130 silly packumentCache full:https://registry.npmjs.org/which set size:70087 disposed:false
131 http cache https://registry.npmjs.org/path-key 14ms (cache hit)
132 silly packumentCache full:https://registry.npmjs.org/path-key set size:16975 disposed:false
133 http cache https://registry.npmjs.org/shebang-command 13ms (cache hit)
134 silly packumentCache full:https://registry.npmjs.org/shebang-command set size:8525 disposed:false
135 silly placeDep ROOT @ionic/utils-object@2.1.6 OK for: @ionic/utils-process@2.1.12 want: 2.1.6
136 silly placeDep ROOT tree-kill@1.2.2 OK for: @ionic/utils-process@2.1.12 want: ^1.2.2
137 silly placeDep ROOT path-key@3.1.1 OK for: cross-spawn@7.0.6 want: ^3.1.0
138 silly placeDep ROOT shebang-command@2.0.0 OK for: cross-spawn@7.0.6 want: ^2.0.0
139 silly placeDep ROOT which@2.0.2 OK for: cross-spawn@7.0.6 want: ^2.0.1
140 silly fetch manifest shebang-regex@^3.0.0
141 silly packumentCache full:https://registry.npmjs.org/shebang-regex cache-miss
142 silly fetch manifest isexe@^2.0.0
143 silly packumentCache full:https://registry.npmjs.org/isexe cache-miss
144 http cache https://registry.npmjs.org/shebang-regex 7ms (cache hit)
145 silly packumentCache full:https://registry.npmjs.org/shebang-regex set size:9763 disposed:false
146 http cache https://registry.npmjs.org/isexe 8ms (cache hit)
147 silly packumentCache full:https://registry.npmjs.org/isexe set size:31756 disposed:false
148 silly placeDep ROOT glob@13.0.6 OK for: rimraf@6.1.3 want: ^13.0.3
149 silly placeDep ROOT package-json-from-dist@1.0.1 OK for: rimraf@6.1.3 want: ^1.0.1
150 silly fetch manifest minimatch@^10.2.2
151 silly packumentCache full:https://registry.npmjs.org/minimatch cache-miss
152 silly fetch manifest minipass@^7.1.3
153 silly packumentCache full:https://registry.npmjs.org/minipass cache-hit
154 silly fetch manifest path-scurry@^2.0.2
155 silly packumentCache full:https://registry.npmjs.org/path-scurry cache-miss
156 http cache https://registry.npmjs.org/minimatch 7ms (cache hit)
157 silly packumentCache full:https://registry.npmjs.org/minimatch set size:377924 disposed:false
158 http cache https://registry.npmjs.org/path-scurry 9ms (cache hit)
159 silly packumentCache full:https://registry.npmjs.org/path-scurry set size:117612 disposed:false
160 silly placeDep ROOT minimatch@10.2.6 OK for: glob@13.0.6 want: ^10.2.2
161 silly placeDep ROOT minipass@7.1.3 OK for: glob@13.0.6 want: ^7.1.3
162 silly placeDep ROOT path-scurry@2.0.2 OK for: glob@13.0.6 want: ^2.0.2
163 silly fetch manifest brace-expansion@^5.0.8
164 silly packumentCache full:https://registry.npmjs.org/brace-expansion cache-miss
165 silly fetch manifest lru-cache@^11.0.0
166 silly packumentCache full:https://registry.npmjs.org/lru-cache cache-miss
167 http cache https://registry.npmjs.org/lru-cache 8ms (cache hit)
168 silly packumentCache full:https://registry.npmjs.org/lru-cache set size:460407 disposed:false
169 http cache https://registry.npmjs.org/brace-expansion 12ms (cache hit)
170 silly packumentCache full:https://registry.npmjs.org/brace-expansion set size:101024 disposed:false
171 silly placeDep ROOT brace-expansion@5.0.9 OK for: minimatch@10.2.6 want: ^5.0.8
172 silly fetch manifest balanced-match@^4.0.2
173 silly packumentCache full:https://registry.npmjs.org/balanced-match cache-miss
174 http cache https://registry.npmjs.org/balanced-match 6ms (cache hit)
175 silly packumentCache full:https://registry.npmjs.org/balanced-match set size:39082 disposed:false
176 silly placeDep ROOT balanced-match@4.0.4 OK for: brace-expansion@5.0.9 want: ^4.0.2
177 silly placeDep ROOT lru-cache@11.5.2 OK for: path-scurry@2.0.2 want: ^11.0.0
178 silly placeDep ROOT shebang-regex@3.0.0 OK for: shebang-command@2.0.0 want: ^3.0.0
179 silly placeDep ROOT @isaacs/fs-minipass@4.0.1 OK for: tar@7.5.22 want: ^4.0.0
180 silly placeDep ROOT chownr@3.0.0 OK for: tar@7.5.22 want: ^3.0.0
181 silly placeDep ROOT minizlib@3.1.0 OK for: tar@7.5.22 want: ^3.1.0
182 silly placeDep ROOT yallist@5.0.0 OK for: tar@7.5.22 want: ^5.0.0
183 silly placeDep ROOT isexe@2.0.0 OK for: which@2.0.2 want: ^2.0.0
184 silly placeDep ROOT simple-plist@1.3.1 OK for: xcode@3.0.1 want: ^1.1.0
185 silly placeDep ROOT uuid@7.0.3 OK for: xcode@3.0.1 want: ^7.0.3
186 silly fetch manifest bplist-creator@0.1.0
187 silly packumentCache full:https://registry.npmjs.org/bplist-creator cache-miss
188 silly fetch manifest bplist-parser@0.3.1
189 silly packumentCache full:https://registry.npmjs.org/bplist-parser cache-miss
190 http fetch GET 200 https://registry.npmjs.org/bplist-creator 300ms (cache miss)
191 silly packumentCache full:https://registry.npmjs.org/bplist-creator set size:undefined disposed:false
192 http fetch GET 200 https://registry.npmjs.org/bplist-parser 312ms (cache miss)
193 silly packumentCache full:https://registry.npmjs.org/bplist-parser set size:undefined disposed:false
194 silly placeDep ROOT bplist-creator@0.1.0 OK for: simple-plist@1.3.1 want: 0.1.0
195 silly placeDep node_modules/simple-plist bplist-parser@0.3.1 OK for: simple-plist@1.3.1 want: 0.3.1
196 silly fetch manifest stream-buffers@2.2.x
197 silly packumentCache full:https://registry.npmjs.org/stream-buffers cache-miss
198 http fetch GET 200 https://registry.npmjs.org/stream-buffers 330ms (cache miss)
199 silly packumentCache full:https://registry.npmjs.org/stream-buffers set size:undefined disposed:false
200 silly placeDep ROOT stream-buffers@2.2.0 OK for: bplist-creator@0.1.0 want: 2.2.x
201 silly placeDep node_modules/xml2js xmlbuilder@11.0.1 OK for: xml2js@0.6.2 want: ~11.0.0
202 silly reify mark retired [
202 silly reify   'C:\\Users\\syedz\\Downloads\\Whatsapp images\\New folder\\node_modules\\@capacitor\\cli',
202 silly reify   'C:\\Users\\syedz\\Downloads\\Whatsapp images\\New folder\\node_modules\\.bin\\cap',
202 silly reify   'C:\\Users\\syedz\\Downloads\\Whatsapp images\\New folder\\node_modules\\.bin\\cap.cmd',
202 silly reify   'C:\\Users\\syedz\\Downloads\\Whatsapp images\\New folder\\node_modules\\.bin\\cap.ps1',
202 silly reify   'C:\\Users\\syedz\\Downloads\\Whatsapp images\\New folder\\node_modules\\.bin\\capacitor',
202 silly reify   'C:\\Users\\syedz\\Downloads\\Whatsapp images\\New folder\\node_modules\\.bin\\capacitor.cmd',
202 silly reify   'C:\\Users\\syedz\\Downloads\\Whatsapp images\\New folder\\node_modules\\.bin\\capacitor.ps1'
202 silly reify ]
203 silly reify mark retired [
203 silly reify   'C:\\Users\\syedz\\Downloads\\Whatsapp images\\New folder\\node_modules\\@ionic\\utils-array'
203 silly reify ]
204 silly reify mark retired [
204 silly reify   'C:\\Users\\syedz\\Downloads\\Whatsapp images\\New folder\\node_modules\\@ionic\\utils-object'
204 silly reify ]
205 silly reify mark retired [
205 silly reify   'C:\\Users\\syedz\\Downloads\\Whatsapp images\\New folder\\node_modules\\@ionic\\utils-process'
205 silly reify ]
206 silly reify mark retired [
206 silly reify   'C:\\Users\\syedz\\Downloads\\Whatsapp images\\New folder\\node_modules\\@ionic\\utils-stream'
206 silly reify ]
207 silly reify mark retired [
207 silly reify   'C:\\Users\\syedz\\Downloads\\Whatsapp images\\New folder\\node_modules\\@ionic\\utils-subprocess'
207 silly reify ]
208 silly reify mark retired [
208 silly reify   'C:\\Users\\syedz\\Downloads\\Whatsapp images\\New folder\\node_modules\\balanced-match'
208 silly reify ]
209 silly reify mark retired [
209 silly reify   'C:\\Users\\syedz\\Downloads\\Whatsapp images\\New folder\\node_modules\\brace-expansion'
209 silly reify ]
210 silly reify mark retired [
210 silly reify   'C:\\Users\\syedz\\Downloads\\Whatsapp images\\New folder\\node_modules\\chownr'
210 silly reify ]
211 silly reify mark retired [
211 silly reify   'C:\\Users\\syedz\\Downloads\\Whatsapp images\\New folder\\node_modules\\fs-minipass'
211 silly reify ]
212 silly reify mark retired [
212 silly reify   'C:\\Users\\syedz\\Downloads\\Whatsapp images\\New folder\\node_modules\\fs.realpath'
212 silly reify ]
213 silly reify mark retired [
213 silly reify   'C:\\Users\\syedz\\Downloads\\Whatsapp images\\New folder\\node_modules\\glob'
213 silly reify ]
214 silly reify mark retired [
214 silly reify   'C:\\Users\\syedz\\Downloads\\Whatsapp images\\New folder\\node_modules\\lru-cache'
214 silly reify ]
215 silly reify mark retired [
215 silly reify   'C:\\Users\\syedz\\Downloads\\Whatsapp images\\New folder\\node_modules\\minimatch'
215 silly reify ]
216 silly reify mark retired [
216 silly reify   'C:\\Users\\syedz\\Downloads\\Whatsapp images\\New folder\\node_modules\\minipass'
216 silly reify ]
217 silly reify mark retired [
217 silly reify   'C:\\Users\\syedz\\Downloads\\Whatsapp images\\New folder\\node_modules\\minizlib'
217 silly reify ]
218 silly reify mark retired [
218 silly reify   'C:\\Users\\syedz\\Downloads\\Whatsapp images\\New folder\\node_modules\\mkdirp',
218 silly reify   'C:\\Users\\syedz\\Downloads\\Whatsapp images\\New folder\\node_modules\\.bin\\mkdirp',
218 silly reify   'C:\\Users\\syedz\\Downloads\\Whatsapp images\\New folder\\node_modules\\.bin\\mkdirp.cmd',
218 silly reify   'C:\\Users\\syedz\\Downloads\\Whatsapp images\\New folder\\node_modules\\.bin\\mkdirp.ps1'
218 silly reify ]
219 silly reify mark retired [
219 silly reify   'C:\\Users\\syedz\\Downloads\\Whatsapp images\\New folder\\node_modules\\path-scurry'
219 silly reify ]
220 silly reify mark retired [
220 silly reify   'C:\\Users\\syedz\\Downloads\\Whatsapp images\\New folder\\node_modules\\rimraf',
220 silly reify   'C:\\Users\\syedz\\Downloads\\Whatsapp images\\New folder\\node_modules\\.bin\\rimraf',
220 silly reify   'C:\\Users\\syedz\\Downloads\\Whatsapp images\\New folder\\node_modules\\.bin\\rimraf.cmd',
220 silly reify   'C:\\Users\\syedz\\Downloads\\Whatsapp images\\New folder\\node_modules\\.bin\\rimraf.ps1'
220 silly reify ]
221 silly reify mark retired [
221 silly reify   'C:\\Users\\syedz\\Downloads\\Whatsapp images\\New folder\\node_modules\\tar'
221 silly reify ]
222 silly reify mark retired [
222 silly reify   'C:\\Users\\syedz\\Downloads\\Whatsapp images\\New folder\\node_modules\\xml2js'
222 silly reify ]
223 silly reify mark retired [
223 silly reify   'C:\\Users\\syedz\\Downloads\\Whatsapp images\\New folder\\node_modules\\yallist'
223 silly reify ]
224 silly reify moves {
224 silly reify   'C:\\Users\\syedz\\Downloads\\Whatsapp images\\New folder\\node_modules\\@capacitor\\cli': 'C:\\Users\\syedz\\Downloads\\Whatsapp images\\New folder\\node_modules\\@capacitor\\.cli-3I3DjTmM',
224 silly reify   'C:\\Users\\syedz\\Downloads\\Whatsapp images\\New folder\\node_modules\\.bin\\cap': 'C:\\Users\\syedz\\Downloads\\Whatsapp images\\New folder\\node_modules\\.bin\\.cap-675vENYJ',
224 silly reify   'C:\\Users\\syedz\\Downloads\\Whatsapp images\\New folder\\node_modules\\.bin\\cap.cmd': 'C:\\Users\\syedz\\Downloads\\Whatsapp images\\New folder\\node_modules\\.bin\\.cap.cmd-MeoRLzY9',
224 silly reify   'C:\\Users\\syedz\\Downloads\\Whatsapp images\\New folder\\node_modules\\.bin\\cap.ps1': 'C:\\Users\\syedz\\Downloads\\Whatsapp images\\New folder\\node_modules\\.bin\\.cap.ps1-XhSqDy4f',
224 silly reify   'C:\\Users\\syedz\\Downloads\\Whatsapp images\\New folder\\node_modules\\.bin\\capacitor': 'C:\\Users\\syedz\\Downloads\\Whatsapp images\\New folder\\node_modules\\.bin\\.capacitor-KwExTBrk',
224 silly reify   'C:\\Users\\syedz\\Downloads\\Whatsapp images\\New folder\\node_modules\\.bin\\capacitor.cmd': 'C:\\Users\\syedz\\Downloads\\Whatsapp images\\New folder\\node_modules\\.bin\\.capacitor.cmd-ZyI8Dajs',
224 silly reify   'C:\\Users\\syedz\\Downloads\\Whatsapp images\\New folder\\node_modules\\.bin\\capacitor.ps1': 'C:\\Users\\syedz\\Downloads\\Whatsapp images\\New folder\\node_modules\\.bin\\.capacitor.ps1-ikzfVetK',
224 silly reify   'C:\\Users\\syedz\\Downloads\\Whatsapp images\\New folder\\node_modules\\@ionic\\utils-array': 'C:\\Users\\syedz\\Downloads\\Whatsapp images\\New folder\\node_modules\\@ionic\\.utils-array-7w9NCK7Q',
224 silly reify   'C:\\Users\\syedz\\Downloads\\Whatsapp images\\New folder\\node_modules\\@ionic\\utils-object': 'C:\\Users\\syedz\\Downloads\\Whatsapp images\\New folder\\node_modules\\@ionic\\.utils-object-fqcVg2ZG',
224 silly reify   'C:\\Users\\syedz\\Downloads\\Whatsapp images\\New folder\\node_modules\\@ionic\\utils-process': 'C:\\Users\\syedz\\Downloads\\Whatsapp images\\New folder\\node_modules\\@ionic\\.utils-process-Q52G6k1i',
224 silly reify   'C:\\Users\\syedz\\Downloads\\Whatsapp images\\New folder\\node_modules\\@ionic\\utils-stream': 'C:\\Users\\syedz\\Downloads\\Whatsapp images\\New folder\\node_modules\\@ionic\\.utils-stream-cZMRCLqD',
224 silly reify   'C:\\Users\\syedz\\Downloads\\Whatsapp images\\New folder\\node_modules\\@ionic\\utils-subprocess': 'C:\\Users\\syedz\\Downloads\\Whatsapp images\\New folder\\node_modules\\@ionic\\.utils-subprocess-2G1C8o9K',
224 silly reify   'C:\\Users\\syedz\\Downloads\\Whatsapp images\\New folder\\node_modules\\balanced-match': 'C:\\Users\\syedz\\Downloads\\Whatsapp images\\New folder\\node_modules\\.balanced-match-yKbhBAqX',
224 silly reify   'C:\\Users\\syedz\\Downloads\\Whatsapp images\\New folder\\node_modules\\brace-expansion': 'C:\\Users\\syedz\\Downloads\\Whatsapp images\\New folder\\node_modules\\.brace-expansion-RUygCZOe',
224 silly reify   'C:\\Users\\syedz\\Downloads\\Whatsapp images\\New folder\\node_modules\\chownr': 'C:\\Users\\syedz\\Downloads\\Whatsapp images\\New folder\\node_modules\\.chownr-dYrxaHQw',
224 silly reify   'C:\\Users\\syedz\\Downloads\\Whatsapp images\\New folder\\node_modules\\fs-minipass': 'C:\\Users\\syedz\\Downloads\\Whatsapp images\\New folder\\node_modules\\.fs-minipass-VnOefgtK',
224 silly reify   'C:\\Users\\syedz\\Downloads\\Whatsapp images\\New folder\\node_modules\\fs.realpath': 'C:\\Users\\syedz\\Downloads\\Whatsapp images\\New folder\\node_modules\\.fs.realpath-X8rkLCI3',
224 silly reify   'C:\\Users\\syedz\\Downloads\\Whatsapp images\\New folder\\node_modules\\glob': 'C:\\Users\\syedz\\Downloads\\Whatsapp images\\New folder\\node_modules\\.glob-jtkkRNPh',
224 silly reify   'C:\\Users\\syedz\\Downloads\\Whatsapp images\\New folder\\node_modules\\lru-cache': 'C:\\Users\\syedz\\Downloads\\Whatsapp images\\New folder\\node_modules\\.lru-cache-U4ehBwsI',
224 silly reify   'C:\\Users\\syedz\\Downloads\\Whatsapp images\\New folder\\node_modules\\minimatch': 'C:\\Users\\syedz\\Downloads\\Whatsapp images\\New folder\\node_modules\\.minimatch-7gnJE1oq',
224 silly reify   'C:\\Users\\syedz\\Downloads\\Whatsapp images\\New folder\\node_modules\\minipass': 'C:\\Users\\syedz\\Downloads\\Whatsapp images\\New folder\\node_modules\\.minipass-w3PQJhHf',
224 silly reify   'C:\\Users\\syedz\\Downloads\\Whatsapp images\\New folder\\node_modules\\minizlib': 'C:\\Users\\syedz\\Downloads\\Whatsapp images\\New folder\\node_modules\\.minizlib-6w4mAspF',
224 silly reify   'C:\\Users\\syedz\\Downloads\\Whatsapp images\\New folder\\node_modules\\mkdirp': 'C:\\Users\\syedz\\Downloads\\Whatsapp images\\New folder\\node_modules\\.mkdirp-rVgDb8CZ',
224 silly reify   'C:\\Users\\syedz\\Downloads\\Whatsapp images\\New folder\\node_modules\\.bin\\mkdirp': 'C:\\Users\\syedz\\Downloads\\Whatsapp images\\New folder\\node_modules\\.bin\\.mkdirp-i2Qbw688',
224 silly reify   'C:\\Users\\syedz\\Downloads\\Whatsapp images\\New folder\\node_modules\\.bin\\mkdirp.cmd': 'C:\\Users\\syedz\\Downloads\\Whatsapp images\\New folder\\node_modules\\.bin\\.mkdirp.cmd-9HXlwjJY',
224 silly reify   'C:\\Users\\syedz\\Downloads\\Whatsapp images\\New folder\\node_modules\\.bin\\mkdirp.ps1': 'C:\\Users\\syedz\\Downloads\\Whatsapp images\\New folder\\node_modules\\.bin\\.mkdirp.ps1-c1fDDGS1',
224 silly reify   'C:\\Users\\syedz\\Downloads\\Whatsapp images\\New folder\\node_modules\\path-scurry': 'C:\\Users\\syedz\\Downloads\\Whatsapp images\\New folder\\node_modules\\.path-scurry-tnTwJRgz',
224 silly reify   'C:\\Users\\syedz\\Downloads\\Whatsapp images\\New folder\\node_modules\\rimraf': 'C:\\Users\\syedz\\Downloads\\Whatsapp images\\New folder\\node_modules\\.rimraf-c2ngKjQg',
224 silly reify   'C:\\Users\\syedz\\Downloads\\Whatsapp images\\New folder\\node_modules\\.bin\\rimraf': 'C:\\Users\\syedz\\Downloads\\Whatsapp images\\New folder\\node_modules\\.bin\\.rimraf-v4zH6PVz',
224 silly reify   'C:\\Users\\syedz\\Downloads\\Whatsapp images\\New folder\\node_modules\\.bin\\rimraf.cmd': 'C:\\Users\\syedz\\Downloads\\Whatsapp images\\New folder\\node_modules\\.bin\\.rimraf.cmd-GCQamyn3',
224 silly reify   'C:\\Users\\syedz\\Downloads\\Whatsapp images\\New folder\\node_modules\\.bin\\rimraf.ps1': 'C:\\Users\\syedz\\Downloads\\Whatsapp images\\New folder\\node_modules\\.bin\\.rimraf.ps1-uJev4hsk',
224 silly reify   'C:\\Users\\syedz\\Downloads\\Whatsapp images\\New folder\\node_modules\\tar': 'C:\\Users\\syedz\\Downloads\\Whatsapp images\\New folder\\node_modules\\.tar-XKxgI80X',
224 silly reify   'C:\\Users\\syedz\\Downloads\\Whatsapp images\\New folder\\node_modules\\xml2js': 'C:\\Users\\syedz\\Downloads\\Whatsapp images\\New folder\\node_modules\\.xml2js-82OmSBky',
224 silly reify   'C:\\Users\\syedz\\Downloads\\Whatsapp images\\New folder\\node_modules\\yallist': 'C:\\Users\\syedz\\Downloads\\Whatsapp images\\New folder\\node_modules\\.yallist-HbHTJAmF'
224 silly reify }
225 silly audit bulk request {
225 silly audit   '@alloc/quick-lru': [ '5.2.0' ],
225 silly audit   commander: [ '4.1.1', '12.1.0' ],
225 silly audit   '@capacitor/core': [ '8.5.0' ],
225 silly audit   '@capacitor/ios': [ '8.5.0' ],
225 silly audit   '@emnapi/runtime': [ '1.11.3' ],
225 silly audit   '@img/colour': [ '1.1.0' ],
225 silly audit   '@img/sharp-darwin-arm64': [ '0.35.4' ],
225 silly audit   '@img/sharp-darwin-x64': [ '0.35.4' ],
225 silly audit   '@img/sharp-freebsd-wasm32': [ '0.35.4' ],
225 silly audit   '@img/sharp-libvips-darwin-arm64': [ '1.3.3' ],
225 silly audit   '@img/sharp-libvips-darwin-x64': [ '1.3.3' ],
225 silly audit   '@img/sharp-libvips-linux-arm': [ '1.3.3' ],
225 silly audit   '@img/sharp-libvips-linux-arm64': [ '1.3.3' ],
225 silly audit   '@img/sharp-libvips-linux-ppc64': [ '1.3.3' ],
225 silly audit   '@img/sharp-libvips-linux-riscv64': [ '1.3.3' ],
225 silly audit   '@img/sharp-libvips-linux-s390x': [ '1.3.3' ],
225 silly audit   '@img/sharp-libvips-linux-x64': [ '1.3.3' ],
225 silly audit   '@img/sharp-libvips-linuxmusl-arm64': [ '1.3.3' ],
225 silly audit   '@img/sharp-libvips-linuxmusl-x64': [ '1.3.3' ],
225 silly audit   '@img/sharp-linux-arm': [ '0.35.4' ],
225 silly audit   '@img/sharp-linux-arm64': [ '0.35.4' ],
225 silly audit   '@img/sharp-linux-ppc64': [ '0.35.4' ],
225 silly audit   '@img/sharp-linux-riscv64': [ '0.35.4' ],
225 silly audit   '@img/sharp-linux-s390x': [ '0.35.4' ],
225 silly audit   '@img/sharp-linux-x64': [ '0.35.4' ],
225 silly audit   '@img/sharp-linuxmusl-arm64': [ '0.35.4' ],
225 silly audit   '@img/sharp-linuxmusl-x64': [ '0.35.4' ],
225 silly audit   '@img/sharp-wasm32': [ '0.35.4' ],
225 silly audit   '@img/sharp-webcontainers-wasm32': [ '0.35.4' ],
225 silly audit   '@img/sharp-win32-arm64': [ '0.35.4' ],
225 silly audit   '@img/sharp-win32-ia32': [ '0.35.4' ],
225 silly audit   '@img/sharp-win32-x64': [ '0.35.4' ],
225 silly audit   '@ionic/cli-framework-output': [ '2.2.8' ],
225 silly audit   '@ionic/utils-fs': [ '3.1.7' ],
225 silly audit   '@ionic/utils-terminal': [ '2.3.5' ],
225 silly audit   '@jridgewell/gen-mapping': [ '0.3.13' ],
225 silly audit   '@jridgewell/resolve-uri': [ '3.1.2' ],
225 silly audit   '@jridgewell/sourcemap-codec': [ '1.6.0' ],
225 silly audit   '@jridgewell/trace-mapping': [ '0.3.31' ],
225 silly audit   '@next/env': [ '16.3.3' ],
225 silly audit   '@next/swc-darwin-arm64': [ '16.3.3' ],
225 silly audit   '@next/swc-darwin-x64': [ '16.3.3' ],
225 silly audit   '@next/swc-linux-arm64-gnu': [ '16.3.3' ],
225 silly audit   '@next/swc-linux-arm64-musl': [ '16.3.3' ],
225 silly audit   '@next/swc-linux-x64-gnu': [ '16.3.3' ],
225 silly audit   '@next/swc-linux-x64-musl': [ '16.3.3' ],
225 silly audit   '@next/swc-win32-arm64-msvc': [ '16.3.3' ],
225 silly audit   '@next/swc-win32-x64-msvc': [ '16.3.3' ],
225 silly audit   '@nodelib/fs.scandir': [ '2.1.5' ],
225 silly audit   '@nodelib/fs.stat': [ '2.0.5' ],
225 silly audit   '@nodelib/fs.walk': [ '1.2.8' ],
225 silly audit   '@swc/helpers': [ '0.5.23' ],
225 silly audit   '@types/fs-extra': [ '8.1.5' ],
225 silly audit   '@types/node': [ '20.19.43' ],
225 silly audit   '@types/prop-types': [ '15.7.15' ],
225 silly audit   '@types/react': [ '18.3.31' ],
225 silly audit   '@types/react-dom': [ '18.3.7' ],
225 silly audit   '@types/slice-ansi': [ '4.0.0' ],
225 silly audit   '@xmldom/xmldom': [ '0.9.12' ],
225 silly audit   'ansi-regex': [ '5.0.1' ],
225 silly audit   'ansi-styles': [ '4.3.0' ],
225 silly audit   'any-promise': [ '1.3.0' ],
225 silly audit   anymatch: [ '3.1.3' ],
225 silly audit   arg: [ '5.0.2' ],
225 silly audit   'astral-regex': [ '2.0.0' ],
225 silly audit   'at-least-node': [ '1.0.0' ],
225 silly audit   autoprefixer: [ '10.5.4' ],
225 silly audit   'base64-js': [ '1.5.1' ],
225 silly audit   'baseline-browser-mapping': [ '2.11.20' ],
225 silly audit   'big-integer': [ '1.6.52' ],
225 silly audit   'binary-extensions': [ '2.3.0' ],
225 silly audit   'bplist-parser': [ '0.3.2', '0.3.1' ],
225 silly audit   braces: [ '3.0.3' ],
225 silly audit   browserslist: [ '4.28.8' ],
225 silly audit   'buffer-crc32': [ '0.2.13' ],
225 silly audit   'camelcase-css': [ '2.0.1' ],
225 silly audit   'caniuse-lite': [ '1.0.30001810' ],
225 silly audit   'chess.js': [ '1.4.0' ],
225 silly audit   chokidar: [ '3.6.0' ],
225 silly audit   'glob-parent': [ '5.1.2', '6.0.2' ],
225 silly audit   'client-only': [ '0.0.1' ],
225 silly audit   clsx: [ '2.1.1' ],
225 silly audit   'color-convert': [ '2.0.1' ],
225 silly audit   'color-name': [ '1.1.4' ],
225 silly audit   cssesc: [ '3.0.0' ],
225 silly audit   csstype: [ '3.2.3' ],
225 silly audit   debug: [ '4.4.3' ],
225 silly audit   'define-lazy-prop': [ '2.0.0' ],
225 silly audit   'detect-libc': [ '2.1.2' ],
225 silly audit   didyoumean: [ '1.2.2' ],
225 silly audit   dlv: [ '1.1.3' ],
225 silly audit   'electron-to-chromium': [ '1.5.417' ],
225 silly audit   elementtree: [ '0.1.7' ],
225 silly audit   'emoji-regex': [ '8.0.0' ],
225 silly audit   'env-paths': [ '2.2.1' ],
225 silly audit   'es-errors': [ '1.3.0' ],
225 silly audit   escalade: [ '3.2.0' ],
225 silly audit   'fast-glob': [ '3.3.3' ],
225 silly audit   fastq: [ '1.20.3' ],
225 silly audit   'fd-slicer': [ '1.1.0' ],
225 silly audit   'fill-range': [ '7.1.1' ],
225 silly audit   'fraction.js': [ '5.3.4' ],
225 silly audit   'framer-motion': [ '11.18.2' ],
225 silly audit   'fs-extra': [ '9.1.0', '11.4.0' ],
225 silly audit   fsevents: [ '2.3.3' ],
225 silly audit   'function-bind': [ '1.1.2' ],
225 silly audit   'graceful-fs': [ '4.2.11' ],
225 silly audit   hasown: [ '2.0.4' ],
225 silly audit   inherits: [ '2.0.4' ],
225 silly audit   ini: [ '4.1.3' ],
225 silly audit   'is-binary-path': [ '2.1.0' ],
225 silly audit   'is-core-module': [ '2.16.2' ],
225 silly audit   'is-docker': [ '2.2.1' ],
225 silly audit   'is-extglob': [ '2.1.1' ],
225 silly audit   'is-fullwidth-code-point': [ '3.0.0' ],
225 silly audit   'is-glob': [ '4.0.3' ],
225 silly audit   'is-number': [ '7.0.0' ],
225 silly audit   'is-wsl': [ '2.2.0' ],
225 silly audit   jiti: [ '1.21.7' ],
225 silly audit   'js-tokens': [ '4.0.0' ],
225 silly audit   jsonfile: [ '6.2.1' ],
225 silly audit   kleur: [ '4.1.5', '3.0.3' ],
225 silly audit   lilconfig: [ '3.1.3' ],
225 silly audit   'lines-and-columns': [ '1.2.4' ],
225 silly audit   'loose-envify': [ '1.4.0' ],
225 silly audit   'lucide-react': [ '0.460.0' ],
225 silly audit   merge2: [ '1.4.1' ],
225 silly audit   micromatch: [ '4.0.8' ],
225 silly audit   'motion-dom': [ '11.18.1' ],
225 silly audit   'motion-utils': [ '11.18.1' ],
225 silly audit   ms: [ '2.1.3' ],
225 silly audit   mz: [ '2.7.0' ],
225 silly audit   nanoid: [ '3.3.18' ],
225 silly audit   'native-run': [ '2.0.3' ],
225 silly audit   next: [ '16.3.3' ],
225 silly audit   postcss: [ '8.5.23', '8.5.26' ],
225 silly audit   'node-releases': [ '2.0.54' ],
225 silly audit   'normalize-path': [ '3.0.0' ],
225 silly audit   'object-assign': [ '4.1.1' ],
225 silly audit   'object-hash': [ '3.0.0' ],
225 silly audit   open: [ '8.4.2' ],
225 silly audit   'path-parse': [ '1.0.7' ],
225 silly audit   pend: [ '1.2.0' ],
225 silly audit   picocolors: [ '1.1.1' ],
225 silly audit   picomatch: [ '2.3.2', '4.0.7' ],
225 silly audit   pirates: [ '4.0.7' ],
225 silly audit   plist: [ '3.1.1' ],
225 silly audit   'postcss-import': [ '15.1.0' ],
225 silly audit   'postcss-js': [ '4.1.0' ],
225 silly audit   'postcss-load-config': [ '6.0.1' ],
225 silly audit   'postcss-nested': [ '6.2.0' ],
225 silly audit   'postcss-selector-parser': [ '6.1.4' ],
225 silly audit   'postcss-value-parser': [ '4.2.0' ],
225 silly audit   prompts: [ '2.4.2' ],
225 silly audit   'queue-microtask': [ '1.2.3' ],
225 silly audit   react: [ '18.3.1' ],
225 silly audit   'react-dom': [ '18.3.1' ],
225 silly audit   'read-cache': [ '1.0.2' ],
225 silly audit   'readable-stream': [ '3.6.2' ],
225 silly audit   readdirp: [ '3.6.0' ],
225 silly audit   resolve: [ '1.22.12' ],
225 silly audit   reusify: [ '1.1.0' ],
225 silly audit   'run-parallel': [ '1.2.0' ],
225 silly audit   'safe-buffer': [ '5.2.1' ],
225 silly audit   sax: [ '1.1.4' ],
225 silly audit   scheduler: [ '0.23.2' ],
225 silly audit   semver: [ '7.8.5' ],
225 silly audit   sharp: [ '0.35.4' ],
225 silly audit   'signal-exit': [ '3.0.7' ],
225 silly audit   sisteransi: [ '1.0.5' ],
225 silly audit   'slice-ansi': [ '4.0.0' ],
225 silly audit   'source-map-js': [ '1.2.1' ],
225 silly audit   split2: [ '4.2.0' ],
225 silly audit   string_decoder: [ '1.3.0' ],
225 silly audit   'string-width': [ '4.2.3' ],
225 silly audit   'strip-ansi': [ '6.0.1' ],
225 silly audit   'styled-jsx': [ '5.1.6' ],
225 silly audit   sucrase: [ '3.35.1' ],
225 silly audit   'supports-preserve-symlinks-flag': [ '1.0.0' ],
225 silly audit   'tailwind-merge': [ '2.6.1' ],
225 silly audit   tailwindcss: [ '3.4.19' ],
225 silly audit   thenify: [ '3.3.1' ],
225 silly audit   'thenify-all': [ '1.6.0' ],
225 silly audit   through2: [ '4.0.2' ],
225 silly audit   tinyglobby: [ '0.2.17' ],
225 silly audit   fdir: [ '6.5.0' ],
225 silly audit   'to-regex-range': [ '5.0.1' ],
225 silly audit   'ts-interface-checker': [ '0.1.13' ],
225 silly audit   tslib: [ '2.8.1' ],
225 silly audit   typescript: [ '5.9.3' ],
225 silly audit   'undici-types': [ '6.21.0' ],
225 silly audit   universalify: [ '2.0.1' ],
225 silly audit   untildify: [ '4.0.0' ],
225 silly audit   'update-browserslist-db': [ '1.3.2' ],
225 silly audit   'util-deprecate': [ '1.0.2' ],
225 silly audit   'wrap-ansi': [ '7.0.0' ],
225 silly audit   xmlbuilder: [ '15.1.1', '11.0.1' ],
225 silly audit   yauzl: [ '2.10.0' ],
225 silly audit   '@capacitor/cli': [ '8.5.0' ],
225 silly audit   '@ionic/utils-subprocess': [ '3.0.1' ],
225 silly audit   rimraf: [ '6.1.3' ],
225 silly audit   tar: [ '7.5.22' ],
225 silly audit   xcode: [ '3.0.1' ],
225 silly audit   xml2js: [ '0.6.2' ],
225 silly audit   '@ionic/utils-array': [ '2.1.6' ],
225 silly audit   '@ionic/utils-process': [ '2.1.12' ],
225 silly audit   '@ionic/utils-stream': [ '3.1.7' ],
225 silly audit   'cross-spawn': [ '7.0.6' ],
225 silly audit   '@ionic/utils-object': [ '2.1.6' ],
225 silly audit   'tree-kill': [ '1.2.2' ],
225 silly audit   'path-key': [ '3.1.1' ],
225 silly audit   'shebang-command': [ '2.0.0' ],
225 silly audit   which: [ '2.0.2' ],
225 silly audit   glob: [ '13.0.6' ],
225 silly audit   'package-json-from-dist': [ '1.0.1' ],
225 silly audit   minimatch: [ '10.2.6' ],
225 silly audit   minipass: [ '7.1.3' ],
225 silly audit   'path-scurry': [ '2.0.2' ],
225 silly audit   'brace-expansion': [ '5.0.9' ],
225 silly audit   'balanced-match': [ '4.0.4' ],
225 silly audit   'lru-cache': [ '11.5.2' ],
225 silly audit   'shebang-regex': [ '3.0.0' ],
225 silly audit   '@isaacs/fs-minipass': [ '4.0.1' ],
225 silly audit   chownr: [ '3.0.0' ],
225 silly audit   minizlib: [ '3.1.0' ],
225 silly audit   yallist: [ '5.0.0' ],
225 silly audit   isexe: [ '2.0.0' ],
225 silly audit   'simple-plist': [ '1.3.1' ],
225 silly audit   uuid: [ '7.0.3' ],
225 silly audit   'bplist-creator': [ '0.1.0' ],
225 silly audit   'stream-buffers': [ '2.2.0' ]
225 silly audit }
226 verbose reify failed optional dependency C:\Users\syedz\Downloads\Whatsapp images\New folder\node_modules\fsevents
227 silly reify mark deleted [
227 silly reify   'C:\\Users\\syedz\\Downloads\\Whatsapp images\\New folder\\node_modules\\fsevents'
227 silly reify ]
228 verbose reify failed optional dependency C:\Users\syedz\Downloads\Whatsapp images\New folder\node_modules\@next\swc-win32-arm64-msvc
229 silly reify mark deleted [
229 silly reify   'C:\\Users\\syedz\\Downloads\\Whatsapp images\\New folder\\node_modules\\@next\\swc-win32-arm64-msvc'
229 silly reify ]
230 verbose reify failed optional dependency C:\Users\syedz\Downloads\Whatsapp images\New folder\node_modules\@next\swc-linux-x64-musl
231 silly reify mark deleted [
231 silly reify   'C:\\Users\\syedz\\Downloads\\Whatsapp images\\New folder\\node_modules\\@next\\swc-linux-x64-musl'
231 silly reify ]
232 verbose reify failed optional dependency C:\Users\syedz\Downloads\Whatsapp images\New folder\node_modules\@next\swc-linux-x64-gnu
233 silly reify mark deleted [
233 silly reify   'C:\\Users\\syedz\\Downloads\\Whatsapp images\\New folder\\node_modules\\@next\\swc-linux-x64-gnu'
233 silly reify ]
234 verbose reify failed optional dependency C:\Users\syedz\Downloads\Whatsapp images\New folder\node_modules\@next\swc-linux-arm64-musl
235 silly reify mark deleted [
235 silly reify   'C:\\Users\\syedz\\Downloads\\Whatsapp images\\New folder\\node_modules\\@next\\swc-linux-arm64-musl'
235 silly reify ]
236 verbose reify failed optional dependency C:\Users\syedz\Downloads\Whatsapp images\New folder\node_modules\@next\swc-linux-arm64-gnu
237 silly reify mark deleted [
237 silly reify   'C:\\Users\\syedz\\Downloads\\Whatsapp images\\New folder\\node_modules\\@next\\swc-linux-arm64-gnu'
237 silly reify ]
238 verbose reify failed optional dependency C:\Users\syedz\Downloads\Whatsapp images\New folder\node_modules\@next\swc-darwin-x64
239 silly reify mark deleted [
239 silly reify   'C:\\Users\\syedz\\Downloads\\Whatsapp images\\New folder\\node_modules\\@next\\swc-darwin-x64'
239 silly reify ]
240 verbose reify failed optional dependency C:\Users\syedz\Downloads\Whatsapp images\New folder\node_modules\@next\swc-darwin-arm64
241 silly reify mark deleted [
241 silly reify   'C:\\Users\\syedz\\Downloads\\Whatsapp images\\New folder\\node_modules\\@next\\swc-darwin-arm64'
241 silly reify ]
242 verbose reify failed optional dependency C:\Users\syedz\Downloads\Whatsapp images\New folder\node_modules\@img\sharp-win32-ia32
243 silly reify mark deleted [
243 silly reify   'C:\\Users\\syedz\\Downloads\\Whatsapp images\\New folder\\node_modules\\@img\\sharp-win32-ia32'
243 silly reify ]
244 verbose reify failed optional dependency C:\Users\syedz\Downloads\Whatsapp images\New folder\node_modules\@img\sharp-win32-arm64
245 silly reify mark deleted [
245 silly reify   'C:\\Users\\syedz\\Downloads\\Whatsapp images\\New folder\\node_modules\\@img\\sharp-win32-arm64'
245 silly reify ]
246 verbose reify failed optional dependency C:\Users\syedz\Downloads\Whatsapp images\New folder\node_modules\@img\sharp-webcontainers-wasm32
247 silly reify mark deleted [
247 silly reify   'C:\\Users\\syedz\\Downloads\\Whatsapp images\\New folder\\node_modules\\@img\\sharp-webcontainers-wasm32'
247 silly reify ]
248 verbose reify failed optional dependency C:\Users\syedz\Downloads\Whatsapp images\New folder\node_modules\@img\sharp-linuxmusl-x64
249 silly reify mark deleted [
249 silly reify   'C:\\Users\\syedz\\Downloads\\Whatsapp images\\New folder\\node_modules\\@img\\sharp-linuxmusl-x64'
249 silly reify ]
250 verbose reify failed optional dependency C:\Users\syedz\Downloads\Whatsapp images\New folder\node_modules\@img\sharp-linuxmusl-arm64
251 silly reify mark deleted [
251 silly reify   'C:\\Users\\syedz\\Downloads\\Whatsapp images\\New folder\\node_modules\\@img\\sharp-linuxmusl-arm64'
251 silly reify ]
252 verbose reify failed optional dependency C:\Users\syedz\Downloads\Whatsapp images\New folder\node_modules\@img\sharp-linux-x64
253 silly reify mark deleted [
253 silly reify   'C:\\Users\\syedz\\Downloads\\Whatsapp images\\New folder\\node_modules\\@img\\sharp-linux-x64'
253 silly reify ]
254 verbose reify failed optional dependency C:\Users\syedz\Downloads\Whatsapp images\New folder\node_modules\@img\sharp-linux-s390x
255 silly reify mark deleted [
255 silly reify   'C:\\Users\\syedz\\Downloads\\Whatsapp images\\New folder\\node_modules\\@img\\sharp-linux-s390x'
255 silly reify ]
256 verbose reify failed optional dependency C:\Users\syedz\Downloads\Whatsapp images\New folder\node_modules\@img\sharp-linux-riscv64
257 silly reify mark deleted [
257 silly reify   'C:\\Users\\syedz\\Downloads\\Whatsapp images\\New folder\\node_modules\\@img\\sharp-linux-riscv64'
257 silly reify ]
258 verbose reify failed optional dependency C:\Users\syedz\Downloads\Whatsapp images\New folder\node_modules\@img\sharp-linux-ppc64
259 silly reify mark deleted [
259 silly reify   'C:\\Users\\syedz\\Downloads\\Whatsapp images\\New folder\\node_modules\\@img\\sharp-linux-ppc64'
259 silly reify ]
260 verbose reify failed optional dependency C:\Users\syedz\Downloads\Whatsapp images\New folder\node_modules\@img\sharp-linux-arm64
261 silly reify mark deleted [
261 silly reify   'C:\\Users\\syedz\\Downloads\\Whatsapp images\\New folder\\node_modules\\@img\\sharp-linux-arm64'
261 silly reify ]
262 verbose reify failed optional dependency C:\Users\syedz\Downloads\Whatsapp images\New folder\node_modules\@img\sharp-linux-arm
263 silly reify mark deleted [
263 silly reify   'C:\\Users\\syedz\\Downloads\\Whatsapp images\\New folder\\node_modules\\@img\\sharp-linux-arm'
263 silly reify ]
264 verbose reify failed optional dependency C:\Users\syedz\Downloads\Whatsapp images\New folder\node_modules\@img\sharp-libvips-linuxmusl-x64
265 silly reify mark deleted [
265 silly reify   'C:\\Users\\syedz\\Downloads\\Whatsapp images\\New folder\\node_modules\\@img\\sharp-libvips-linuxmusl-x64'
265 silly reify ]
266 verbose reify failed optional dependency C:\Users\syedz\Downloads\Whatsapp images\New folder\node_modules\@img\sharp-libvips-linuxmusl-arm64
267 silly reify mark deleted [
267 silly reify   'C:\\Users\\syedz\\Downloads\\Whatsapp images\\New folder\\node_modules\\@img\\sharp-libvips-linuxmusl-arm64'
267 silly reify ]
268 verbose reify failed optional dependency C:\Users\syedz\Downloads\Whatsapp images\New folder\node_modules\@img\sharp-libvips-linux-x64
269 silly reify mark deleted [
269 silly reify   'C:\\Users\\syedz\\Downloads\\Whatsapp images\\New folder\\node_modules\\@img\\sharp-libvips-linux-x64'
269 silly reify ]
270 verbose reify failed optional dependency C:\Users\syedz\Downloads\Whatsapp images\New folder\node_modules\@img\sharp-libvips-linux-s390x
271 silly reify mark deleted [
271 silly reify   'C:\\Users\\syedz\\Downloads\\Whatsapp images\\New folder\\node_modules\\@img\\sharp-libvips-linux-s390x'
271 silly reify ]
272 verbose reify failed optional dependency C:\Users\syedz\Downloads\Whatsapp images\New folder\node_modules\@img\sharp-libvips-linux-riscv64
273 silly reify mark deleted [
273 silly reify   'C:\\Users\\syedz\\Downloads\\Whatsapp images\\New folder\\node_modules\\@img\\sharp-libvips-linux-riscv64'
273 silly reify ]
274 verbose reify failed optional dependency C:\Users\syedz\Downloads\Whatsapp images\New folder\node_modules\@img\sharp-libvips-linux-ppc64
275 silly reify mark deleted [
275 silly reify   'C:\\Users\\syedz\\Downloads\\Whatsapp images\\New folder\\node_modules\\@img\\sharp-libvips-linux-ppc64'
275 silly reify ]
276 verbose reify failed optional dependency C:\Users\syedz\Downloads\Whatsapp images\New folder\node_modules\@img\sharp-libvips-linux-arm64
277 silly reify mark deleted [
277 silly reify   'C:\\Users\\syedz\\Downloads\\Whatsapp images\\New folder\\node_modules\\@img\\sharp-libvips-linux-arm64'
277 silly reify ]
278 verbose reify failed optional dependency C:\Users\syedz\Downloads\Whatsapp images\New folder\node_modules\@img\sharp-libvips-linux-arm
279 silly reify mark deleted [
279 silly reify   'C:\\Users\\syedz\\Downloads\\Whatsapp images\\New folder\\node_modules\\@img\\sharp-libvips-linux-arm'
279 silly reify ]
280 verbose reify failed optional dependency C:\Users\syedz\Downloads\Whatsapp images\New folder\node_modules\@img\sharp-libvips-darwin-x64
281 silly reify mark deleted [
281 silly reify   'C:\\Users\\syedz\\Downloads\\Whatsapp images\\New folder\\node_modules\\@img\\sharp-libvips-darwin-x64'
281 silly reify ]
282 verbose reify failed optional dependency C:\Users\syedz\Downloads\Whatsapp images\New folder\node_modules\@img\sharp-libvips-darwin-arm64
283 silly reify mark deleted [
283 silly reify   'C:\\Users\\syedz\\Downloads\\Whatsapp images\\New folder\\node_modules\\@img\\sharp-libvips-darwin-arm64'
283 silly reify ]
284 verbose reify failed optional dependency C:\Users\syedz\Downloads\Whatsapp images\New folder\node_modules\@img\sharp-freebsd-wasm32
285 silly reify mark deleted [
285 silly reify   'C:\\Users\\syedz\\Downloads\\Whatsapp images\\New folder\\node_modules\\@img\\sharp-freebsd-wasm32'
285 silly reify ]
286 verbose reify failed optional dependency C:\Users\syedz\Downloads\Whatsapp images\New folder\node_modules\@img\sharp-darwin-x64
287 silly reify mark deleted [
287 silly reify   'C:\\Users\\syedz\\Downloads\\Whatsapp images\\New folder\\node_modules\\@img\\sharp-darwin-x64'
287 silly reify ]
288 verbose reify failed optional dependency C:\Users\syedz\Downloads\Whatsapp images\New folder\node_modules\@img\sharp-darwin-arm64
289 silly reify mark deleted [
289 silly reify   'C:\\Users\\syedz\\Downloads\\Whatsapp images\\New folder\\node_modules\\@img\\sharp-darwin-arm64'
289 silly reify ]
290 http cache tar@https://registry.npmjs.org/tar/-/tar-7.5.22.tgz 0ms (cache hit)
291 http cache path-scurry@https://registry.npmjs.org/path-scurry/-/path-scurry-2.0.2.tgz 0ms (cache hit)
292 http cache minizlib@https://registry.npmjs.org/minizlib/-/minizlib-3.1.0.tgz 0ms (cache hit)
293 http cache @ionic/utils-subprocess@https://registry.npmjs.org/@ionic/utils-subprocess/-/utils-subprocess-3.0.1.tgz 0ms (cache hit)
294 http cache @ionic/utils-process@https://registry.npmjs.org/@ionic/utils-process/-/utils-process-2.1.12.tgz 0ms (cache hit)
295 http cache stream-buffers@https://registry.npmjs.org/stream-buffers/-/stream-buffers-2.2.0.tgz 0ms (cache hit)
296 http cache bplist-creator@https://registry.npmjs.org/bplist-creator/-/bplist-creator-0.1.0.tgz 0ms (cache hit)
297 http cache @isaacs/fs-minipass@https://registry.npmjs.org/@isaacs/fs-minipass/-/fs-minipass-4.0.1.tgz 0ms (cache hit)
298 http cache uuid@https://registry.npmjs.org/uuid/-/uuid-7.0.3.tgz 0ms (cache hit)
299 http cache simple-plist@https://registry.npmjs.org/simple-plist/-/simple-plist-1.3.1.tgz 1ms (cache hit)
300 http cache package-json-from-dist@https://registry.npmjs.org/package-json-from-dist/-/package-json-from-dist-1.0.1.tgz 0ms (cache hit)
301 http cache yallist@https://registry.npmjs.org/yallist/-/yallist-5.0.0.tgz 0ms (cache hit)
302 http cache xcode@https://registry.npmjs.org/xcode/-/xcode-3.0.1.tgz 0ms (cache hit)
303 http cache xml2js@https://registry.npmjs.org/xml2js/-/xml2js-0.6.2.tgz 0ms (cache hit)
304 http cache rimraf@https://registry.npmjs.org/rimraf/-/rimraf-6.1.3.tgz 0ms (cache hit)
305 silly tarball no local data for tar@https://registry.npmjs.org/tar/-/tar-7.5.22.tgz. Extracting by manifest.
306 http cache minimatch@https://registry.npmjs.org/minimatch/-/minimatch-10.2.6.tgz 0ms (cache hit)
307 http cache minipass@https://registry.npmjs.org/minipass/-/minipass-7.1.3.tgz 0ms (cache hit)
308 http cache lru-cache@https://registry.npmjs.org/lru-cache/-/lru-cache-11.5.2.tgz 0ms (cache hit)
309 silly tarball no local data for path-scurry@https://registry.npmjs.org/path-scurry/-/path-scurry-2.0.2.tgz. Extracting by manifest.
310 silly tarball no local data for minizlib@https://registry.npmjs.org/minizlib/-/minizlib-3.1.0.tgz. Extracting by manifest.
311 http cache chownr@https://registry.npmjs.org/chownr/-/chownr-3.0.0.tgz 0ms (cache hit)
312 http cache brace-expansion@https://registry.npmjs.org/brace-expansion/-/brace-expansion-5.0.9.tgz 0ms (cache hit)
313 http cache glob@https://registry.npmjs.org/glob/-/glob-13.0.6.tgz 0ms (cache hit)
314 silly tarball no local data for @ionic/utils-subprocess@https://registry.npmjs.org/@ionic/utils-subprocess/-/utils-subprocess-3.0.1.tgz. Extracting by manifest.
315 http cache balanced-match@https://registry.npmjs.org/balanced-match/-/balanced-match-4.0.4.tgz 0ms (cache hit)
316 http cache @ionic/utils-stream@https://registry.npmjs.org/@ionic/utils-stream/-/utils-stream-3.1.7.tgz 0ms (cache hit)
317 http cache @ionic/utils-object@https://registry.npmjs.org/@ionic/utils-object/-/utils-object-2.1.6.tgz 0ms (cache hit)
318 http cache @capacitor/cli@https://registry.npmjs.org/@capacitor/cli/-/cli-8.5.0.tgz 0ms (cache hit)
319 silly tarball no local data for @ionic/utils-process@https://registry.npmjs.org/@ionic/utils-process/-/utils-process-2.1.12.tgz. Extracting by manifest.
320 http cache @ionic/utils-array@https://registry.npmjs.org/@ionic/utils-array/-/utils-array-2.1.6.tgz 0ms (cache hit)
321 silly tarball no local data for stream-buffers@https://registry.npmjs.org/stream-buffers/-/stream-buffers-2.2.0.tgz. Extracting by manifest.
322 silly tarball no local data for bplist-creator@https://registry.npmjs.org/bplist-creator/-/bplist-creator-0.1.0.tgz. Extracting by manifest.
323 silly tarball no local data for @isaacs/fs-minipass@https://registry.npmjs.org/@isaacs/fs-minipass/-/fs-minipass-4.0.1.tgz. Extracting by manifest.
324 silly tarball no local data for uuid@https://registry.npmjs.org/uuid/-/uuid-7.0.3.tgz. Extracting by manifest.
325 http cache bplist-parser@https://registry.npmjs.org/bplist-parser/-/bplist-parser-0.3.1.tgz 0ms (cache hit)
326 silly tarball no local data for simple-plist@https://registry.npmjs.org/simple-plist/-/simple-plist-1.3.1.tgz. Extracting by manifest.
327 silly tarball no local data for package-json-from-dist@https://registry.npmjs.org/package-json-from-dist/-/package-json-from-dist-1.0.1.tgz. Extracting by manifest.
328 silly tarball no local data for yallist@https://registry.npmjs.org/yallist/-/yallist-5.0.0.tgz. Extracting by manifest.
329 silly tarball no local data for xcode@https://registry.npmjs.org/xcode/-/xcode-3.0.1.tgz. Extracting by manifest.
330 silly tarball no local data for xml2js@https://registry.npmjs.org/xml2js/-/xml2js-0.6.2.tgz. Extracting by manifest.
331 silly tarball no local data for rimraf@https://registry.npmjs.org/rimraf/-/rimraf-6.1.3.tgz. Extracting by manifest.
332 http cache fs-extra@https://registry.npmjs.org/fs-extra/-/fs-extra-11.4.0.tgz 0ms (cache hit)
333 http cache commander@https://registry.npmjs.org/commander/-/commander-12.1.0.tgz 0ms (cache hit)
334 silly tarball no local data for minimatch@https://registry.npmjs.org/minimatch/-/minimatch-10.2.6.tgz. Extracting by manifest.
335 silly tarball no local data for lru-cache@https://registry.npmjs.org/lru-cache/-/lru-cache-11.5.2.tgz. Extracting by manifest.
336 silly tarball no local data for chownr@https://registry.npmjs.org/chownr/-/chownr-3.0.0.tgz. Extracting by manifest.
337 silly tarball no local data for brace-expansion@https://registry.npmjs.org/brace-expansion/-/brace-expansion-5.0.9.tgz. Extracting by manifest.
338 silly tarball no local data for glob@https://registry.npmjs.org/glob/-/glob-13.0.6.tgz. Extracting by manifest.
339 silly tarball no local data for balanced-match@https://registry.npmjs.org/balanced-match/-/balanced-match-4.0.4.tgz. Extracting by manifest.
340 silly tarball no local data for @ionic/utils-stream@https://registry.npmjs.org/@ionic/utils-stream/-/utils-stream-3.1.7.tgz. Extracting by manifest.
341 silly tarball no local data for @ionic/utils-object@https://registry.npmjs.org/@ionic/utils-object/-/utils-object-2.1.6.tgz. Extracting by manifest.
342 silly tarball no local data for @capacitor/cli@https://registry.npmjs.org/@capacitor/cli/-/cli-8.5.0.tgz. Extracting by manifest.
343 silly tarball no local data for @ionic/utils-array@https://registry.npmjs.org/@ionic/utils-array/-/utils-array-2.1.6.tgz. Extracting by manifest.
344 silly tarball no local data for bplist-parser@https://registry.npmjs.org/bplist-parser/-/bplist-parser-0.3.1.tgz. Extracting by manifest.
345 silly tarball no local data for fs-extra@https://registry.npmjs.org/fs-extra/-/fs-extra-11.4.0.tgz. Extracting by manifest.
346 silly tarball no local data for commander@https://registry.npmjs.org/commander/-/commander-12.1.0.tgz. Extracting by manifest.
347 http fetch POST 200 https://registry.npmjs.org/-/npm/v1/security/advisories/bulk 294ms
348 silly audit report {
348 silly audit report   uuid: [
348 silly audit report     {
348 silly audit report       id: 1119441,
348 silly audit report       url: 'https://github.com/advisories/GHSA-w5hq-g745-h8pq',
348 silly audit report       title: 'uuid: Missing buffer bounds check in v3/v5/v6 when buf is provided',
348 silly audit report       severity: 'moderate',
348 silly audit report       vulnerable_versions: '<11.1.1',
348 silly audit report       cwe: [Array],
348 silly audit report       cvss: [Object]
348 silly audit report     }
348 silly audit report   ]
348 silly audit report }
349 silly packumentCache corgi:https://registry.npmjs.org/uuid cache-miss
350 http fetch GET 200 https://registry.npmjs.org/bplist-parser/-/bplist-parser-0.3.1.tgz 322ms (cache miss)
351 http fetch GET 200 https://registry.npmjs.org/simple-plist/-/simple-plist-1.3.1.tgz 380ms (cache miss)
352 http fetch GET 200 https://registry.npmjs.org/package-json-from-dist/-/package-json-from-dist-1.0.1.tgz 384ms (cache miss)
353 http fetch GET 200 https://registry.npmjs.org/chownr/-/chownr-3.0.0.tgz 386ms (cache miss)
354 http fetch GET 200 https://registry.npmjs.org/brace-expansion/-/brace-expansion-5.0.9.tgz 389ms (cache miss)
355 http fetch GET 200 https://registry.npmjs.org/yallist/-/yallist-5.0.0.tgz 395ms (cache miss)
356 http fetch GET 200 https://registry.npmjs.org/bplist-creator/-/bplist-creator-0.1.0.tgz 400ms (cache miss)
357 http fetch GET 200 https://registry.npmjs.org/balanced-match/-/balanced-match-4.0.4.tgz 393ms (cache miss)
358 http fetch GET 200 https://registry.npmjs.org/minizlib/-/minizlib-3.1.0.tgz 418ms (cache miss)
359 http fetch GET 200 https://registry.npmjs.org/path-scurry/-/path-scurry-2.0.2.tgz 421ms (cache miss)
360 http fetch GET 200 https://registry.npmjs.org/uuid 166ms (cache miss)
361 silly packumentCache corgi:https://registry.npmjs.org/uuid set size:undefined disposed:false
362 http fetch GET 200 https://registry.npmjs.org/xcode/-/xcode-3.0.1.tgz 458ms (cache miss)
363 http fetch GET 200 https://registry.npmjs.org/stream-buffers/-/stream-buffers-2.2.0.tgz 467ms (cache miss)
364 silly packumentCache corgi:https://registry.npmjs.org/xcode cache-miss
365 http fetch GET 200 https://registry.npmjs.org/commander/-/commander-12.1.0.tgz 467ms (cache miss)
366 http fetch GET 200 https://registry.npmjs.org/@isaacs/fs-minipass/-/fs-minipass-4.0.1.tgz 584ms (cache miss)
367 http fetch GET 200 https://registry.npmjs.org/fs-extra/-/fs-extra-11.4.0.tgz 582ms (cache miss)
368 http fetch GET 200 https://registry.npmjs.org/@ionic/utils-process/-/utils-process-2.1.12.tgz 615ms (cache miss)
369 http fetch GET 200 https://registry.npmjs.org/@ionic/utils-subprocess/-/utils-subprocess-3.0.1.tgz 641ms (cache miss)
370 http fetch GET 200 https://registry.npmjs.org/@ionic/utils-stream/-/utils-stream-3.1.7.tgz 678ms (cache miss)
371 http fetch GET 200 https://registry.npmjs.org/@ionic/utils-array/-/utils-array-2.1.6.tgz 731ms (cache miss)
372 http fetch GET 200 https://registry.npmjs.org/uuid/-/uuid-7.0.3.tgz 759ms (cache miss)
373 warn deprecated uuid@7.0.3: uuid@10 and below is no longer supported.  For ESM codebases, update to uuid@latest.  For CommonJS codebases, use uuid@11 (but be aware this version will likely be deprecated in 2028).
374 http fetch GET 200 https://registry.npmjs.org/minimatch/-/minimatch-10.2.6.tgz 796ms (cache miss)
375 http fetch GET 200 https://registry.npmjs.org/@ionic/utils-object/-/utils-object-2.1.6.tgz 803ms (cache miss)
376 http fetch GET 200 https://registry.npmjs.org/xml2js/-/xml2js-0.6.2.tgz 869ms (cache miss)
377 http fetch GET 200 https://registry.npmjs.org/glob/-/glob-13.0.6.tgz 1062ms (cache miss)
378 http fetch GET 200 https://registry.npmjs.org/xcode 633ms (cache miss)
379 silly packumentCache corgi:https://registry.npmjs.org/xcode set size:undefined disposed:false
380 silly packumentCache corgi:https://registry.npmjs.org/@capacitor%2fcli cache-miss
381 http cache https://registry.npmjs.org/@capacitor%2fcli 31ms (cache hit)
382 silly packumentCache corgi:https://registry.npmjs.org/@capacitor%2fcli set size:2462545 disposed:false
383 http fetch GET 200 https://registry.npmjs.org/rimraf/-/rimraf-6.1.3.tgz 1610ms (cache miss)
384 http fetch GET 200 https://registry.npmjs.org/@capacitor/cli/-/cli-8.5.0.tgz 1615ms (cache miss)
385 http fetch GET 200 https://registry.npmjs.org/lru-cache/-/lru-cache-11.5.2.tgz 1622ms (cache miss)
386 http fetch GET 200 https://registry.npmjs.org/tar/-/tar-7.5.22.tgz 1807ms (cache miss)
387 silly ADD node_modules/stream-buffers
388 silly ADD node_modules/bplist-creator
389 silly ADD node_modules/uuid
390 silly ADD node_modules/simple-plist
391 silly ADD node_modules/simple-plist/node_modules/bplist-parser
392 silly ADD node_modules/@isaacs/fs-minipass
393 silly ADD node_modules/package-json-from-dist
394 silly ADD node_modules/xcode
395 silly ADD
396 silly ADD
397 silly ADD
398 silly ADD
399 silly ADD
400 silly ADD
401 silly ADD
402 silly ADD
403 silly ADD
404 silly ADD
405 silly ADD
406 silly ADD
407 silly ADD
408 silly ADD
409 silly ADD
410 silly ADD
411 silly ADD
412 silly ADD
413 silly ADD
414 silly ADD
415 silly ADD
416 silly ADD
417 silly ADD
418 silly ADD
419 silly ADD
420 silly ADD
421 silly ADD
422 silly ADD
423 silly ADD
424 silly ADD
425 silly ADD
426 silly ADD
427 silly CHANGE node_modules/yallist
428 silly CHANGE node_modules/xml2js
429 silly CHANGE node_modules/tar
430 silly REMOVE node_modules/tar/node_modules/minipass
431 silly CHANGE node_modules/rimraf
432 silly CHANGE node_modules/path-scurry
433 silly REMOVE node_modules/path-scurry/node_modules/minipass
434 silly REMOVE node_modules/mkdirp
435 silly CHANGE node_modules/minizlib
436 silly REMOVE node_modules/minizlib/node_modules/minipass
437 silly CHANGE node_modules/minipass
438 silly CHANGE node_modules/minimatch
439 silly CHANGE node_modules/lru-cache
440 silly CHANGE node_modules/glob
441 silly REMOVE node_modules/fs.realpath
442 silly REMOVE node_modules/fs-minipass
443 silly REMOVE node_modules/fs-minipass/node_modules/minipass
444 silly CHANGE node_modules/chownr
445 silly CHANGE node_modules/brace-expansion
446 silly CHANGE node_modules/balanced-match
447 silly CHANGE node_modules/@ionic/utils-subprocess
448 silly REMOVE node_modules/@ionic/utils-subprocess/node_modules/@ionic/utils-terminal
449 silly REMOVE node_modules/@ionic/utils-subprocess/node_modules/@ionic/utils-fs
450 silly CHANGE node_modules/@ionic/utils-stream
451 silly CHANGE node_modules/@ionic/utils-process
452 silly REMOVE node_modules/@ionic/utils-process/node_modules/@ionic/utils-terminal
453 silly CHANGE node_modules/@ionic/utils-object
454 silly CHANGE node_modules/@ionic/utils-array
455 silly CHANGE node_modules/@capacitor/cli
456 silly ADD node_modules/@capacitor/cli/node_modules/fs-extra
457 silly CHANGE node_modules/@capacitor/cli/node_modules/commander
458 verbose cwd C:\Users\syedz\Downloads\Whatsapp images\New folder
459 verbose os Windows_NT 10.0.26200
460 verbose node v22.16.0
461 verbose npm  v10.9.2
462 verbose exit 0
463 info ok
