0 verbose cli C:\Program Files\nodejs\node.exe C:\Program Files\nodejs\node_modules\npm\bin\npm-cli.js
1 info using npm@10.9.2
2 info using node@v22.16.0
3 silly config load:file:C:\Program Files\nodejs\node_modules\npm\npmrc
4 silly config load:file:C:\Users\syedz\Downloads\Whatsapp images\New folder\.npmrc
5 silly config load:file:C:\Users\syedz\.npmrc
6 silly config load:file:C:\Users\syedz\AppData\Roaming\npm\etc\npmrc
7 verbose title npm install next@16.3.3
8 verbose argv "install" "--save-exact" "next@16.3.3"
9 verbose logfile logs-max:10 dir:C:\Users\syedz\Downloads\Whatsapp images\New folder\.npm-cache\_logs\2026-08-31T16_36_09_120Z-
10 verbose logfile C:\Users\syedz\Downloads\Whatsapp images\New folder\.npm-cache\_logs\2026-08-31T16_36_09_120Z-debug-0.log
11 silly logfile done cleaning log files
12 silly packumentCache heap:4345298944 maxSize:1086324736 maxEntrySize:543162368
13 silly idealTree buildDeps
14 silly fetch manifest next@16.3.3
15 silly packumentCache full:https://registry.npmjs.org/next cache-miss
16 http cache https://registry.npmjs.org/next 145ms (cache hit)
17 silly packumentCache full:https://registry.npmjs.org/next set size:31178067 disposed:false
18 silly fetch manifest @opentelemetry/api@^1.1.0
19 silly packumentCache full:https://registry.npmjs.org/@opentelemetry%2fapi cache-miss
20 http cache https://registry.npmjs.org/@opentelemetry%2fapi 18ms (cache hit)
21 silly packumentCache full:https://registry.npmjs.org/@opentelemetry%2fapi set size:272967 disposed:false
22 silly fetch manifest @playwright/test@^1.51.1
23 silly packumentCache full:https://registry.npmjs.org/@playwright%2ftest cache-miss
24 http cache https://registry.npmjs.org/@playwright%2ftest 21ms (cache hit)
25 silly packumentCache full:https://registry.npmjs.org/@playwright%2ftest set size:9469263 disposed:false
26 silly fetch manifest babel-plugin-react-compiler@*
27 silly packumentCache full:https://registry.npmjs.org/babel-plugin-react-compiler cache-miss
28 http cache https://registry.npmjs.org/babel-plugin-react-compiler 12ms (cache hit)
29 silly packumentCache full:https://registry.npmjs.org/babel-plugin-react-compiler set size:1356999 disposed:false
30 silly fetch manifest react@^18.3.1
31 silly packumentCache full:https://registry.npmjs.org/react cache-miss
32 http cache https://registry.npmjs.org/react 28ms (cache hit)
33 silly packumentCache full:https://registry.npmjs.org/react set size:6931815 disposed:false
34 silly fetch manifest react-dom@^18.3.1
35 silly packumentCache full:https://registry.npmjs.org/react-dom cache-miss
36 http cache https://registry.npmjs.org/react-dom 41ms (cache hit)
37 silly packumentCache full:https://registry.npmjs.org/react-dom set size:9321468 disposed:false
38 silly fetch manifest sass@^1.3.0
39 silly packumentCache full:https://registry.npmjs.org/sass cache-miss
40 http cache https://registry.npmjs.org/sass 18ms (cache hit)
41 silly packumentCache full:https://registry.npmjs.org/sass set size:747752 disposed:false
42 silly placeDep ROOT next@16.3.3 REPLACE for: bambinos-unbox-chess@1.0.0 want: 16.3.3
43 silly fetch manifest postcss@8.5.23
44 silly packumentCache full:https://registry.npmjs.org/postcss cache-miss
45 silly fetch manifest @next/env@16.3.3
46 silly packumentCache full:https://registry.npmjs.org/@next%2fenv cache-miss
47 silly fetch manifest @swc/helpers@0.5.23
48 silly packumentCache full:https://registry.npmjs.org/@swc%2fhelpers cache-miss
49 silly fetch manifest @next/swc-darwin-x64@16.3.3
50 silly packumentCache full:https://registry.npmjs.org/@next%2fswc-darwin-x64 cache-miss
51 silly fetch manifest @next/swc-darwin-arm64@16.3.3
52 silly packumentCache full:https://registry.npmjs.org/@next%2fswc-darwin-arm64 cache-miss
53 silly fetch manifest @next/swc-linux-x64-gnu@16.3.3
54 silly packumentCache full:https://registry.npmjs.org/@next%2fswc-linux-x64-gnu cache-miss
55 silly fetch manifest @next/swc-linux-x64-musl@16.3.3
56 silly packumentCache full:https://registry.npmjs.org/@next%2fswc-linux-x64-musl cache-miss
57 http cache https://registry.npmjs.org/@swc%2fhelpers 86ms (cache hit)
58 silly packumentCache full:https://registry.npmjs.org/@swc%2fhelpers set size:775458 disposed:false
59 silly fetch manifest @next/swc-win32-x64-msvc@16.3.3
60 silly packumentCache full:https://registry.npmjs.org/@next%2fswc-win32-x64-msvc cache-miss
61 http cache https://registry.npmjs.org/@next%2fenv 111ms (cache hit)
62 silly packumentCache full:https://registry.npmjs.org/@next%2fenv set size:7621579 disposed:false
63 silly fetch manifest @next/swc-linux-arm64-gnu@16.3.3
64 silly packumentCache full:https://registry.npmjs.org/@next%2fswc-linux-arm64-gnu cache-miss
65 http cache https://registry.npmjs.org/@next%2fswc-darwin-x64 158ms (cache hit)
66 silly packumentCache full:https://registry.npmjs.org/@next%2fswc-darwin-x64 set size:5515263 disposed:false
67 silly fetch manifest @next/swc-linux-arm64-musl@16.3.3
68 silly packumentCache full:https://registry.npmjs.org/@next%2fswc-linux-arm64-musl cache-miss
69 http cache https://registry.npmjs.org/@next%2fswc-darwin-arm64 208ms (cache hit)
70 silly packumentCache full:https://registry.npmjs.org/@next%2fswc-darwin-arm64 set size:5575340 disposed:false
71 silly fetch manifest @next/swc-win32-arm64-msvc@16.3.3
72 silly packumentCache full:https://registry.npmjs.org/@next%2fswc-win32-arm64-msvc cache-miss
73 http cache https://registry.npmjs.org/@next%2fswc-linux-x64-musl 252ms (cache hit)
74 silly packumentCache full:https://registry.npmjs.org/@next%2fswc-linux-x64-musl set size:5384292 disposed:false
75 http cache https://registry.npmjs.org/@next%2fswc-linux-x64-gnu 314ms (cache hit)
76 silly packumentCache full:https://registry.npmjs.org/@next%2fswc-linux-x64-gnu set size:5628641 disposed:false
77 http cache https://registry.npmjs.org/@next%2fswc-linux-arm64-musl 181ms (cache hit)
78 silly packumentCache full:https://registry.npmjs.org/@next%2fswc-linux-arm64-musl set size:5452870 disposed:false
79 http cache https://registry.npmjs.org/@next%2fswc-win32-x64-msvc 316ms (cache hit)
80 silly packumentCache full:https://registry.npmjs.org/@next%2fswc-win32-x64-msvc set size:5599305 disposed:false
81 http cache https://registry.npmjs.org/@next%2fswc-linux-arm64-gnu 310ms (cache hit)
82 silly packumentCache full:https://registry.npmjs.org/@next%2fswc-linux-arm64-gnu set size:5433431 disposed:false
83 http cache https://registry.npmjs.org/@next%2fswc-win32-arm64-msvc 267ms (cache hit)
84 silly packumentCache full:https://registry.npmjs.org/@next%2fswc-win32-arm64-msvc set size:5414614 disposed:false
85 http fetch GET 200 https://registry.npmjs.org/postcss 600ms (cache miss)
86 silly packumentCache full:https://registry.npmjs.org/postcss set size:undefined disposed:false
87 silly placeDep ROOT @next/env@16.3.3 OK for: next@16.3.3 want: 16.3.3
88 silly placeDep ROOT @next/swc-darwin-arm64@16.3.3 OK for: next@16.3.3 want: 16.3.3
89 silly placeDep ROOT @next/swc-darwin-x64@16.3.3 OK for: next@16.3.3 want: 16.3.3
90 silly placeDep ROOT @next/swc-linux-arm64-gnu@16.3.3 OK for: next@16.3.3 want: 16.3.3
91 silly placeDep ROOT @next/swc-linux-arm64-musl@16.3.3 OK for: next@16.3.3 want: 16.3.3
92 silly placeDep ROOT @next/swc-linux-x64-gnu@16.3.3 OK for: next@16.3.3 want: 16.3.3
93 silly placeDep ROOT @next/swc-linux-x64-musl@16.3.3 OK for: next@16.3.3 want: 16.3.3
94 silly placeDep ROOT @next/swc-win32-arm64-msvc@16.3.3 OK for: next@16.3.3 want: 16.3.3
95 silly placeDep ROOT @next/swc-win32-x64-msvc@16.3.3 OK for: next@16.3.3 want: 16.3.3
96 silly placeDep ROOT @swc/helpers@0.5.23 OK for: next@16.3.3 want: 0.5.23
97 silly placeDep node_modules/next postcss@8.5.23 OK for: next@16.3.3 want: 8.5.23
98 silly reify mark retired [
98 silly reify   'C:\\Users\\syedz\\Downloads\\Whatsapp images\\New folder\\node_modules\\@next\\env'
98 silly reify ]
99 silly reify mark retired [
99 silly reify   'C:\\Users\\syedz\\Downloads\\Whatsapp images\\New folder\\node_modules\\@next\\swc-win32-x64-msvc'
99 silly reify ]
100 silly reify mark retired [
100 silly reify   'C:\\Users\\syedz\\Downloads\\Whatsapp images\\New folder\\node_modules\\@swc\\helpers'
100 silly reify ]
101 silly reify mark retired [
101 silly reify   'C:\\Users\\syedz\\Downloads\\Whatsapp images\\New folder\\node_modules\\next',
101 silly reify   'C:\\Users\\syedz\\Downloads\\Whatsapp images\\New folder\\node_modules\\.bin\\next',
101 silly reify   'C:\\Users\\syedz\\Downloads\\Whatsapp images\\New folder\\node_modules\\.bin\\next.cmd',
101 silly reify   'C:\\Users\\syedz\\Downloads\\Whatsapp images\\New folder\\node_modules\\.bin\\next.ps1'
101 silly reify ]
102 silly reify moves {
102 silly reify   'C:\\Users\\syedz\\Downloads\\Whatsapp images\\New folder\\node_modules\\@next\\env': 'C:\\Users\\syedz\\Downloads\\Whatsapp images\\New folder\\node_modules\\@next\\.env-yJTAqBfo',
102 silly reify   'C:\\Users\\syedz\\Downloads\\Whatsapp images\\New folder\\node_modules\\@next\\swc-win32-x64-msvc': 'C:\\Users\\syedz\\Downloads\\Whatsapp images\\New folder\\node_modules\\@next\\.swc-win32-x64-msvc-xVgIBMLf',
102 silly reify   'C:\\Users\\syedz\\Downloads\\Whatsapp images\\New folder\\node_modules\\@swc\\helpers': 'C:\\Users\\syedz\\Downloads\\Whatsapp images\\New folder\\node_modules\\@swc\\.helpers-I4TbhTrK',
102 silly reify   'C:\\Users\\syedz\\Downloads\\Whatsapp images\\New folder\\node_modules\\next': 'C:\\Users\\syedz\\Downloads\\Whatsapp images\\New folder\\node_modules\\.next-Z9aEcMB6',
102 silly reify   'C:\\Users\\syedz\\Downloads\\Whatsapp images\\New folder\\node_modules\\.bin\\next': 'C:\\Users\\syedz\\Downloads\\Whatsapp images\\New folder\\node_modules\\.bin\\.next-RtvcViA1',
102 silly reify   'C:\\Users\\syedz\\Downloads\\Whatsapp images\\New folder\\node_modules\\.bin\\next.cmd': 'C:\\Users\\syedz\\Downloads\\Whatsapp images\\New folder\\node_modules\\.bin\\.next.cmd-hOtJb1ha',
102 silly reify   'C:\\Users\\syedz\\Downloads\\Whatsapp images\\New folder\\node_modules\\.bin\\next.ps1': 'C:\\Users\\syedz\\Downloads\\Whatsapp images\\New folder\\node_modules\\.bin\\.next.ps1-c5MN4Y7C'
102 silly reify }
103 silly audit bulk request {
103 silly audit   '@alloc/quick-lru': [ '5.2.0' ],
103 silly audit   '@capacitor/cli': [ '6.2.1' ],
103 silly audit   commander: [ '9.5.0', '4.1.1' ],
103 silly audit   '@capacitor/core': [ '6.2.1' ],
103 silly audit   '@capacitor/ios': [ '6.2.1' ],
103 silly audit   '@emnapi/runtime': [ '1.11.3' ],
103 silly audit   '@img/colour': [ '1.1.0' ],
103 silly audit   '@img/sharp-darwin-arm64': [ '0.35.4' ],
103 silly audit   '@img/sharp-darwin-x64': [ '0.35.4' ],
103 silly audit   '@img/sharp-freebsd-wasm32': [ '0.35.4' ],
103 silly audit   '@img/sharp-libvips-darwin-arm64': [ '1.3.3' ],
103 silly audit   '@img/sharp-libvips-darwin-x64': [ '1.3.3' ],
103 silly audit   '@img/sharp-libvips-linux-arm': [ '1.3.3' ],
103 silly audit   '@img/sharp-libvips-linux-arm64': [ '1.3.3' ],
103 silly audit   '@img/sharp-libvips-linux-ppc64': [ '1.3.3' ],
103 silly audit   '@img/sharp-libvips-linux-riscv64': [ '1.3.3' ],
103 silly audit   '@img/sharp-libvips-linux-s390x': [ '1.3.3' ],
103 silly audit   '@img/sharp-libvips-linux-x64': [ '1.3.3' ],
103 silly audit   '@img/sharp-libvips-linuxmusl-arm64': [ '1.3.3' ],
103 silly audit   '@img/sharp-libvips-linuxmusl-x64': [ '1.3.3' ],
103 silly audit   '@img/sharp-linux-arm': [ '0.35.4' ],
103 silly audit   '@img/sharp-linux-arm64': [ '0.35.4' ],
103 silly audit   '@img/sharp-linux-ppc64': [ '0.35.4' ],
103 silly audit   '@img/sharp-linux-riscv64': [ '0.35.4' ],
103 silly audit   '@img/sharp-linux-s390x': [ '0.35.4' ],
103 silly audit   '@img/sharp-linux-x64': [ '0.35.4' ],
103 silly audit   '@img/sharp-linuxmusl-arm64': [ '0.35.4' ],
103 silly audit   '@img/sharp-linuxmusl-x64': [ '0.35.4' ],
103 silly audit   '@img/sharp-wasm32': [ '0.35.4' ],
103 silly audit   '@img/sharp-webcontainers-wasm32': [ '0.35.4' ],
103 silly audit   '@img/sharp-win32-arm64': [ '0.35.4' ],
103 silly audit   '@img/sharp-win32-ia32': [ '0.35.4' ],
103 silly audit   '@img/sharp-win32-x64': [ '0.35.4' ],
103 silly audit   '@ionic/cli-framework-output': [ '2.2.8' ],
103 silly audit   '@ionic/utils-array': [ '2.1.5' ],
103 silly audit   '@ionic/utils-fs': [ '3.1.7', '3.1.6' ],
103 silly audit   '@ionic/utils-object': [ '2.1.5' ],
103 silly audit   '@ionic/utils-process': [ '2.1.10' ],
103 silly audit   '@ionic/utils-terminal': [ '2.3.3', '2.3.5' ],
103 silly audit   '@ionic/utils-stream': [ '3.1.5' ],
103 silly audit   '@ionic/utils-subprocess': [ '2.1.11' ],
103 silly audit   '@jridgewell/gen-mapping': [ '0.3.13' ],
103 silly audit   '@jridgewell/resolve-uri': [ '3.1.2' ],
103 silly audit   '@jridgewell/sourcemap-codec': [ '1.6.0' ],
103 silly audit   '@jridgewell/trace-mapping': [ '0.3.31' ],
103 silly audit   '@nodelib/fs.scandir': [ '2.1.5' ],
103 silly audit   '@nodelib/fs.stat': [ '2.0.5' ],
103 silly audit   '@nodelib/fs.walk': [ '1.2.8' ],
103 silly audit   '@types/fs-extra': [ '8.1.5' ],
103 silly audit   '@types/node': [ '20.19.43' ],
103 silly audit   '@types/prop-types': [ '15.7.15' ],
103 silly audit   '@types/react': [ '18.3.31' ],
103 silly audit   '@types/react-dom': [ '18.3.7' ],
103 silly audit   '@types/slice-ansi': [ '4.0.0' ],
103 silly audit   '@xmldom/xmldom': [ '0.9.12' ],
103 silly audit   'ansi-regex': [ '5.0.1' ],
103 silly audit   'ansi-styles': [ '4.3.0' ],
103 silly audit   'any-promise': [ '1.3.0' ],
103 silly audit   anymatch: [ '3.1.3' ],
103 silly audit   arg: [ '5.0.2' ],
103 silly audit   'astral-regex': [ '2.0.0' ],
103 silly audit   'at-least-node': [ '1.0.0' ],
103 silly audit   autoprefixer: [ '10.5.4' ],
103 silly audit   'balanced-match': [ '1.0.2' ],
103 silly audit   'base64-js': [ '1.5.1' ],
103 silly audit   'baseline-browser-mapping': [ '2.11.20' ],
103 silly audit   'big-integer': [ '1.6.52' ],
103 silly audit   'binary-extensions': [ '2.3.0' ],
103 silly audit   'bplist-parser': [ '0.3.2' ],
103 silly audit   'brace-expansion': [ '2.1.4' ],
103 silly audit   braces: [ '3.0.3' ],
103 silly audit   browserslist: [ '4.28.8' ],
103 silly audit   'buffer-crc32': [ '0.2.13' ],
103 silly audit   'camelcase-css': [ '2.0.1' ],
103 silly audit   'caniuse-lite': [ '1.0.30001810' ],
103 silly audit   'chess.js': [ '1.4.0' ],
103 silly audit   chokidar: [ '3.6.0' ],
103 silly audit   'glob-parent': [ '5.1.2', '6.0.2' ],
103 silly audit   chownr: [ '2.0.0' ],
103 silly audit   'client-only': [ '0.0.1' ],
103 silly audit   clsx: [ '2.1.1' ],
103 silly audit   'color-convert': [ '2.0.1' ],
103 silly audit   'color-name': [ '1.1.4' ],
103 silly audit   'cross-spawn': [ '7.0.6' ],
103 silly audit   cssesc: [ '3.0.0' ],
103 silly audit   csstype: [ '3.2.3' ],
103 silly audit   debug: [ '4.4.3' ],
103 silly audit   'define-lazy-prop': [ '2.0.0' ],
103 silly audit   'detect-libc': [ '2.1.2' ],
103 silly audit   didyoumean: [ '1.2.2' ],
103 silly audit   dlv: [ '1.1.3' ],
103 silly audit   'electron-to-chromium': [ '1.5.417' ],
103 silly audit   elementtree: [ '0.1.7' ],
103 silly audit   'emoji-regex': [ '8.0.0' ],
103 silly audit   'env-paths': [ '2.2.1' ],
103 silly audit   'es-errors': [ '1.3.0' ],
103 silly audit   escalade: [ '3.2.0' ],
103 silly audit   'fast-glob': [ '3.3.3' ],
103 silly audit   fastq: [ '1.20.3' ],
103 silly audit   'fd-slicer': [ '1.1.0' ],
103 silly audit   'fill-range': [ '7.1.1' ],
103 silly audit   'fraction.js': [ '5.3.4' ],
103 silly audit   'framer-motion': [ '11.18.2' ],
103 silly audit   'fs-extra': [ '9.1.0' ],
103 silly audit   'fs-minipass': [ '2.1.0' ],
103 silly audit   minipass: [ '3.3.6', '4.2.8', '7.1.3', '5.0.0' ],
103 silly audit   'fs.realpath': [ '1.0.0' ],
103 silly audit   fsevents: [ '2.3.3' ],
103 silly audit   'function-bind': [ '1.1.2' ],
103 silly audit   glob: [ '9.3.5' ],
103 silly audit   'graceful-fs': [ '4.2.11' ],
103 silly audit   hasown: [ '2.0.4' ],
103 silly audit   inherits: [ '2.0.4' ],
103 silly audit   ini: [ '4.1.3' ],
103 silly audit   'is-binary-path': [ '2.1.0' ],
103 silly audit   'is-core-module': [ '2.16.2' ],
103 silly audit   'is-docker': [ '2.2.1' ],
103 silly audit   'is-extglob': [ '2.1.1' ],
103 silly audit   'is-fullwidth-code-point': [ '3.0.0' ],
103 silly audit   'is-glob': [ '4.0.3' ],
103 silly audit   'is-number': [ '7.0.0' ],
103 silly audit   'is-wsl': [ '2.2.0' ],
103 silly audit   isexe: [ '2.0.0' ],
103 silly audit   jiti: [ '1.21.7' ],
103 silly audit   'js-tokens': [ '4.0.0' ],
103 silly audit   jsonfile: [ '6.2.1' ],
103 silly audit   kleur: [ '4.1.5', '3.0.3' ],
103 silly audit   lilconfig: [ '3.1.3' ],
103 silly audit   'lines-and-columns': [ '1.2.4' ],
103 silly audit   'loose-envify': [ '1.4.0' ],
103 silly audit   'lru-cache': [ '10.4.3' ],
103 silly audit   'lucide-react': [ '0.460.0' ],
103 silly audit   merge2: [ '1.4.1' ],
103 silly audit   micromatch: [ '4.0.8' ],
103 silly audit   minimatch: [ '8.0.7' ],
103 silly audit   minizlib: [ '2.1.2' ],
103 silly audit   mkdirp: [ '1.0.4' ],
103 silly audit   'motion-dom': [ '11.18.1' ],
103 silly audit   'motion-utils': [ '11.18.1' ],
103 silly audit   ms: [ '2.1.3' ],
103 silly audit   mz: [ '2.7.0' ],
103 silly audit   nanoid: [ '3.3.18' ],
103 silly audit   'native-run': [ '2.0.3' ],
103 silly audit   postcss: [ '8.5.26', '8.5.23' ],
103 silly audit   'node-releases': [ '2.0.54' ],
103 silly audit   'normalize-path': [ '3.0.0' ],
103 silly audit   'object-assign': [ '4.1.1' ],
103 silly audit   'object-hash': [ '3.0.0' ],
103 silly audit   open: [ '8.4.2' ],
103 silly audit   'path-key': [ '3.1.1' ],
103 silly audit   'path-parse': [ '1.0.7' ],
103 silly audit   'path-scurry': [ '1.11.1' ],
103 silly audit   pend: [ '1.2.0' ],
103 silly audit   picocolors: [ '1.1.1' ],
103 silly audit   picomatch: [ '2.3.2', '4.0.7' ],
103 silly audit   pirates: [ '4.0.7' ],
103 silly audit   plist: [ '3.1.1' ],
103 silly audit   'postcss-import': [ '15.1.0' ],
103 silly audit   'postcss-js': [ '4.1.0' ],
103 silly audit   'postcss-load-config': [ '6.0.1' ],
103 silly audit   'postcss-nested': [ '6.2.0' ],
103 silly audit   'postcss-selector-parser': [ '6.1.4' ],
103 silly audit   'postcss-value-parser': [ '4.2.0' ],
103 silly audit   prompts: [ '2.4.2' ],
103 silly audit   'queue-microtask': [ '1.2.3' ],
103 silly audit   react: [ '18.3.1' ],
103 silly audit   'react-dom': [ '18.3.1' ],
103 silly audit   'read-cache': [ '1.0.2' ],
103 silly audit   'readable-stream': [ '3.6.2' ],
103 silly audit   readdirp: [ '3.6.0' ],
103 silly audit   resolve: [ '1.22.12' ],
103 silly audit   reusify: [ '1.1.0' ],
103 silly audit   rimraf: [ '4.4.1' ],
103 silly audit   'run-parallel': [ '1.2.0' ],
103 silly audit   'safe-buffer': [ '5.2.1' ],
103 silly audit   sax: [ '1.1.4' ],
103 silly audit   scheduler: [ '0.23.2' ],
103 silly audit   semver: [ '7.8.5' ],
103 silly audit   sharp: [ '0.35.4' ],
103 silly audit   'shebang-command': [ '2.0.0' ],
103 silly audit   'shebang-regex': [ '3.0.0' ],
103 silly audit   'signal-exit': [ '3.0.7' ],
103 silly audit   sisteransi: [ '1.0.5' ],
103 silly audit   'slice-ansi': [ '4.0.0' ],
103 silly audit   'source-map-js': [ '1.2.1' ],
103 silly audit   split2: [ '4.2.0' ],
103 silly audit   string_decoder: [ '1.3.0' ],
103 silly audit   'string-width': [ '4.2.3' ],
103 silly audit   'strip-ansi': [ '6.0.1' ],
103 silly audit   'styled-jsx': [ '5.1.6' ],
103 silly audit   sucrase: [ '3.35.1' ],
103 silly audit   'supports-preserve-symlinks-flag': [ '1.0.0' ],
103 silly audit   'tailwind-merge': [ '2.6.1' ],
103 silly audit   tailwindcss: [ '3.4.19' ],
103 silly audit   tar: [ '6.2.1' ],
103 silly audit   thenify: [ '3.3.1' ],
103 silly audit   'thenify-all': [ '1.6.0' ],
103 silly audit   through2: [ '4.0.2' ],
103 silly audit   tinyglobby: [ '0.2.17' ],
103 silly audit   fdir: [ '6.5.0' ],
103 silly audit   'to-regex-range': [ '5.0.1' ],
103 silly audit   'tree-kill': [ '1.2.2' ],
103 silly audit   'ts-interface-checker': [ '0.1.13' ],
103 silly audit   tslib: [ '2.8.1' ],
103 silly audit   typescript: [ '5.9.3' ],
103 silly audit   'undici-types': [ '6.21.0' ],
103 silly audit   universalify: [ '2.0.1' ],
103 silly audit   untildify: [ '4.0.0' ],
103 silly audit   'update-browserslist-db': [ '1.3.2' ],
103 silly audit   'util-deprecate': [ '1.0.2' ],
103 silly audit   which: [ '2.0.2' ],
103 silly audit   'wrap-ansi': [ '7.0.0' ],
103 silly audit   xml2js: [ '0.5.0' ],
103 silly audit   xmlbuilder: [ '11.0.1', '15.1.1' ],
103 silly audit   yallist: [ '4.0.0' ],
103 silly audit   yauzl: [ '2.10.0' ],
103 silly audit   next: [ '16.3.3' ],
103 silly audit   '@next/env': [ '16.3.3' ],
103 silly audit   '@next/swc-darwin-arm64': [ '16.3.3' ],
103 silly audit   '@next/swc-darwin-x64': [ '16.3.3' ],
103 silly audit   '@next/swc-linux-arm64-gnu': [ '16.3.3' ],
103 silly audit   '@next/swc-linux-arm64-musl': [ '16.3.3' ],
103 silly audit   '@next/swc-linux-x64-gnu': [ '16.3.3' ],
103 silly audit   '@next/swc-linux-x64-musl': [ '16.3.3' ],
103 silly audit   '@next/swc-win32-arm64-msvc': [ '16.3.3' ],
103 silly audit   '@next/swc-win32-x64-msvc': [ '16.3.3' ],
103 silly audit   '@swc/helpers': [ '0.5.23' ]
103 silly audit }
104 verbose reify failed optional dependency C:\Users\syedz\Downloads\Whatsapp images\New folder\node_modules\@next\swc-win32-arm64-msvc
105 silly reify mark deleted [
105 silly reify   'C:\\Users\\syedz\\Downloads\\Whatsapp images\\New folder\\node_modules\\@next\\swc-win32-arm64-msvc'
105 silly reify ]
106 verbose reify failed optional dependency C:\Users\syedz\Downloads\Whatsapp images\New folder\node_modules\@next\swc-linux-x64-musl
107 silly reify mark deleted [
107 silly reify   'C:\\Users\\syedz\\Downloads\\Whatsapp images\\New folder\\node_modules\\@next\\swc-linux-x64-musl'
107 silly reify ]
108 verbose reify failed optional dependency C:\Users\syedz\Downloads\Whatsapp images\New folder\node_modules\@next\swc-linux-x64-gnu
109 silly reify mark deleted [
109 silly reify   'C:\\Users\\syedz\\Downloads\\Whatsapp images\\New folder\\node_modules\\@next\\swc-linux-x64-gnu'
109 silly reify ]
110 verbose reify failed optional dependency C:\Users\syedz\Downloads\Whatsapp images\New folder\node_modules\@next\swc-linux-arm64-musl
111 silly reify mark deleted [
111 silly reify   'C:\\Users\\syedz\\Downloads\\Whatsapp images\\New folder\\node_modules\\@next\\swc-linux-arm64-musl'
111 silly reify ]
112 verbose reify failed optional dependency C:\Users\syedz\Downloads\Whatsapp images\New folder\node_modules\@next\swc-linux-arm64-gnu
113 silly reify mark deleted [
113 silly reify   'C:\\Users\\syedz\\Downloads\\Whatsapp images\\New folder\\node_modules\\@next\\swc-linux-arm64-gnu'
113 silly reify ]
114 verbose reify failed optional dependency C:\Users\syedz\Downloads\Whatsapp images\New folder\node_modules\@next\swc-darwin-x64
115 silly reify mark deleted [
115 silly reify   'C:\\Users\\syedz\\Downloads\\Whatsapp images\\New folder\\node_modules\\@next\\swc-darwin-x64'
115 silly reify ]
116 verbose reify failed optional dependency C:\Users\syedz\Downloads\Whatsapp images\New folder\node_modules\@next\swc-darwin-arm64
117 silly reify mark deleted [
117 silly reify   'C:\\Users\\syedz\\Downloads\\Whatsapp images\\New folder\\node_modules\\@next\\swc-darwin-arm64'
117 silly reify ]
118 verbose reify failed optional dependency C:\Users\syedz\Downloads\Whatsapp images\New folder\node_modules\fsevents
119 silly reify mark deleted [
119 silly reify   'C:\\Users\\syedz\\Downloads\\Whatsapp images\\New folder\\node_modules\\fsevents'
119 silly reify ]
120 verbose reify failed optional dependency C:\Users\syedz\Downloads\Whatsapp images\New folder\node_modules\@img\sharp-win32-ia32
121 silly reify mark deleted [
121 silly reify   'C:\\Users\\syedz\\Downloads\\Whatsapp images\\New folder\\node_modules\\@img\\sharp-win32-ia32'
121 silly reify ]
122 verbose reify failed optional dependency C:\Users\syedz\Downloads\Whatsapp images\New folder\node_modules\@img\sharp-win32-arm64
123 silly reify mark deleted [
123 silly reify   'C:\\Users\\syedz\\Downloads\\Whatsapp images\\New folder\\node_modules\\@img\\sharp-win32-arm64'
123 silly reify ]
124 verbose reify failed optional dependency C:\Users\syedz\Downloads\Whatsapp images\New folder\node_modules\@img\sharp-webcontainers-wasm32
125 silly reify mark deleted [
125 silly reify   'C:\\Users\\syedz\\Downloads\\Whatsapp images\\New folder\\node_modules\\@img\\sharp-webcontainers-wasm32'
125 silly reify ]
126 verbose reify failed optional dependency C:\Users\syedz\Downloads\Whatsapp images\New folder\node_modules\@img\sharp-linuxmusl-x64
127 silly reify mark deleted [
127 silly reify   'C:\\Users\\syedz\\Downloads\\Whatsapp images\\New folder\\node_modules\\@img\\sharp-linuxmusl-x64'
127 silly reify ]
128 verbose reify failed optional dependency C:\Users\syedz\Downloads\Whatsapp images\New folder\node_modules\@img\sharp-linuxmusl-arm64
129 silly reify mark deleted [
129 silly reify   'C:\\Users\\syedz\\Downloads\\Whatsapp images\\New folder\\node_modules\\@img\\sharp-linuxmusl-arm64'
129 silly reify ]
130 verbose reify failed optional dependency C:\Users\syedz\Downloads\Whatsapp images\New folder\node_modules\@img\sharp-linux-x64
131 silly reify mark deleted [
131 silly reify   'C:\\Users\\syedz\\Downloads\\Whatsapp images\\New folder\\node_modules\\@img\\sharp-linux-x64'
131 silly reify ]
132 verbose reify failed optional dependency C:\Users\syedz\Downloads\Whatsapp images\New folder\node_modules\@img\sharp-linux-s390x
133 silly reify mark deleted [
133 silly reify   'C:\\Users\\syedz\\Downloads\\Whatsapp images\\New folder\\node_modules\\@img\\sharp-linux-s390x'
133 silly reify ]
134 verbose reify failed optional dependency C:\Users\syedz\Downloads\Whatsapp images\New folder\node_modules\@img\sharp-linux-riscv64
135 silly reify mark deleted [
135 silly reify   'C:\\Users\\syedz\\Downloads\\Whatsapp images\\New folder\\node_modules\\@img\\sharp-linux-riscv64'
135 silly reify ]
136 verbose reify failed optional dependency C:\Users\syedz\Downloads\Whatsapp images\New folder\node_modules\@img\sharp-linux-ppc64
137 silly reify mark deleted [
137 silly reify   'C:\\Users\\syedz\\Downloads\\Whatsapp images\\New folder\\node_modules\\@img\\sharp-linux-ppc64'
137 silly reify ]
138 verbose reify failed optional dependency C:\Users\syedz\Downloads\Whatsapp images\New folder\node_modules\@img\sharp-linux-arm64
139 silly reify mark deleted [
139 silly reify   'C:\\Users\\syedz\\Downloads\\Whatsapp images\\New folder\\node_modules\\@img\\sharp-linux-arm64'
139 silly reify ]
140 verbose reify failed optional dependency C:\Users\syedz\Downloads\Whatsapp images\New folder\node_modules\@img\sharp-linux-arm
141 silly reify mark deleted [
141 silly reify   'C:\\Users\\syedz\\Downloads\\Whatsapp images\\New folder\\node_modules\\@img\\sharp-linux-arm'
141 silly reify ]
142 verbose reify failed optional dependency C:\Users\syedz\Downloads\Whatsapp images\New folder\node_modules\@img\sharp-libvips-linuxmusl-x64
143 silly reify mark deleted [
143 silly reify   'C:\\Users\\syedz\\Downloads\\Whatsapp images\\New folder\\node_modules\\@img\\sharp-libvips-linuxmusl-x64'
143 silly reify ]
144 verbose reify failed optional dependency C:\Users\syedz\Downloads\Whatsapp images\New folder\node_modules\@img\sharp-libvips-linuxmusl-arm64
145 silly reify mark deleted [
145 silly reify   'C:\\Users\\syedz\\Downloads\\Whatsapp images\\New folder\\node_modules\\@img\\sharp-libvips-linuxmusl-arm64'
145 silly reify ]
146 verbose reify failed optional dependency C:\Users\syedz\Downloads\Whatsapp images\New folder\node_modules\@img\sharp-libvips-linux-x64
147 silly reify mark deleted [
147 silly reify   'C:\\Users\\syedz\\Downloads\\Whatsapp images\\New folder\\node_modules\\@img\\sharp-libvips-linux-x64'
147 silly reify ]
148 verbose reify failed optional dependency C:\Users\syedz\Downloads\Whatsapp images\New folder\node_modules\@img\sharp-libvips-linux-s390x
149 silly reify mark deleted [
149 silly reify   'C:\\Users\\syedz\\Downloads\\Whatsapp images\\New folder\\node_modules\\@img\\sharp-libvips-linux-s390x'
149 silly reify ]
150 verbose reify failed optional dependency C:\Users\syedz\Downloads\Whatsapp images\New folder\node_modules\@img\sharp-libvips-linux-riscv64
151 silly reify mark deleted [
151 silly reify   'C:\\Users\\syedz\\Downloads\\Whatsapp images\\New folder\\node_modules\\@img\\sharp-libvips-linux-riscv64'
151 silly reify ]
152 verbose reify failed optional dependency C:\Users\syedz\Downloads\Whatsapp images\New folder\node_modules\@img\sharp-libvips-linux-ppc64
153 silly reify mark deleted [
153 silly reify   'C:\\Users\\syedz\\Downloads\\Whatsapp images\\New folder\\node_modules\\@img\\sharp-libvips-linux-ppc64'
153 silly reify ]
154 verbose reify failed optional dependency C:\Users\syedz\Downloads\Whatsapp images\New folder\node_modules\@img\sharp-libvips-linux-arm64
155 silly reify mark deleted [
155 silly reify   'C:\\Users\\syedz\\Downloads\\Whatsapp images\\New folder\\node_modules\\@img\\sharp-libvips-linux-arm64'
155 silly reify ]
156 verbose reify failed optional dependency C:\Users\syedz\Downloads\Whatsapp images\New folder\node_modules\@img\sharp-libvips-linux-arm
157 silly reify mark deleted [
157 silly reify   'C:\\Users\\syedz\\Downloads\\Whatsapp images\\New folder\\node_modules\\@img\\sharp-libvips-linux-arm'
157 silly reify ]
158 verbose reify failed optional dependency C:\Users\syedz\Downloads\Whatsapp images\New folder\node_modules\@img\sharp-libvips-darwin-x64
159 silly reify mark deleted [
159 silly reify   'C:\\Users\\syedz\\Downloads\\Whatsapp images\\New folder\\node_modules\\@img\\sharp-libvips-darwin-x64'
159 silly reify ]
160 verbose reify failed optional dependency C:\Users\syedz\Downloads\Whatsapp images\New folder\node_modules\@img\sharp-libvips-darwin-arm64
161 silly reify mark deleted [
161 silly reify   'C:\\Users\\syedz\\Downloads\\Whatsapp images\\New folder\\node_modules\\@img\\sharp-libvips-darwin-arm64'
161 silly reify ]
162 verbose reify failed optional dependency C:\Users\syedz\Downloads\Whatsapp images\New folder\node_modules\@img\sharp-freebsd-wasm32
163 silly reify mark deleted [
163 silly reify   'C:\\Users\\syedz\\Downloads\\Whatsapp images\\New folder\\node_modules\\@img\\sharp-freebsd-wasm32'
163 silly reify ]
164 verbose reify failed optional dependency C:\Users\syedz\Downloads\Whatsapp images\New folder\node_modules\@img\sharp-darwin-x64
165 silly reify mark deleted [
165 silly reify   'C:\\Users\\syedz\\Downloads\\Whatsapp images\\New folder\\node_modules\\@img\\sharp-darwin-x64'
165 silly reify ]
166 verbose reify failed optional dependency C:\Users\syedz\Downloads\Whatsapp images\New folder\node_modules\@img\sharp-darwin-arm64
167 silly reify mark deleted [
167 silly reify   'C:\\Users\\syedz\\Downloads\\Whatsapp images\\New folder\\node_modules\\@img\\sharp-darwin-arm64'
167 silly reify ]
168 http cache next@https://registry.npmjs.org/next/-/next-16.3.3.tgz 0ms (cache hit)
169 http cache @swc/helpers@https://registry.npmjs.org/@swc/helpers/-/helpers-0.5.23.tgz 0ms (cache hit)
170 http cache @next/swc-win32-x64-msvc@https://registry.npmjs.org/@next/swc-win32-x64-msvc/-/swc-win32-x64-msvc-16.3.3.tgz 0ms (cache hit)
171 http cache @next/env@https://registry.npmjs.org/@next/env/-/env-16.3.3.tgz 0ms (cache hit)
172 silly tarball no local data for next@https://registry.npmjs.org/next/-/next-16.3.3.tgz. Extracting by manifest.
173 http cache postcss@https://registry.npmjs.org/postcss/-/postcss-8.5.23.tgz 0ms (cache hit)
174 silly tarball no local data for @swc/helpers@https://registry.npmjs.org/@swc/helpers/-/helpers-0.5.23.tgz. Extracting by manifest.
175 silly tarball no local data for @next/swc-win32-x64-msvc@https://registry.npmjs.org/@next/swc-win32-x64-msvc/-/swc-win32-x64-msvc-16.3.3.tgz. Extracting by manifest.
176 silly tarball no local data for @next/env@https://registry.npmjs.org/@next/env/-/env-16.3.3.tgz. Extracting by manifest.
177 silly tarball no local data for postcss@https://registry.npmjs.org/postcss/-/postcss-8.5.23.tgz. Extracting by manifest.
178 http fetch GET 200 https://registry.npmjs.org/postcss/-/postcss-8.5.23.tgz 246ms (cache miss)
179 http fetch POST 200 https://registry.npmjs.org/-/npm/v1/security/advisories/bulk 469ms
180 silly audit report {
180 silly audit report   tar: [
180 silly audit report     {
180 silly audit report       id: 1112659,
180 silly audit report       url: 'https://github.com/advisories/GHSA-34x7-hfp2-rc4v',
180 silly audit report       title: 'node-tar Vulnerable to Arbitrary File Creation/Overwrite via Hardlink Path Traversal',
180 silly audit report       severity: 'high',
180 silly audit report       vulnerable_versions: '<7.5.7',
180 silly audit report       cwe: [Array],
180 silly audit report       cvss: [Object]
180 silly audit report     },
180 silly audit report     {
180 silly audit report       id: 1113300,
180 silly audit report       url: 'https://github.com/advisories/GHSA-8qq5-rm4j-mr97',
180 silly audit report       title: 'node-tar is Vulnerable to Arbitrary File Overwrite and Symlink Poisoning via Insufficient Path Sanitization',
180 silly audit report       severity: 'high',
180 silly audit report       vulnerable_versions: '<=7.5.2',
180 silly audit report       cwe: [Array],
180 silly audit report       cvss: [Object]
180 silly audit report     },
180 silly audit report     {
180 silly audit report       id: 1113375,
180 silly audit report       url: 'https://github.com/advisories/GHSA-83g3-92jg-28cx',
180 silly audit report       title: 'Arbitrary File Read/Write via Hardlink Target Escape Through Symlink Chain in node-tar Extraction',
180 silly audit report       severity: 'high',
180 silly audit report       vulnerable_versions: '<7.5.8',
180 silly audit report       cwe: [Array],
180 silly audit report       cvss: [Object]
180 silly audit report     },
180 silly audit report     {
180 silly audit report       id: 1114200,
180 silly audit report       url: 'https://github.com/advisories/GHSA-qffp-2rhf-9h96',
180 silly audit report       title: 'tar has Hardlink Path Traversal via Drive-Relative Linkpath',
180 silly audit report       severity: 'high',
180 silly audit report       vulnerable_versions: '<=7.5.9',
180 silly audit report       cwe: [Array],
180 silly audit report       cvss: [Object]
180 silly audit report     },
180 silly audit report     {
180 silly audit report       id: 1114302,
180 silly audit report       url: 'https://github.com/advisories/GHSA-9ppj-qmqm-q256',
180 silly audit report       title: 'node-tar Symlink Path Traversal via Drive-Relative Linkpath',
180 silly audit report       severity: 'high',
180 silly audit report       vulnerable_versions: '<=7.5.10',
180 silly audit report       cwe: [Array],
180 silly audit report       cvss: [Object]
180 silly audit report     },
180 silly audit report     {
180 silly audit report       id: 1120782,
180 silly audit report       url: 'https://github.com/advisories/GHSA-vmf3-w455-68vh',
180 silly audit report       title: 'node-tar applies PAX size override to intermediary GNU long-name/long-link headers, causing tar parser interpretation differential (file smuggling)',
180 silly audit report       severity: 'moderate',
180 silly audit report       vulnerable_versions: '<=7.5.15',
180 silly audit report       cwe: [Array],
180 silly audit report       cvss: [Object]
180 silly audit report     },
180 silly audit report     {
180 silly audit report       id: 1114680,
180 silly audit report       url: 'https://github.com/advisories/GHSA-r6q2-hw4h-h46w',
180 silly audit report       title: 'Race Condition in node-tar Path Reservations via Unicode Ligature Collisions on macOS APFS',
180 silly audit report       severity: 'high',
180 silly audit report       vulnerable_versions: '<=7.5.3',
180 silly audit report       cwe: [Array],
180 silly audit report       cvss: [Object]
180 silly audit report     },
180 silly audit report     {
180 silly audit report       id: 1123939,
180 silly audit report       url: 'https://github.com/advisories/GHSA-w8wr-v893-vjvp',
180 silly audit report       title: 'node-tar: Process crash via PAX numeric path type confusion',
180 silly audit report       severity: 'moderate',
180 silly audit report       vulnerable_versions: '<=7.5.17',
180 silly audit report       cwe: [Array],
180 silly audit report       cvss: [Object]
180 silly audit report     },
180 silly audit report     {
180 silly audit report       id: 1123940,
180 silly audit report       url: 'https://github.com/advisories/GHSA-23hp-3jrh-7fpw',
180 silly audit report       title: 'node-tar: Decompression/parse DoS via unlimited input',
180 silly audit report       severity: 'critical',
180 silly audit report       vulnerable_versions: '<=7.5.18',
180 silly audit report       cwe: [Array],
180 silly audit report       cvss: [Object]
180 silly audit report     },
180 silly audit report     {
180 silly audit report       id: 1123941,
180 silly audit report       url: 'https://github.com/advisories/GHSA-8x88-c5mf-7j5w',
180 silly audit report       title: 'node-tar: Negative tar entry size causes infinite loop in archive replace',
180 silly audit report       severity: 'high',
180 silly audit report       vulnerable_versions: '<=7.5.17',
180 silly audit report       cwe: [Array],
180 silly audit report       cvss: [Object]
180 silly audit report     },
180 silly audit report     {
180 silly audit report       id: 1123942,
180 silly audit report       url: 'https://github.com/advisories/GHSA-gvwx-54wh-qm9j',
180 silly audit report       title: 'node-tar: Uncaught Exception DoS via NUL byte in PAX path/linkpath records',
180 silly audit report       severity: 'moderate',
180 silly audit report       vulnerable_versions: '<=7.5.16',
180 silly audit report       cwe: [Array],
180 silly audit report       cvss: [Object]
180 silly audit report     },
180 silly audit report     {
180 silly audit report       id: 1145647,
180 silly audit report       url: 'https://github.com/advisories/GHSA-r292-9mhp-454m',
180 silly audit report       title: 'node-tar: Uncontrolled recursion in mapHas/filesFilter allows uncatchable stack-overflow DoS via crafted long-path tar with member selection',
180 silly audit report       severity: 'high',
180 silly audit report       vulnerable_versions: '<=7.5.20',
180 silly audit report       cwe: [Array],
180 silly audit report       cvss: [Object]
180 silly audit report     }
180 silly audit report   ]
180 silly audit report }
181 silly packumentCache corgi:https://registry.npmjs.org/tar cache-miss
182 http cache https://registry.npmjs.org/tar 47ms (cache hit)
183 silly packumentCache corgi:https://registry.npmjs.org/tar set size:208035 disposed:false
184 silly packumentCache corgi:https://registry.npmjs.org/@capacitor%2fcli cache-miss
185 http cache https://registry.npmjs.org/@capacitor%2fcli 50ms (cache hit)
186 silly packumentCache corgi:https://registry.npmjs.org/@capacitor%2fcli set size:2462545 disposed:false
187 http fetch GET 200 https://registry.npmjs.org/@next/env/-/env-16.3.3.tgz 770ms (cache miss)
188 http fetch GET 200 https://registry.npmjs.org/@swc/helpers/-/helpers-0.5.23.tgz 2199ms (cache miss)
189 http fetch GET 200 https://registry.npmjs.org/@next/swc-win32-x64-msvc/-/swc-win32-x64-msvc-16.3.3.tgz 4147ms (cache miss)
190 http fetch GET 200 https://registry.npmjs.org/next/-/next-16.3.3.tgz 25181ms (cache miss)
191 silly ADD
192 silly ADD
193 silly ADD
194 silly ADD
195 silly ADD
196 silly ADD
197 silly ADD
198 silly ADD
199 silly ADD
200 silly ADD
201 silly ADD
202 silly ADD
203 silly ADD
204 silly ADD
205 silly ADD
206 silly ADD
207 silly ADD
208 silly ADD
209 silly ADD
210 silly ADD
211 silly ADD
212 silly ADD
213 silly ADD
214 silly ADD
215 silly ADD
216 silly ADD
217 silly ADD
218 silly ADD
219 silly ADD
220 silly ADD
221 silly ADD
222 silly ADD
223 silly CHANGE node_modules/next
224 silly CHANGE node_modules/next/node_modules/postcss
225 silly CHANGE node_modules/@swc/helpers
226 silly CHANGE node_modules/@next/swc-win32-x64-msvc
227 silly CHANGE node_modules/@next/env
228 verbose cwd C:\Users\syedz\Downloads\Whatsapp images\New folder
229 verbose os Windows_NT 10.0.26200
230 verbose node v22.16.0
231 verbose npm  v10.9.2
232 verbose exit 0
233 info ok
