0 verbose cli C:\Program Files\nodejs\node.exe C:\Program Files\nodejs\node_modules\npm\bin\npm-cli.js
1 info using npm@10.9.2
2 info using node@v22.16.0
3 silly config load:file:C:\Program Files\nodejs\node_modules\npm\npmrc
4 silly config load:file:C:\Users\syedz\Downloads\Whatsapp images\New folder\.npmrc
5 silly config load:file:C:\Users\syedz\.npmrc
6 silly config load:file:C:\Users\syedz\AppData\Roaming\npm\etc\npmrc
7 verbose title npm install @capacitor/cli@8.4.2
8 verbose argv "install" "--save-dev" "--save-exact" "@capacitor/cli@8.4.2"
9 verbose logfile logs-max:10 dir:C:\Users\syedz\Downloads\Whatsapp images\New folder\.npm-cache\_logs\2026-08-31T16_38_16_606Z-
10 verbose logfile C:\Users\syedz\Downloads\Whatsapp images\New folder\.npm-cache\_logs\2026-08-31T16_38_16_606Z-debug-0.log
11 silly logfile start cleaning logs, removing 1 files
12 silly packumentCache heap:4345298944 maxSize:1086324736 maxEntrySize:543162368
13 silly logfile done cleaning log files
14 silly idealTree buildDeps
15 silly fetch manifest @capacitor/cli@8.4.2
16 silly packumentCache full:https://registry.npmjs.org/@capacitor%2fcli cache-miss
17 http cache https://registry.npmjs.org/@capacitor%2fcli 67ms (cache hit)
18 silly packumentCache full:https://registry.npmjs.org/@capacitor%2fcli set size:5126621 disposed:false
19 silly placeDep ROOT @capacitor/cli@8.4.2 REPLACE for: bambinos-unbox-chess@1.0.0 want: 8.4.2
20 silly reify mark retired [
20 silly reify   'C:\\Users\\syedz\\Downloads\\Whatsapp images\\New folder\\node_modules\\@capacitor\\cli',
20 silly reify   'C:\\Users\\syedz\\Downloads\\Whatsapp images\\New folder\\node_modules\\.bin\\cap',
20 silly reify   'C:\\Users\\syedz\\Downloads\\Whatsapp images\\New folder\\node_modules\\.bin\\cap.cmd',
20 silly reify   'C:\\Users\\syedz\\Downloads\\Whatsapp images\\New folder\\node_modules\\.bin\\cap.ps1',
20 silly reify   'C:\\Users\\syedz\\Downloads\\Whatsapp images\\New folder\\node_modules\\.bin\\capacitor',
20 silly reify   'C:\\Users\\syedz\\Downloads\\Whatsapp images\\New folder\\node_modules\\.bin\\capacitor.cmd',
20 silly reify   'C:\\Users\\syedz\\Downloads\\Whatsapp images\\New folder\\node_modules\\.bin\\capacitor.ps1'
20 silly reify ]
21 silly reify mark retired [
21 silly reify   'C:\\Users\\syedz\\Downloads\\Whatsapp images\\New folder\\node_modules\\bplist-creator'
21 silly reify ]
22 silly reify mark retired [
22 silly reify   'C:\\Users\\syedz\\Downloads\\Whatsapp images\\New folder\\node_modules\\simple-plist'
22 silly reify ]
23 silly reify mark retired [
23 silly reify   'C:\\Users\\syedz\\Downloads\\Whatsapp images\\New folder\\node_modules\\stream-buffers'
23 silly reify ]
24 silly reify mark retired [
24 silly reify   'C:\\Users\\syedz\\Downloads\\Whatsapp images\\New folder\\node_modules\\uuid',
24 silly reify   'C:\\Users\\syedz\\Downloads\\Whatsapp images\\New folder\\node_modules\\.bin\\uuid',
24 silly reify   'C:\\Users\\syedz\\Downloads\\Whatsapp images\\New folder\\node_modules\\.bin\\uuid.cmd',
24 silly reify   'C:\\Users\\syedz\\Downloads\\Whatsapp images\\New folder\\node_modules\\.bin\\uuid.ps1'
24 silly reify ]
25 silly reify mark retired [
25 silly reify   'C:\\Users\\syedz\\Downloads\\Whatsapp images\\New folder\\node_modules\\xcode'
25 silly reify ]
26 silly reify moves {
26 silly reify   'C:\\Users\\syedz\\Downloads\\Whatsapp images\\New folder\\node_modules\\@capacitor\\cli': 'C:\\Users\\syedz\\Downloads\\Whatsapp images\\New folder\\node_modules\\@capacitor\\.cli-3I3DjTmM',
26 silly reify   'C:\\Users\\syedz\\Downloads\\Whatsapp images\\New folder\\node_modules\\.bin\\cap': 'C:\\Users\\syedz\\Downloads\\Whatsapp images\\New folder\\node_modules\\.bin\\.cap-675vENYJ',
26 silly reify   'C:\\Users\\syedz\\Downloads\\Whatsapp images\\New folder\\node_modules\\.bin\\cap.cmd': 'C:\\Users\\syedz\\Downloads\\Whatsapp images\\New folder\\node_modules\\.bin\\.cap.cmd-MeoRLzY9',
26 silly reify   'C:\\Users\\syedz\\Downloads\\Whatsapp images\\New folder\\node_modules\\.bin\\cap.ps1': 'C:\\Users\\syedz\\Downloads\\Whatsapp images\\New folder\\node_modules\\.bin\\.cap.ps1-XhSqDy4f',
26 silly reify   'C:\\Users\\syedz\\Downloads\\Whatsapp images\\New folder\\node_modules\\.bin\\capacitor': 'C:\\Users\\syedz\\Downloads\\Whatsapp images\\New folder\\node_modules\\.bin\\.capacitor-KwExTBrk',
26 silly reify   'C:\\Users\\syedz\\Downloads\\Whatsapp images\\New folder\\node_modules\\.bin\\capacitor.cmd': 'C:\\Users\\syedz\\Downloads\\Whatsapp images\\New folder\\node_modules\\.bin\\.capacitor.cmd-ZyI8Dajs',
26 silly reify   'C:\\Users\\syedz\\Downloads\\Whatsapp images\\New folder\\node_modules\\.bin\\capacitor.ps1': 'C:\\Users\\syedz\\Downloads\\Whatsapp images\\New folder\\node_modules\\.bin\\.capacitor.ps1-ikzfVetK',
26 silly reify   'C:\\Users\\syedz\\Downloads\\Whatsapp images\\New folder\\node_modules\\bplist-creator': 'C:\\Users\\syedz\\Downloads\\Whatsapp images\\New folder\\node_modules\\.bplist-creator-9GozLKSC',
26 silly reify   'C:\\Users\\syedz\\Downloads\\Whatsapp images\\New folder\\node_modules\\simple-plist': 'C:\\Users\\syedz\\Downloads\\Whatsapp images\\New folder\\node_modules\\.simple-plist-HkqWqG8C',
26 silly reify   'C:\\Users\\syedz\\Downloads\\Whatsapp images\\New folder\\node_modules\\stream-buffers': 'C:\\Users\\syedz\\Downloads\\Whatsapp images\\New folder\\node_modules\\.stream-buffers-txTwlsyI',
26 silly reify   'C:\\Users\\syedz\\Downloads\\Whatsapp images\\New folder\\node_modules\\uuid': 'C:\\Users\\syedz\\Downloads\\Whatsapp images\\New folder\\node_modules\\.uuid-VD1W1FVY',
26 silly reify   'C:\\Users\\syedz\\Downloads\\Whatsapp images\\New folder\\node_modules\\.bin\\uuid': 'C:\\Users\\syedz\\Downloads\\Whatsapp images\\New folder\\node_modules\\.bin\\.uuid-Qe8dJ4b5',
26 silly reify   'C:\\Users\\syedz\\Downloads\\Whatsapp images\\New folder\\node_modules\\.bin\\uuid.cmd': 'C:\\Users\\syedz\\Downloads\\Whatsapp images\\New folder\\node_modules\\.bin\\.uuid.cmd-xFPuaCRr',
26 silly reify   'C:\\Users\\syedz\\Downloads\\Whatsapp images\\New folder\\node_modules\\.bin\\uuid.ps1': 'C:\\Users\\syedz\\Downloads\\Whatsapp images\\New folder\\node_modules\\.bin\\.uuid.ps1-kZiuCU4z',
26 silly reify   'C:\\Users\\syedz\\Downloads\\Whatsapp images\\New folder\\node_modules\\xcode': 'C:\\Users\\syedz\\Downloads\\Whatsapp images\\New folder\\node_modules\\.xcode-LP7B6EBw'
26 silly reify }
27 silly audit bulk request {
27 silly audit   '@alloc/quick-lru': [ '5.2.0' ],
27 silly audit   commander: [ '4.1.1', '12.1.0' ],
27 silly audit   'fs-extra': [ '9.1.0', '11.4.0' ],
27 silly audit   '@capacitor/core': [ '8.5.0' ],
27 silly audit   '@capacitor/ios': [ '8.5.0' ],
27 silly audit   '@emnapi/runtime': [ '1.11.3' ],
27 silly audit   '@img/colour': [ '1.1.0' ],
27 silly audit   '@img/sharp-darwin-arm64': [ '0.35.4' ],
27 silly audit   '@img/sharp-darwin-x64': [ '0.35.4' ],
27 silly audit   '@img/sharp-freebsd-wasm32': [ '0.35.4' ],
27 silly audit   '@img/sharp-libvips-darwin-arm64': [ '1.3.3' ],
27 silly audit   '@img/sharp-libvips-darwin-x64': [ '1.3.3' ],
27 silly audit   '@img/sharp-libvips-linux-arm': [ '1.3.3' ],
27 silly audit   '@img/sharp-libvips-linux-arm64': [ '1.3.3' ],
27 silly audit   '@img/sharp-libvips-linux-ppc64': [ '1.3.3' ],
27 silly audit   '@img/sharp-libvips-linux-riscv64': [ '1.3.3' ],
27 silly audit   '@img/sharp-libvips-linux-s390x': [ '1.3.3' ],
27 silly audit   '@img/sharp-libvips-linux-x64': [ '1.3.3' ],
27 silly audit   '@img/sharp-libvips-linuxmusl-arm64': [ '1.3.3' ],
27 silly audit   '@img/sharp-libvips-linuxmusl-x64': [ '1.3.3' ],
27 silly audit   '@img/sharp-linux-arm': [ '0.35.4' ],
27 silly audit   '@img/sharp-linux-arm64': [ '0.35.4' ],
27 silly audit   '@img/sharp-linux-ppc64': [ '0.35.4' ],
27 silly audit   '@img/sharp-linux-riscv64': [ '0.35.4' ],
27 silly audit   '@img/sharp-linux-s390x': [ '0.35.4' ],
27 silly audit   '@img/sharp-linux-x64': [ '0.35.4' ],
27 silly audit   '@img/sharp-linuxmusl-arm64': [ '0.35.4' ],
27 silly audit   '@img/sharp-linuxmusl-x64': [ '0.35.4' ],
27 silly audit   '@img/sharp-wasm32': [ '0.35.4' ],
27 silly audit   '@img/sharp-webcontainers-wasm32': [ '0.35.4' ],
27 silly audit   '@img/sharp-win32-arm64': [ '0.35.4' ],
27 silly audit   '@img/sharp-win32-ia32': [ '0.35.4' ],
27 silly audit   '@img/sharp-win32-x64': [ '0.35.4' ],
27 silly audit   '@ionic/cli-framework-output': [ '2.2.8' ],
27 silly audit   '@ionic/utils-array': [ '2.1.6' ],
27 silly audit   '@ionic/utils-fs': [ '3.1.7' ],
27 silly audit   '@ionic/utils-object': [ '2.1.6' ],
27 silly audit   '@ionic/utils-process': [ '2.1.12' ],
27 silly audit   '@ionic/utils-stream': [ '3.1.7' ],
27 silly audit   '@ionic/utils-subprocess': [ '3.0.1' ],
27 silly audit   '@ionic/utils-terminal': [ '2.3.5' ],
27 silly audit   '@isaacs/fs-minipass': [ '4.0.1' ],
27 silly audit   '@jridgewell/gen-mapping': [ '0.3.13' ],
27 silly audit   '@jridgewell/resolve-uri': [ '3.1.2' ],
27 silly audit   '@jridgewell/sourcemap-codec': [ '1.6.0' ],
27 silly audit   '@jridgewell/trace-mapping': [ '0.3.31' ],
27 silly audit   '@next/env': [ '16.3.3' ],
27 silly audit   '@next/swc-darwin-arm64': [ '16.3.3' ],
27 silly audit   '@next/swc-darwin-x64': [ '16.3.3' ],
27 silly audit   '@next/swc-linux-arm64-gnu': [ '16.3.3' ],
27 silly audit   '@next/swc-linux-arm64-musl': [ '16.3.3' ],
27 silly audit   '@next/swc-linux-x64-gnu': [ '16.3.3' ],
27 silly audit   '@next/swc-linux-x64-musl': [ '16.3.3' ],
27 silly audit   '@next/swc-win32-arm64-msvc': [ '16.3.3' ],
27 silly audit   '@next/swc-win32-x64-msvc': [ '16.3.3' ],
27 silly audit   '@nodelib/fs.scandir': [ '2.1.5' ],
27 silly audit   '@nodelib/fs.stat': [ '2.0.5' ],
27 silly audit   '@nodelib/fs.walk': [ '1.2.8' ],
27 silly audit   '@swc/helpers': [ '0.5.23' ],
27 silly audit   '@types/fs-extra': [ '8.1.5' ],
27 silly audit   '@types/node': [ '20.19.43' ],
27 silly audit   '@types/prop-types': [ '15.7.15' ],
27 silly audit   '@types/react': [ '18.3.31' ],
27 silly audit   '@types/react-dom': [ '18.3.7' ],
27 silly audit   '@types/slice-ansi': [ '4.0.0' ],
27 silly audit   '@xmldom/xmldom': [ '0.9.12' ],
27 silly audit   'ansi-regex': [ '5.0.1' ],
27 silly audit   'ansi-styles': [ '4.3.0' ],
27 silly audit   'any-promise': [ '1.3.0' ],
27 silly audit   anymatch: [ '3.1.3' ],
27 silly audit   arg: [ '5.0.2' ],
27 silly audit   'astral-regex': [ '2.0.0' ],
27 silly audit   'at-least-node': [ '1.0.0' ],
27 silly audit   autoprefixer: [ '10.5.4' ],
27 silly audit   'balanced-match': [ '4.0.4' ],
27 silly audit   'base64-js': [ '1.5.1' ],
27 silly audit   'baseline-browser-mapping': [ '2.11.20' ],
27 silly audit   'big-integer': [ '1.6.52' ],
27 silly audit   'binary-extensions': [ '2.3.0' ],
27 silly audit   'bplist-parser': [ '0.3.2' ],
27 silly audit   'brace-expansion': [ '5.0.9' ],
27 silly audit   braces: [ '3.0.3' ],
27 silly audit   browserslist: [ '4.28.8' ],
27 silly audit   'buffer-crc32': [ '0.2.13' ],
27 silly audit   'camelcase-css': [ '2.0.1' ],
27 silly audit   'caniuse-lite': [ '1.0.30001810' ],
27 silly audit   'chess.js': [ '1.4.0' ],
27 silly audit   chokidar: [ '3.6.0' ],
27 silly audit   'glob-parent': [ '5.1.2', '6.0.2' ],
27 silly audit   chownr: [ '3.0.0' ],
27 silly audit   'client-only': [ '0.0.1' ],
27 silly audit   clsx: [ '2.1.1' ],
27 silly audit   'color-convert': [ '2.0.1' ],
27 silly audit   'color-name': [ '1.1.4' ],
27 silly audit   'cross-spawn': [ '7.0.6' ],
27 silly audit   cssesc: [ '3.0.0' ],
27 silly audit   csstype: [ '3.2.3' ],
27 silly audit   debug: [ '4.4.3' ],
27 silly audit   'define-lazy-prop': [ '2.0.0' ],
27 silly audit   'detect-libc': [ '2.1.2' ],
27 silly audit   didyoumean: [ '1.2.2' ],
27 silly audit   dlv: [ '1.1.3' ],
27 silly audit   'electron-to-chromium': [ '1.5.417' ],
27 silly audit   elementtree: [ '0.1.7' ],
27 silly audit   'emoji-regex': [ '8.0.0' ],
27 silly audit   'env-paths': [ '2.2.1' ],
27 silly audit   'es-errors': [ '1.3.0' ],
27 silly audit   escalade: [ '3.2.0' ],
27 silly audit   'fast-glob': [ '3.3.3' ],
27 silly audit   fastq: [ '1.20.3' ],
27 silly audit   'fd-slicer': [ '1.1.0' ],
27 silly audit   'fill-range': [ '7.1.1' ],
27 silly audit   'fraction.js': [ '5.3.4' ],
27 silly audit   'framer-motion': [ '11.18.2' ],
27 silly audit   fsevents: [ '2.3.3' ],
27 silly audit   'function-bind': [ '1.1.2' ],
27 silly audit   glob: [ '13.0.6' ],
27 silly audit   'graceful-fs': [ '4.2.11' ],
27 silly audit   hasown: [ '2.0.4' ],
27 silly audit   inherits: [ '2.0.4' ],
27 silly audit   ini: [ '4.1.3' ],
27 silly audit   'is-binary-path': [ '2.1.0' ],
27 silly audit   'is-core-module': [ '2.16.2' ],
27 silly audit   'is-docker': [ '2.2.1' ],
27 silly audit   'is-extglob': [ '2.1.1' ],
27 silly audit   'is-fullwidth-code-point': [ '3.0.0' ],
27 silly audit   'is-glob': [ '4.0.3' ],
27 silly audit   'is-number': [ '7.0.0' ],
27 silly audit   'is-wsl': [ '2.2.0' ],
27 silly audit   isexe: [ '2.0.0' ],
27 silly audit   jiti: [ '1.21.7' ],
27 silly audit   'js-tokens': [ '4.0.0' ],
27 silly audit   jsonfile: [ '6.2.1' ],
27 silly audit   kleur: [ '4.1.5', '3.0.3' ],
27 silly audit   lilconfig: [ '3.1.3' ],
27 silly audit   'lines-and-columns': [ '1.2.4' ],
27 silly audit   'loose-envify': [ '1.4.0' ],
27 silly audit   'lru-cache': [ '11.5.2' ],
27 silly audit   'lucide-react': [ '0.460.0' ],
27 silly audit   merge2: [ '1.4.1' ],
27 silly audit   micromatch: [ '4.0.8' ],
27 silly audit   minimatch: [ '10.2.6' ],
27 silly audit   minipass: [ '7.1.3' ],
27 silly audit   minizlib: [ '3.1.0' ],
27 silly audit   'motion-dom': [ '11.18.1' ],
27 silly audit   'motion-utils': [ '11.18.1' ],
27 silly audit   ms: [ '2.1.3' ],
27 silly audit   mz: [ '2.7.0' ],
27 silly audit   nanoid: [ '3.3.18' ],
27 silly audit   'native-run': [ '2.0.3' ],
27 silly audit   next: [ '16.3.3' ],
27 silly audit   postcss: [ '8.5.23', '8.5.26' ],
27 silly audit   'node-releases': [ '2.0.54' ],
27 silly audit   'normalize-path': [ '3.0.0' ],
27 silly audit   'object-assign': [ '4.1.1' ],
27 silly audit   'object-hash': [ '3.0.0' ],
27 silly audit   open: [ '8.4.2' ],
27 silly audit   'package-json-from-dist': [ '1.0.1' ],
27 silly audit   'path-key': [ '3.1.1' ],
27 silly audit   'path-parse': [ '1.0.7' ],
27 silly audit   'path-scurry': [ '2.0.2' ],
27 silly audit   pend: [ '1.2.0' ],
27 silly audit   picocolors: [ '1.1.1' ],
27 silly audit   picomatch: [ '2.3.2', '4.0.7' ],
27 silly audit   pirates: [ '4.0.7' ],
27 silly audit   plist: [ '3.1.1' ],
27 silly audit   'postcss-import': [ '15.1.0' ],
27 silly audit   'postcss-js': [ '4.1.0' ],
27 silly audit   'postcss-load-config': [ '6.0.1' ],
27 silly audit   'postcss-nested': [ '6.2.0' ],
27 silly audit   'postcss-selector-parser': [ '6.1.4' ],
27 silly audit   'postcss-value-parser': [ '4.2.0' ],
27 silly audit   prompts: [ '2.4.2' ],
27 silly audit   'queue-microtask': [ '1.2.3' ],
27 silly audit   react: [ '18.3.1' ],
27 silly audit   'react-dom': [ '18.3.1' ],
27 silly audit   'read-cache': [ '1.0.2' ],
27 silly audit   'readable-stream': [ '3.6.2' ],
27 silly audit   readdirp: [ '3.6.0' ],
27 silly audit   resolve: [ '1.22.12' ],
27 silly audit   reusify: [ '1.1.0' ],
27 silly audit   rimraf: [ '6.1.3' ],
27 silly audit   'run-parallel': [ '1.2.0' ],
27 silly audit   'safe-buffer': [ '5.2.1' ],
27 silly audit   sax: [ '1.1.4' ],
27 silly audit   scheduler: [ '0.23.2' ],
27 silly audit   semver: [ '7.8.5' ],
27 silly audit   sharp: [ '0.35.4' ],
27 silly audit   'shebang-command': [ '2.0.0' ],
27 silly audit   'shebang-regex': [ '3.0.0' ],
27 silly audit   'signal-exit': [ '3.0.7' ],
27 silly audit   sisteransi: [ '1.0.5' ],
27 silly audit   'slice-ansi': [ '4.0.0' ],
27 silly audit   'source-map-js': [ '1.2.1' ],
27 silly audit   split2: [ '4.2.0' ],
27 silly audit   string_decoder: [ '1.3.0' ],
27 silly audit   'string-width': [ '4.2.3' ],
27 silly audit   'strip-ansi': [ '6.0.1' ],
27 silly audit   'styled-jsx': [ '5.1.6' ],
27 silly audit   sucrase: [ '3.35.1' ],
27 silly audit   'supports-preserve-symlinks-flag': [ '1.0.0' ],
27 silly audit   'tailwind-merge': [ '2.6.1' ],
27 silly audit   tailwindcss: [ '3.4.19' ],
27 silly audit   tar: [ '7.5.22' ],
27 silly audit   thenify: [ '3.3.1' ],
27 silly audit   'thenify-all': [ '1.6.0' ],
27 silly audit   through2: [ '4.0.2' ],
27 silly audit   tinyglobby: [ '0.2.17' ],
27 silly audit   fdir: [ '6.5.0' ],
27 silly audit   'to-regex-range': [ '5.0.1' ],
27 silly audit   'tree-kill': [ '1.2.2' ],
27 silly audit   'ts-interface-checker': [ '0.1.13' ],
27 silly audit   tslib: [ '2.8.1' ],
27 silly audit   typescript: [ '5.9.3' ],
27 silly audit   'undici-types': [ '6.21.0' ],
27 silly audit   universalify: [ '2.0.1' ],
27 silly audit   untildify: [ '4.0.0' ],
27 silly audit   'update-browserslist-db': [ '1.3.2' ],
27 silly audit   'util-deprecate': [ '1.0.2' ],
27 silly audit   which: [ '2.0.2' ],
27 silly audit   'wrap-ansi': [ '7.0.0' ],
27 silly audit   xml2js: [ '0.6.2' ],
27 silly audit   xmlbuilder: [ '11.0.1', '15.1.1' ],
27 silly audit   yallist: [ '5.0.0' ],
27 silly audit   yauzl: [ '2.10.0' ],
27 silly audit   '@capacitor/cli': [ '8.4.2' ]
27 silly audit }
28 verbose reify failed optional dependency C:\Users\syedz\Downloads\Whatsapp images\New folder\node_modules\fsevents
29 silly reify mark deleted [
29 silly reify   'C:\\Users\\syedz\\Downloads\\Whatsapp images\\New folder\\node_modules\\fsevents'
29 silly reify ]
30 verbose reify failed optional dependency C:\Users\syedz\Downloads\Whatsapp images\New folder\node_modules\@next\swc-win32-arm64-msvc
31 silly reify mark deleted [
31 silly reify   'C:\\Users\\syedz\\Downloads\\Whatsapp images\\New folder\\node_modules\\@next\\swc-win32-arm64-msvc'
31 silly reify ]
32 verbose reify failed optional dependency C:\Users\syedz\Downloads\Whatsapp images\New folder\node_modules\@next\swc-linux-x64-musl
33 silly reify mark deleted [
33 silly reify   'C:\\Users\\syedz\\Downloads\\Whatsapp images\\New folder\\node_modules\\@next\\swc-linux-x64-musl'
33 silly reify ]
34 verbose reify failed optional dependency C:\Users\syedz\Downloads\Whatsapp images\New folder\node_modules\@next\swc-linux-x64-gnu
35 silly reify mark deleted [
35 silly reify   'C:\\Users\\syedz\\Downloads\\Whatsapp images\\New folder\\node_modules\\@next\\swc-linux-x64-gnu'
35 silly reify ]
36 verbose reify failed optional dependency C:\Users\syedz\Downloads\Whatsapp images\New folder\node_modules\@next\swc-linux-arm64-musl
37 silly reify mark deleted [
37 silly reify   'C:\\Users\\syedz\\Downloads\\Whatsapp images\\New folder\\node_modules\\@next\\swc-linux-arm64-musl'
37 silly reify ]
38 verbose reify failed optional dependency C:\Users\syedz\Downloads\Whatsapp images\New folder\node_modules\@next\swc-linux-arm64-gnu
39 silly reify mark deleted [
39 silly reify   'C:\\Users\\syedz\\Downloads\\Whatsapp images\\New folder\\node_modules\\@next\\swc-linux-arm64-gnu'
39 silly reify ]
40 verbose reify failed optional dependency C:\Users\syedz\Downloads\Whatsapp images\New folder\node_modules\@next\swc-darwin-x64
41 silly reify mark deleted [
41 silly reify   'C:\\Users\\syedz\\Downloads\\Whatsapp images\\New folder\\node_modules\\@next\\swc-darwin-x64'
41 silly reify ]
42 verbose reify failed optional dependency C:\Users\syedz\Downloads\Whatsapp images\New folder\node_modules\@next\swc-darwin-arm64
43 silly reify mark deleted [
43 silly reify   'C:\\Users\\syedz\\Downloads\\Whatsapp images\\New folder\\node_modules\\@next\\swc-darwin-arm64'
43 silly reify ]
44 verbose reify failed optional dependency C:\Users\syedz\Downloads\Whatsapp images\New folder\node_modules\@img\sharp-win32-ia32
45 silly reify mark deleted [
45 silly reify   'C:\\Users\\syedz\\Downloads\\Whatsapp images\\New folder\\node_modules\\@img\\sharp-win32-ia32'
45 silly reify ]
46 verbose reify failed optional dependency C:\Users\syedz\Downloads\Whatsapp images\New folder\node_modules\@img\sharp-win32-arm64
47 silly reify mark deleted [
47 silly reify   'C:\\Users\\syedz\\Downloads\\Whatsapp images\\New folder\\node_modules\\@img\\sharp-win32-arm64'
47 silly reify ]
48 verbose reify failed optional dependency C:\Users\syedz\Downloads\Whatsapp images\New folder\node_modules\@img\sharp-webcontainers-wasm32
49 silly reify mark deleted [
49 silly reify   'C:\\Users\\syedz\\Downloads\\Whatsapp images\\New folder\\node_modules\\@img\\sharp-webcontainers-wasm32'
49 silly reify ]
50 verbose reify failed optional dependency C:\Users\syedz\Downloads\Whatsapp images\New folder\node_modules\@img\sharp-linuxmusl-x64
51 silly reify mark deleted [
51 silly reify   'C:\\Users\\syedz\\Downloads\\Whatsapp images\\New folder\\node_modules\\@img\\sharp-linuxmusl-x64'
51 silly reify ]
52 verbose reify failed optional dependency C:\Users\syedz\Downloads\Whatsapp images\New folder\node_modules\@img\sharp-linuxmusl-arm64
53 silly reify mark deleted [
53 silly reify   'C:\\Users\\syedz\\Downloads\\Whatsapp images\\New folder\\node_modules\\@img\\sharp-linuxmusl-arm64'
53 silly reify ]
54 verbose reify failed optional dependency C:\Users\syedz\Downloads\Whatsapp images\New folder\node_modules\@img\sharp-linux-x64
55 silly reify mark deleted [
55 silly reify   'C:\\Users\\syedz\\Downloads\\Whatsapp images\\New folder\\node_modules\\@img\\sharp-linux-x64'
55 silly reify ]
56 verbose reify failed optional dependency C:\Users\syedz\Downloads\Whatsapp images\New folder\node_modules\@img\sharp-linux-s390x
57 silly reify mark deleted [
57 silly reify   'C:\\Users\\syedz\\Downloads\\Whatsapp images\\New folder\\node_modules\\@img\\sharp-linux-s390x'
57 silly reify ]
58 verbose reify failed optional dependency C:\Users\syedz\Downloads\Whatsapp images\New folder\node_modules\@img\sharp-linux-riscv64
59 silly reify mark deleted [
59 silly reify   'C:\\Users\\syedz\\Downloads\\Whatsapp images\\New folder\\node_modules\\@img\\sharp-linux-riscv64'
59 silly reify ]
60 verbose reify failed optional dependency C:\Users\syedz\Downloads\Whatsapp images\New folder\node_modules\@img\sharp-linux-ppc64
61 silly reify mark deleted [
61 silly reify   'C:\\Users\\syedz\\Downloads\\Whatsapp images\\New folder\\node_modules\\@img\\sharp-linux-ppc64'
61 silly reify ]
62 verbose reify failed optional dependency C:\Users\syedz\Downloads\Whatsapp images\New folder\node_modules\@img\sharp-linux-arm64
63 silly reify mark deleted [
63 silly reify   'C:\\Users\\syedz\\Downloads\\Whatsapp images\\New folder\\node_modules\\@img\\sharp-linux-arm64'
63 silly reify ]
64 verbose reify failed optional dependency C:\Users\syedz\Downloads\Whatsapp images\New folder\node_modules\@img\sharp-linux-arm
65 silly reify mark deleted [
65 silly reify   'C:\\Users\\syedz\\Downloads\\Whatsapp images\\New folder\\node_modules\\@img\\sharp-linux-arm'
65 silly reify ]
66 verbose reify failed optional dependency C:\Users\syedz\Downloads\Whatsapp images\New folder\node_modules\@img\sharp-libvips-linuxmusl-x64
67 silly reify mark deleted [
67 silly reify   'C:\\Users\\syedz\\Downloads\\Whatsapp images\\New folder\\node_modules\\@img\\sharp-libvips-linuxmusl-x64'
67 silly reify ]
68 verbose reify failed optional dependency C:\Users\syedz\Downloads\Whatsapp images\New folder\node_modules\@img\sharp-libvips-linuxmusl-arm64
69 silly reify mark deleted [
69 silly reify   'C:\\Users\\syedz\\Downloads\\Whatsapp images\\New folder\\node_modules\\@img\\sharp-libvips-linuxmusl-arm64'
69 silly reify ]
70 verbose reify failed optional dependency C:\Users\syedz\Downloads\Whatsapp images\New folder\node_modules\@img\sharp-libvips-linux-x64
71 silly reify mark deleted [
71 silly reify   'C:\\Users\\syedz\\Downloads\\Whatsapp images\\New folder\\node_modules\\@img\\sharp-libvips-linux-x64'
71 silly reify ]
72 verbose reify failed optional dependency C:\Users\syedz\Downloads\Whatsapp images\New folder\node_modules\@img\sharp-libvips-linux-s390x
73 silly reify mark deleted [
73 silly reify   'C:\\Users\\syedz\\Downloads\\Whatsapp images\\New folder\\node_modules\\@img\\sharp-libvips-linux-s390x'
73 silly reify ]
74 verbose reify failed optional dependency C:\Users\syedz\Downloads\Whatsapp images\New folder\node_modules\@img\sharp-libvips-linux-riscv64
75 silly reify mark deleted [
75 silly reify   'C:\\Users\\syedz\\Downloads\\Whatsapp images\\New folder\\node_modules\\@img\\sharp-libvips-linux-riscv64'
75 silly reify ]
76 verbose reify failed optional dependency C:\Users\syedz\Downloads\Whatsapp images\New folder\node_modules\@img\sharp-libvips-linux-ppc64
77 silly reify mark deleted [
77 silly reify   'C:\\Users\\syedz\\Downloads\\Whatsapp images\\New folder\\node_modules\\@img\\sharp-libvips-linux-ppc64'
77 silly reify ]
78 verbose reify failed optional dependency C:\Users\syedz\Downloads\Whatsapp images\New folder\node_modules\@img\sharp-libvips-linux-arm64
79 silly reify mark deleted [
79 silly reify   'C:\\Users\\syedz\\Downloads\\Whatsapp images\\New folder\\node_modules\\@img\\sharp-libvips-linux-arm64'
79 silly reify ]
80 verbose reify failed optional dependency C:\Users\syedz\Downloads\Whatsapp images\New folder\node_modules\@img\sharp-libvips-linux-arm
81 silly reify mark deleted [
81 silly reify   'C:\\Users\\syedz\\Downloads\\Whatsapp images\\New folder\\node_modules\\@img\\sharp-libvips-linux-arm'
81 silly reify ]
82 verbose reify failed optional dependency C:\Users\syedz\Downloads\Whatsapp images\New folder\node_modules\@img\sharp-libvips-darwin-x64
83 silly reify mark deleted [
83 silly reify   'C:\\Users\\syedz\\Downloads\\Whatsapp images\\New folder\\node_modules\\@img\\sharp-libvips-darwin-x64'
83 silly reify ]
84 verbose reify failed optional dependency C:\Users\syedz\Downloads\Whatsapp images\New folder\node_modules\@img\sharp-libvips-darwin-arm64
85 silly reify mark deleted [
85 silly reify   'C:\\Users\\syedz\\Downloads\\Whatsapp images\\New folder\\node_modules\\@img\\sharp-libvips-darwin-arm64'
85 silly reify ]
86 verbose reify failed optional dependency C:\Users\syedz\Downloads\Whatsapp images\New folder\node_modules\@img\sharp-freebsd-wasm32
87 silly reify mark deleted [
87 silly reify   'C:\\Users\\syedz\\Downloads\\Whatsapp images\\New folder\\node_modules\\@img\\sharp-freebsd-wasm32'
87 silly reify ]
88 verbose reify failed optional dependency C:\Users\syedz\Downloads\Whatsapp images\New folder\node_modules\@img\sharp-darwin-x64
89 silly reify mark deleted [
89 silly reify   'C:\\Users\\syedz\\Downloads\\Whatsapp images\\New folder\\node_modules\\@img\\sharp-darwin-x64'
89 silly reify ]
90 verbose reify failed optional dependency C:\Users\syedz\Downloads\Whatsapp images\New folder\node_modules\@img\sharp-darwin-arm64
91 silly reify mark deleted [
91 silly reify   'C:\\Users\\syedz\\Downloads\\Whatsapp images\\New folder\\node_modules\\@img\\sharp-darwin-arm64'
91 silly reify ]
92 http cache @capacitor/cli@https://registry.npmjs.org/@capacitor/cli/-/cli-8.4.2.tgz 0ms (cache hit)
93 silly tarball no local data for @capacitor/cli@https://registry.npmjs.org/@capacitor/cli/-/cli-8.4.2.tgz. Extracting by manifest.
94 http fetch POST 200 https://registry.npmjs.org/-/npm/v1/security/advisories/bulk 489ms
95 silly audit report {}
96 http fetch GET 200 https://registry.npmjs.org/@capacitor/cli/-/cli-8.4.2.tgz 1083ms (cache miss)
97 silly ADD
98 silly ADD
99 silly ADD
100 silly ADD
101 silly ADD
102 silly ADD
103 silly ADD
104 silly ADD
105 silly ADD
106 silly ADD
107 silly ADD
108 silly ADD
109 silly ADD
110 silly ADD
111 silly ADD
112 silly ADD
113 silly ADD
114 silly ADD
115 silly ADD
116 silly ADD
117 silly ADD
118 silly ADD
119 silly ADD
120 silly ADD
121 silly ADD
122 silly ADD
123 silly ADD
124 silly ADD
125 silly ADD
126 silly ADD
127 silly ADD
128 silly ADD
129 silly REMOVE node_modules/xcode
130 silly REMOVE node_modules/uuid
131 silly REMOVE node_modules/stream-buffers
132 silly REMOVE node_modules/simple-plist
133 silly REMOVE node_modules/simple-plist/node_modules/bplist-parser
134 silly REMOVE node_modules/bplist-creator
135 silly CHANGE node_modules/@capacitor/cli
136 verbose cwd C:\Users\syedz\Downloads\Whatsapp images\New folder
137 verbose os Windows_NT 10.0.26200
138 verbose node v22.16.0
139 verbose npm  v10.9.2
140 verbose exit 0
141 info ok
