0 verbose cli C:\Program Files\nodejs\node.exe C:\Program Files\nodejs\node_modules\npm\bin\npm-cli.js
1 info using npm@10.9.2
2 info using node@v22.16.0
3 silly config load:file:C:\Program Files\nodejs\node_modules\npm\npmrc
4 silly config load:file:C:\Users\syedz\Downloads\Whatsapp images\New folder\.npmrc
5 silly config load:file:C:\Users\syedz\.npmrc
6 silly config load:file:C:\Users\syedz\AppData\Roaming\npm\etc\npmrc
7 verbose title npm audit
8 verbose argv "audit" "--json"
9 verbose logfile logs-max:10 dir:C:\Users\syedz\Downloads\Whatsapp images\New folder\.npm-cache\_logs\2026-08-31T16_38_02_356Z-
10 verbose logfile C:\Users\syedz\Downloads\Whatsapp images\New folder\.npm-cache\_logs\2026-08-31T16_38_02_356Z-debug-0.log
11 silly logfile start cleaning logs, removing 1 files
12 silly packumentCache heap:4345298944 maxSize:1086324736 maxEntrySize:543162368
13 silly logfile done cleaning log files
14 silly audit bulk request {
14 silly audit   '@alloc/quick-lru': [ '5.2.0' ],
14 silly audit   '@capacitor/cli': [ '8.5.0' ],
14 silly audit   commander: [ '12.1.0', '4.1.1' ],
14 silly audit   'fs-extra': [ '11.4.0', '9.1.0' ],
14 silly audit   '@capacitor/core': [ '8.5.0' ],
14 silly audit   '@capacitor/ios': [ '8.5.0' ],
14 silly audit   '@emnapi/runtime': [ '1.11.3' ],
14 silly audit   '@img/colour': [ '1.1.0' ],
14 silly audit   '@img/sharp-darwin-arm64': [ '0.35.4' ],
14 silly audit   '@img/sharp-darwin-x64': [ '0.35.4' ],
14 silly audit   '@img/sharp-freebsd-wasm32': [ '0.35.4' ],
14 silly audit   '@img/sharp-libvips-darwin-arm64': [ '1.3.3' ],
14 silly audit   '@img/sharp-libvips-darwin-x64': [ '1.3.3' ],
14 silly audit   '@img/sharp-libvips-linux-arm': [ '1.3.3' ],
14 silly audit   '@img/sharp-libvips-linux-arm64': [ '1.3.3' ],
14 silly audit   '@img/sharp-libvips-linux-ppc64': [ '1.3.3' ],
14 silly audit   '@img/sharp-libvips-linux-riscv64': [ '1.3.3' ],
14 silly audit   '@img/sharp-libvips-linux-s390x': [ '1.3.3' ],
14 silly audit   '@img/sharp-libvips-linux-x64': [ '1.3.3' ],
14 silly audit   '@img/sharp-libvips-linuxmusl-arm64': [ '1.3.3' ],
14 silly audit   '@img/sharp-libvips-linuxmusl-x64': [ '1.3.3' ],
14 silly audit   '@img/sharp-linux-arm': [ '0.35.4' ],
14 silly audit   '@img/sharp-linux-arm64': [ '0.35.4' ],
14 silly audit   '@img/sharp-linux-ppc64': [ '0.35.4' ],
14 silly audit   '@img/sharp-linux-riscv64': [ '0.35.4' ],
14 silly audit   '@img/sharp-linux-s390x': [ '0.35.4' ],
14 silly audit   '@img/sharp-linux-x64': [ '0.35.4' ],
14 silly audit   '@img/sharp-linuxmusl-arm64': [ '0.35.4' ],
14 silly audit   '@img/sharp-linuxmusl-x64': [ '0.35.4' ],
14 silly audit   '@img/sharp-wasm32': [ '0.35.4' ],
14 silly audit   '@img/sharp-webcontainers-wasm32': [ '0.35.4' ],
14 silly audit   '@img/sharp-win32-arm64': [ '0.35.4' ],
14 silly audit   '@img/sharp-win32-ia32': [ '0.35.4' ],
14 silly audit   '@img/sharp-win32-x64': [ '0.35.4' ],
14 silly audit   '@ionic/cli-framework-output': [ '2.2.8' ],
14 silly audit   '@ionic/utils-array': [ '2.1.6' ],
14 silly audit   '@ionic/utils-fs': [ '3.1.7' ],
14 silly audit   '@ionic/utils-object': [ '2.1.6' ],
14 silly audit   '@ionic/utils-process': [ '2.1.12' ],
14 silly audit   '@ionic/utils-stream': [ '3.1.7' ],
14 silly audit   '@ionic/utils-subprocess': [ '3.0.1' ],
14 silly audit   '@ionic/utils-terminal': [ '2.3.5' ],
14 silly audit   '@isaacs/fs-minipass': [ '4.0.1' ],
14 silly audit   '@jridgewell/gen-mapping': [ '0.3.13' ],
14 silly audit   '@jridgewell/resolve-uri': [ '3.1.2' ],
14 silly audit   '@jridgewell/sourcemap-codec': [ '1.6.0' ],
14 silly audit   '@jridgewell/trace-mapping': [ '0.3.31' ],
14 silly audit   '@next/env': [ '16.3.3' ],
14 silly audit   '@next/swc-darwin-arm64': [ '16.3.3' ],
14 silly audit   '@next/swc-darwin-x64': [ '16.3.3' ],
14 silly audit   '@next/swc-linux-arm64-gnu': [ '16.3.3' ],
14 silly audit   '@next/swc-linux-arm64-musl': [ '16.3.3' ],
14 silly audit   '@next/swc-linux-x64-gnu': [ '16.3.3' ],
14 silly audit   '@next/swc-linux-x64-musl': [ '16.3.3' ],
14 silly audit   '@next/swc-win32-arm64-msvc': [ '16.3.3' ],
14 silly audit   '@next/swc-win32-x64-msvc': [ '16.3.3' ],
14 silly audit   '@nodelib/fs.scandir': [ '2.1.5' ],
14 silly audit   '@nodelib/fs.stat': [ '2.0.5' ],
14 silly audit   '@nodelib/fs.walk': [ '1.2.8' ],
14 silly audit   '@swc/helpers': [ '0.5.23' ],
14 silly audit   '@types/fs-extra': [ '8.1.5' ],
14 silly audit   '@types/node': [ '20.19.43' ],
14 silly audit   '@types/prop-types': [ '15.7.15' ],
14 silly audit   '@types/react': [ '18.3.31' ],
14 silly audit   '@types/react-dom': [ '18.3.7' ],
14 silly audit   '@types/slice-ansi': [ '4.0.0' ],
14 silly audit   '@xmldom/xmldom': [ '0.9.12' ],
14 silly audit   'ansi-regex': [ '5.0.1' ],
14 silly audit   'ansi-styles': [ '4.3.0' ],
14 silly audit   'any-promise': [ '1.3.0' ],
14 silly audit   anymatch: [ '3.1.3' ],
14 silly audit   arg: [ '5.0.2' ],
14 silly audit   'astral-regex': [ '2.0.0' ],
14 silly audit   'at-least-node': [ '1.0.0' ],
14 silly audit   autoprefixer: [ '10.5.4' ],
14 silly audit   'balanced-match': [ '4.0.4' ],
14 silly audit   'base64-js': [ '1.5.1' ],
14 silly audit   'baseline-browser-mapping': [ '2.11.20' ],
14 silly audit   'big-integer': [ '1.6.52' ],
14 silly audit   'binary-extensions': [ '2.3.0' ],
14 silly audit   'bplist-creator': [ '0.1.0' ],
14 silly audit   'bplist-parser': [ '0.3.2', '0.3.1' ],
14 silly audit   'brace-expansion': [ '5.0.9' ],
14 silly audit   braces: [ '3.0.3' ],
14 silly audit   browserslist: [ '4.28.8' ],
14 silly audit   'buffer-crc32': [ '0.2.13' ],
14 silly audit   'camelcase-css': [ '2.0.1' ],
14 silly audit   'caniuse-lite': [ '1.0.30001810' ],
14 silly audit   'chess.js': [ '1.4.0' ],
14 silly audit   chokidar: [ '3.6.0' ],
14 silly audit   'glob-parent': [ '5.1.2', '6.0.2' ],
14 silly audit   chownr: [ '3.0.0' ],
14 silly audit   'client-only': [ '0.0.1' ],
14 silly audit   clsx: [ '2.1.1' ],
14 silly audit   'color-convert': [ '2.0.1' ],
14 silly audit   'color-name': [ '1.1.4' ],
14 silly audit   'cross-spawn': [ '7.0.6' ],
14 silly audit   cssesc: [ '3.0.0' ],
14 silly audit   csstype: [ '3.2.3' ],
14 silly audit   debug: [ '4.4.3' ],
14 silly audit   'define-lazy-prop': [ '2.0.0' ],
14 silly audit   'detect-libc': [ '2.1.2' ],
14 silly audit   didyoumean: [ '1.2.2' ],
14 silly audit   dlv: [ '1.1.3' ],
14 silly audit   'electron-to-chromium': [ '1.5.417' ],
14 silly audit   elementtree: [ '0.1.7' ],
14 silly audit   'emoji-regex': [ '8.0.0' ],
14 silly audit   'env-paths': [ '2.2.1' ],
14 silly audit   'es-errors': [ '1.3.0' ],
14 silly audit   escalade: [ '3.2.0' ],
14 silly audit   'fast-glob': [ '3.3.3' ],
14 silly audit   fastq: [ '1.20.3' ],
14 silly audit   'fd-slicer': [ '1.1.0' ],
14 silly audit   'fill-range': [ '7.1.1' ],
14 silly audit   'fraction.js': [ '5.3.4' ],
14 silly audit   'framer-motion': [ '11.18.2' ],
14 silly audit   fsevents: [ '2.3.3' ],
14 silly audit   'function-bind': [ '1.1.2' ],
14 silly audit   glob: [ '13.0.6' ],
14 silly audit   'graceful-fs': [ '4.2.11' ],
14 silly audit   hasown: [ '2.0.4' ],
14 silly audit   inherits: [ '2.0.4' ],
14 silly audit   ini: [ '4.1.3' ],
14 silly audit   'is-binary-path': [ '2.1.0' ],
14 silly audit   'is-core-module': [ '2.16.2' ],
14 silly audit   'is-docker': [ '2.2.1' ],
14 silly audit   'is-extglob': [ '2.1.1' ],
14 silly audit   'is-fullwidth-code-point': [ '3.0.0' ],
14 silly audit   'is-glob': [ '4.0.3' ],
14 silly audit   'is-number': [ '7.0.0' ],
14 silly audit   'is-wsl': [ '2.2.0' ],
14 silly audit   isexe: [ '2.0.0' ],
14 silly audit   jiti: [ '1.21.7' ],
14 silly audit   'js-tokens': [ '4.0.0' ],
14 silly audit   jsonfile: [ '6.2.1' ],
14 silly audit   kleur: [ '4.1.5', '3.0.3' ],
14 silly audit   lilconfig: [ '3.1.3' ],
14 silly audit   'lines-and-columns': [ '1.2.4' ],
14 silly audit   'loose-envify': [ '1.4.0' ],
14 silly audit   'lru-cache': [ '11.5.2' ],
14 silly audit   'lucide-react': [ '0.460.0' ],
14 silly audit   merge2: [ '1.4.1' ],
14 silly audit   micromatch: [ '4.0.8' ],
14 silly audit   minimatch: [ '10.2.6' ],
14 silly audit   minipass: [ '7.1.3' ],
14 silly audit   minizlib: [ '3.1.0' ],
14 silly audit   'motion-dom': [ '11.18.1' ],
14 silly audit   'motion-utils': [ '11.18.1' ],
14 silly audit   ms: [ '2.1.3' ],
14 silly audit   mz: [ '2.7.0' ],
14 silly audit   nanoid: [ '3.3.18' ],
14 silly audit   'native-run': [ '2.0.3' ],
14 silly audit   next: [ '16.3.3' ],
14 silly audit   postcss: [ '8.5.23', '8.5.26' ],
14 silly audit   'node-releases': [ '2.0.54' ],
14 silly audit   'normalize-path': [ '3.0.0' ],
14 silly audit   'object-assign': [ '4.1.1' ],
14 silly audit   'object-hash': [ '3.0.0' ],
14 silly audit   open: [ '8.4.2' ],
14 silly audit   'package-json-from-dist': [ '1.0.1' ],
14 silly audit   'path-key': [ '3.1.1' ],
14 silly audit   'path-parse': [ '1.0.7' ],
14 silly audit   'path-scurry': [ '2.0.2' ],
14 silly audit   pend: [ '1.2.0' ],
14 silly audit   picocolors: [ '1.1.1' ],
14 silly audit   picomatch: [ '2.3.2', '4.0.7' ],
14 silly audit   pirates: [ '4.0.7' ],
14 silly audit   plist: [ '3.1.1' ],
14 silly audit   'postcss-import': [ '15.1.0' ],
14 silly audit   'postcss-js': [ '4.1.0' ],
14 silly audit   'postcss-load-config': [ '6.0.1' ],
14 silly audit   'postcss-nested': [ '6.2.0' ],
14 silly audit   'postcss-selector-parser': [ '6.1.4' ],
14 silly audit   'postcss-value-parser': [ '4.2.0' ],
14 silly audit   prompts: [ '2.4.2' ],
14 silly audit   'queue-microtask': [ '1.2.3' ],
14 silly audit   react: [ '18.3.1' ],
14 silly audit   'react-dom': [ '18.3.1' ],
14 silly audit   'read-cache': [ '1.0.2' ],
14 silly audit   'readable-stream': [ '3.6.2' ],
14 silly audit   readdirp: [ '3.6.0' ],
14 silly audit   resolve: [ '1.22.12' ],
14 silly audit   reusify: [ '1.1.0' ],
14 silly audit   rimraf: [ '6.1.3' ],
14 silly audit   'run-parallel': [ '1.2.0' ],
14 silly audit   'safe-buffer': [ '5.2.1' ],
14 silly audit   sax: [ '1.1.4' ],
14 silly audit   scheduler: [ '0.23.2' ],
14 silly audit   semver: [ '7.8.5' ],
14 silly audit   sharp: [ '0.35.4' ],
14 silly audit   'shebang-command': [ '2.0.0' ],
14 silly audit   'shebang-regex': [ '3.0.0' ],
14 silly audit   'signal-exit': [ '3.0.7' ],
14 silly audit   'simple-plist': [ '1.3.1' ],
14 silly audit   sisteransi: [ '1.0.5' ],
14 silly audit   'slice-ansi': [ '4.0.0' ],
14 silly audit   'source-map-js': [ '1.2.1' ],
14 silly audit   split2: [ '4.2.0' ],
14 silly audit   'stream-buffers': [ '2.2.0' ],
14 silly audit   string_decoder: [ '1.3.0' ],
14 silly audit   'string-width': [ '4.2.3' ],
14 silly audit   'strip-ansi': [ '6.0.1' ],
14 silly audit   'styled-jsx': [ '5.1.6' ],
14 silly audit   sucrase: [ '3.35.1' ],
14 silly audit   'supports-preserve-symlinks-flag': [ '1.0.0' ],
14 silly audit   'tailwind-merge': [ '2.6.1' ],
14 silly audit   tailwindcss: [ '3.4.19' ],
14 silly audit   tar: [ '7.5.22' ],
14 silly audit   thenify: [ '3.3.1' ],
14 silly audit   'thenify-all': [ '1.6.0' ],
14 silly audit   through2: [ '4.0.2' ],
14 silly audit   tinyglobby: [ '0.2.17' ],
14 silly audit   fdir: [ '6.5.0' ],
14 silly audit   'to-regex-range': [ '5.0.1' ],
14 silly audit   'tree-kill': [ '1.2.2' ],
14 silly audit   'ts-interface-checker': [ '0.1.13' ],
14 silly audit   tslib: [ '2.8.1' ],
14 silly audit   typescript: [ '5.9.3' ],
14 silly audit   'undici-types': [ '6.21.0' ],
14 silly audit   universalify: [ '2.0.1' ],
14 silly audit   untildify: [ '4.0.0' ],
14 silly audit   'update-browserslist-db': [ '1.3.2' ],
14 silly audit   'util-deprecate': [ '1.0.2' ],
14 silly audit   uuid: [ '7.0.3' ],
14 silly audit   which: [ '2.0.2' ],
14 silly audit   'wrap-ansi': [ '7.0.0' ],
14 silly audit   xcode: [ '3.0.1' ],
14 silly audit   xml2js: [ '0.6.2' ],
14 silly audit   xmlbuilder: [ '11.0.1', '15.1.1' ],
14 silly audit   yallist: [ '5.0.0' ],
14 silly audit   yauzl: [ '2.10.0' ]
14 silly audit }
15 http fetch POST 200 https://registry.npmjs.org/-/npm/v1/security/advisories/bulk 379ms
16 silly audit report {
16 silly audit report   uuid: [
16 silly audit report     {
16 silly audit report       id: 1119441,
16 silly audit report       url: 'https://github.com/advisories/GHSA-w5hq-g745-h8pq',
16 silly audit report       title: 'uuid: Missing buffer bounds check in v3/v5/v6 when buf is provided',
16 silly audit report       severity: 'moderate',
16 silly audit report       vulnerable_versions: '<11.1.1',
16 silly audit report       cwe: [Array],
16 silly audit report       cvss: [Object]
16 silly audit report     }
16 silly audit report   ]
16 silly audit report }
17 silly packumentCache corgi:https://registry.npmjs.org/uuid cache-miss
18 http cache https://registry.npmjs.org/uuid 15ms (cache hit)
19 silly packumentCache corgi:https://registry.npmjs.org/uuid set size:84321 disposed:false
20 silly packumentCache corgi:https://registry.npmjs.org/xcode cache-miss
21 http cache https://registry.npmjs.org/xcode 11ms (cache hit)
22 silly packumentCache corgi:https://registry.npmjs.org/xcode set size:1850340 disposed:false
23 silly packumentCache corgi:https://registry.npmjs.org/@capacitor%2fcli cache-miss
24 http cache https://registry.npmjs.org/@capacitor%2fcli 16ms (cache hit)
25 silly packumentCache corgi:https://registry.npmjs.org/@capacitor%2fcli set size:2462545 disposed:false
26 verbose cwd C:\Users\syedz\Downloads\Whatsapp images\New folder
27 verbose os Windows_NT 10.0.26200
28 verbose node v22.16.0
29 verbose npm  v10.9.2
30 verbose exit 1
31 verbose code 1
