0 verbose cli C:\Program Files\nodejs\node.exe C:\Program Files\nodejs\node_modules\npm\bin\npm-cli.js
1 info using npm@10.9.2
2 info using node@v22.16.0
3 silly config load:file:C:\Program Files\nodejs\node_modules\npm\npmrc
4 silly config load:file:C:\Users\syedz\Downloads\Whatsapp images\New folder\.npmrc
5 silly config load:file:C:\Users\syedz\.npmrc
6 silly config load:file:C:\Users\syedz\AppData\Roaming\npm\etc\npmrc
7 verbose title npm audit
8 verbose argv "audit" "--json"
9 verbose logfile logs-max:10 dir:C:\Users\syedz\Downloads\Whatsapp images\New folder\.npm-cache\_logs\2026-08-31T16_37_00_345Z-
10 verbose logfile C:\Users\syedz\Downloads\Whatsapp images\New folder\.npm-cache\_logs\2026-08-31T16_37_00_345Z-debug-0.log
11 silly logfile done cleaning log files
12 silly packumentCache heap:4345298944 maxSize:1086324736 maxEntrySize:543162368
13 silly audit bulk request {
13 silly audit   '@alloc/quick-lru': [ '5.2.0' ],
13 silly audit   '@capacitor/cli': [ '6.2.1' ],
13 silly audit   commander: [ '9.5.0', '4.1.1' ],
13 silly audit   '@capacitor/core': [ '6.2.1' ],
13 silly audit   '@capacitor/ios': [ '6.2.1' ],
13 silly audit   '@emnapi/runtime': [ '1.11.3' ],
13 silly audit   '@img/colour': [ '1.1.0' ],
13 silly audit   '@img/sharp-darwin-arm64': [ '0.35.4' ],
13 silly audit   '@img/sharp-darwin-x64': [ '0.35.4' ],
13 silly audit   '@img/sharp-freebsd-wasm32': [ '0.35.4' ],
13 silly audit   '@img/sharp-libvips-darwin-arm64': [ '1.3.3' ],
13 silly audit   '@img/sharp-libvips-darwin-x64': [ '1.3.3' ],
13 silly audit   '@img/sharp-libvips-linux-arm': [ '1.3.3' ],
13 silly audit   '@img/sharp-libvips-linux-arm64': [ '1.3.3' ],
13 silly audit   '@img/sharp-libvips-linux-ppc64': [ '1.3.3' ],
13 silly audit   '@img/sharp-libvips-linux-riscv64': [ '1.3.3' ],
13 silly audit   '@img/sharp-libvips-linux-s390x': [ '1.3.3' ],
13 silly audit   '@img/sharp-libvips-linux-x64': [ '1.3.3' ],
13 silly audit   '@img/sharp-libvips-linuxmusl-arm64': [ '1.3.3' ],
13 silly audit   '@img/sharp-libvips-linuxmusl-x64': [ '1.3.3' ],
13 silly audit   '@img/sharp-linux-arm': [ '0.35.4' ],
13 silly audit   '@img/sharp-linux-arm64': [ '0.35.4' ],
13 silly audit   '@img/sharp-linux-ppc64': [ '0.35.4' ],
13 silly audit   '@img/sharp-linux-riscv64': [ '0.35.4' ],
13 silly audit   '@img/sharp-linux-s390x': [ '0.35.4' ],
13 silly audit   '@img/sharp-linux-x64': [ '0.35.4' ],
13 silly audit   '@img/sharp-linuxmusl-arm64': [ '0.35.4' ],
13 silly audit   '@img/sharp-linuxmusl-x64': [ '0.35.4' ],
13 silly audit   '@img/sharp-wasm32': [ '0.35.4' ],
13 silly audit   '@img/sharp-webcontainers-wasm32': [ '0.35.4' ],
13 silly audit   '@img/sharp-win32-arm64': [ '0.35.4' ],
13 silly audit   '@img/sharp-win32-ia32': [ '0.35.4' ],
13 silly audit   '@img/sharp-win32-x64': [ '0.35.4' ],
13 silly audit   '@ionic/cli-framework-output': [ '2.2.8' ],
13 silly audit   '@ionic/utils-array': [ '2.1.5' ],
13 silly audit   '@ionic/utils-fs': [ '3.1.7', '3.1.6' ],
13 silly audit   '@ionic/utils-object': [ '2.1.5' ],
13 silly audit   '@ionic/utils-process': [ '2.1.10' ],
13 silly audit   '@ionic/utils-terminal': [ '2.3.3', '2.3.5' ],
13 silly audit   '@ionic/utils-stream': [ '3.1.5' ],
13 silly audit   '@ionic/utils-subprocess': [ '2.1.11' ],
13 silly audit   '@jridgewell/gen-mapping': [ '0.3.13' ],
13 silly audit   '@jridgewell/resolve-uri': [ '3.1.2' ],
13 silly audit   '@jridgewell/sourcemap-codec': [ '1.6.0' ],
13 silly audit   '@jridgewell/trace-mapping': [ '0.3.31' ],
13 silly audit   '@next/env': [ '16.3.3' ],
13 silly audit   '@next/swc-darwin-arm64': [ '16.3.3' ],
13 silly audit   '@next/swc-darwin-x64': [ '16.3.3' ],
13 silly audit   '@next/swc-linux-arm64-gnu': [ '16.3.3' ],
13 silly audit   '@next/swc-linux-arm64-musl': [ '16.3.3' ],
13 silly audit   '@next/swc-linux-x64-gnu': [ '16.3.3' ],
13 silly audit   '@next/swc-linux-x64-musl': [ '16.3.3' ],
13 silly audit   '@next/swc-win32-arm64-msvc': [ '16.3.3' ],
13 silly audit   '@next/swc-win32-x64-msvc': [ '16.3.3' ],
13 silly audit   '@nodelib/fs.scandir': [ '2.1.5' ],
13 silly audit   '@nodelib/fs.stat': [ '2.0.5' ],
13 silly audit   '@nodelib/fs.walk': [ '1.2.8' ],
13 silly audit   '@swc/helpers': [ '0.5.23' ],
13 silly audit   '@types/fs-extra': [ '8.1.5' ],
13 silly audit   '@types/node': [ '20.19.43' ],
13 silly audit   '@types/prop-types': [ '15.7.15' ],
13 silly audit   '@types/react': [ '18.3.31' ],
13 silly audit   '@types/react-dom': [ '18.3.7' ],
13 silly audit   '@types/slice-ansi': [ '4.0.0' ],
13 silly audit   '@xmldom/xmldom': [ '0.9.12' ],
13 silly audit   'ansi-regex': [ '5.0.1' ],
13 silly audit   'ansi-styles': [ '4.3.0' ],
13 silly audit   'any-promise': [ '1.3.0' ],
13 silly audit   anymatch: [ '3.1.3' ],
13 silly audit   arg: [ '5.0.2' ],
13 silly audit   'astral-regex': [ '2.0.0' ],
13 silly audit   'at-least-node': [ '1.0.0' ],
13 silly audit   autoprefixer: [ '10.5.4' ],
13 silly audit   'balanced-match': [ '1.0.2' ],
13 silly audit   'base64-js': [ '1.5.1' ],
13 silly audit   'baseline-browser-mapping': [ '2.11.20' ],
13 silly audit   'big-integer': [ '1.6.52' ],
13 silly audit   'binary-extensions': [ '2.3.0' ],
13 silly audit   'bplist-parser': [ '0.3.2' ],
13 silly audit   'brace-expansion': [ '2.1.4' ],
13 silly audit   braces: [ '3.0.3' ],
13 silly audit   browserslist: [ '4.28.8' ],
13 silly audit   'buffer-crc32': [ '0.2.13' ],
13 silly audit   'camelcase-css': [ '2.0.1' ],
13 silly audit   'caniuse-lite': [ '1.0.30001810' ],
13 silly audit   'chess.js': [ '1.4.0' ],
13 silly audit   chokidar: [ '3.6.0' ],
13 silly audit   'glob-parent': [ '5.1.2', '6.0.2' ],
13 silly audit   chownr: [ '2.0.0' ],
13 silly audit   'client-only': [ '0.0.1' ],
13 silly audit   clsx: [ '2.1.1' ],
13 silly audit   'color-convert': [ '2.0.1' ],
13 silly audit   'color-name': [ '1.1.4' ],
13 silly audit   'cross-spawn': [ '7.0.6' ],
13 silly audit   cssesc: [ '3.0.0' ],
13 silly audit   csstype: [ '3.2.3' ],
13 silly audit   debug: [ '4.4.3' ],
13 silly audit   'define-lazy-prop': [ '2.0.0' ],
13 silly audit   'detect-libc': [ '2.1.2' ],
13 silly audit   didyoumean: [ '1.2.2' ],
13 silly audit   dlv: [ '1.1.3' ],
13 silly audit   'electron-to-chromium': [ '1.5.417' ],
13 silly audit   elementtree: [ '0.1.7' ],
13 silly audit   'emoji-regex': [ '8.0.0' ],
13 silly audit   'env-paths': [ '2.2.1' ],
13 silly audit   'es-errors': [ '1.3.0' ],
13 silly audit   escalade: [ '3.2.0' ],
13 silly audit   'fast-glob': [ '3.3.3' ],
13 silly audit   fastq: [ '1.20.3' ],
13 silly audit   'fd-slicer': [ '1.1.0' ],
13 silly audit   'fill-range': [ '7.1.1' ],
13 silly audit   'fraction.js': [ '5.3.4' ],
13 silly audit   'framer-motion': [ '11.18.2' ],
13 silly audit   'fs-extra': [ '9.1.0' ],
13 silly audit   'fs-minipass': [ '2.1.0' ],
13 silly audit   minipass: [ '3.3.6', '4.2.8', '7.1.3', '5.0.0' ],
13 silly audit   'fs.realpath': [ '1.0.0' ],
13 silly audit   fsevents: [ '2.3.3' ],
13 silly audit   'function-bind': [ '1.1.2' ],
13 silly audit   glob: [ '9.3.5' ],
13 silly audit   'graceful-fs': [ '4.2.11' ],
13 silly audit   hasown: [ '2.0.4' ],
13 silly audit   inherits: [ '2.0.4' ],
13 silly audit   ini: [ '4.1.3' ],
13 silly audit   'is-binary-path': [ '2.1.0' ],
13 silly audit   'is-core-module': [ '2.16.2' ],
13 silly audit   'is-docker': [ '2.2.1' ],
13 silly audit   'is-extglob': [ '2.1.1' ],
13 silly audit   'is-fullwidth-code-point': [ '3.0.0' ],
13 silly audit   'is-glob': [ '4.0.3' ],
13 silly audit   'is-number': [ '7.0.0' ],
13 silly audit   'is-wsl': [ '2.2.0' ],
13 silly audit   isexe: [ '2.0.0' ],
13 silly audit   jiti: [ '1.21.7' ],
13 silly audit   'js-tokens': [ '4.0.0' ],
13 silly audit   jsonfile: [ '6.2.1' ],
13 silly audit   kleur: [ '4.1.5', '3.0.3' ],
13 silly audit   lilconfig: [ '3.1.3' ],
13 silly audit   'lines-and-columns': [ '1.2.4' ],
13 silly audit   'loose-envify': [ '1.4.0' ],
13 silly audit   'lru-cache': [ '10.4.3' ],
13 silly audit   'lucide-react': [ '0.460.0' ],
13 silly audit   merge2: [ '1.4.1' ],
13 silly audit   micromatch: [ '4.0.8' ],
13 silly audit   minimatch: [ '8.0.7' ],
13 silly audit   minizlib: [ '2.1.2' ],
13 silly audit   mkdirp: [ '1.0.4' ],
13 silly audit   'motion-dom': [ '11.18.1' ],
13 silly audit   'motion-utils': [ '11.18.1' ],
13 silly audit   ms: [ '2.1.3' ],
13 silly audit   mz: [ '2.7.0' ],
13 silly audit   nanoid: [ '3.3.18' ],
13 silly audit   'native-run': [ '2.0.3' ],
13 silly audit   next: [ '16.3.3' ],
13 silly audit   postcss: [ '8.5.23', '8.5.26' ],
13 silly audit   'node-releases': [ '2.0.54' ],
13 silly audit   'normalize-path': [ '3.0.0' ],
13 silly audit   'object-assign': [ '4.1.1' ],
13 silly audit   'object-hash': [ '3.0.0' ],
13 silly audit   open: [ '8.4.2' ],
13 silly audit   'path-key': [ '3.1.1' ],
13 silly audit   'path-parse': [ '1.0.7' ],
13 silly audit   'path-scurry': [ '1.11.1' ],
13 silly audit   pend: [ '1.2.0' ],
13 silly audit   picocolors: [ '1.1.1' ],
13 silly audit   picomatch: [ '2.3.2', '4.0.7' ],
13 silly audit   pirates: [ '4.0.7' ],
13 silly audit   plist: [ '3.1.1' ],
13 silly audit   'postcss-import': [ '15.1.0' ],
13 silly audit   'postcss-js': [ '4.1.0' ],
13 silly audit   'postcss-load-config': [ '6.0.1' ],
13 silly audit   'postcss-nested': [ '6.2.0' ],
13 silly audit   'postcss-selector-parser': [ '6.1.4' ],
13 silly audit   'postcss-value-parser': [ '4.2.0' ],
13 silly audit   prompts: [ '2.4.2' ],
13 silly audit   'queue-microtask': [ '1.2.3' ],
13 silly audit   react: [ '18.3.1' ],
13 silly audit   'react-dom': [ '18.3.1' ],
13 silly audit   'read-cache': [ '1.0.2' ],
13 silly audit   'readable-stream': [ '3.6.2' ],
13 silly audit   readdirp: [ '3.6.0' ],
13 silly audit   resolve: [ '1.22.12' ],
13 silly audit   reusify: [ '1.1.0' ],
13 silly audit   rimraf: [ '4.4.1' ],
13 silly audit   'run-parallel': [ '1.2.0' ],
13 silly audit   'safe-buffer': [ '5.2.1' ],
13 silly audit   sax: [ '1.1.4' ],
13 silly audit   scheduler: [ '0.23.2' ],
13 silly audit   semver: [ '7.8.5' ],
13 silly audit   sharp: [ '0.35.4' ],
13 silly audit   'shebang-command': [ '2.0.0' ],
13 silly audit   'shebang-regex': [ '3.0.0' ],
13 silly audit   'signal-exit': [ '3.0.7' ],
13 silly audit   sisteransi: [ '1.0.5' ],
13 silly audit   'slice-ansi': [ '4.0.0' ],
13 silly audit   'source-map-js': [ '1.2.1' ],
13 silly audit   split2: [ '4.2.0' ],
13 silly audit   string_decoder: [ '1.3.0' ],
13 silly audit   'string-width': [ '4.2.3' ],
13 silly audit   'strip-ansi': [ '6.0.1' ],
13 silly audit   'styled-jsx': [ '5.1.6' ],
13 silly audit   sucrase: [ '3.35.1' ],
13 silly audit   'supports-preserve-symlinks-flag': [ '1.0.0' ],
13 silly audit   'tailwind-merge': [ '2.6.1' ],
13 silly audit   tailwindcss: [ '3.4.19' ],
13 silly audit   tar: [ '6.2.1' ],
13 silly audit   thenify: [ '3.3.1' ],
13 silly audit   'thenify-all': [ '1.6.0' ],
13 silly audit   through2: [ '4.0.2' ],
13 silly audit   tinyglobby: [ '0.2.17' ],
13 silly audit   fdir: [ '6.5.0' ],
13 silly audit   'to-regex-range': [ '5.0.1' ],
13 silly audit   'tree-kill': [ '1.2.2' ],
13 silly audit   'ts-interface-checker': [ '0.1.13' ],
13 silly audit   tslib: [ '2.8.1' ],
13 silly audit   typescript: [ '5.9.3' ],
13 silly audit   'undici-types': [ '6.21.0' ],
13 silly audit   universalify: [ '2.0.1' ],
13 silly audit   untildify: [ '4.0.0' ],
13 silly audit   'update-browserslist-db': [ '1.3.2' ],
13 silly audit   'util-deprecate': [ '1.0.2' ],
13 silly audit   which: [ '2.0.2' ],
13 silly audit   'wrap-ansi': [ '7.0.0' ],
13 silly audit   xml2js: [ '0.5.0' ],
13 silly audit   xmlbuilder: [ '11.0.1', '15.1.1' ],
13 silly audit   yallist: [ '4.0.0' ],
13 silly audit   yauzl: [ '2.10.0' ]
13 silly audit }
14 http fetch POST 200 https://registry.npmjs.org/-/npm/v1/security/advisories/bulk 366ms
15 silly audit report {
15 silly audit report   tar: [
15 silly audit report     {
15 silly audit report       id: 1112659,
15 silly audit report       url: 'https://github.com/advisories/GHSA-34x7-hfp2-rc4v',
15 silly audit report       title: 'node-tar Vulnerable to Arbitrary File Creation/Overwrite via Hardlink Path Traversal',
15 silly audit report       severity: 'high',
15 silly audit report       vulnerable_versions: '<7.5.7',
15 silly audit report       cwe: [Array],
15 silly audit report       cvss: [Object]
15 silly audit report     },
15 silly audit report     {
15 silly audit report       id: 1113300,
15 silly audit report       url: 'https://github.com/advisories/GHSA-8qq5-rm4j-mr97',
15 silly audit report       title: 'node-tar is Vulnerable to Arbitrary File Overwrite and Symlink Poisoning via Insufficient Path Sanitization',
15 silly audit report       severity: 'high',
15 silly audit report       vulnerable_versions: '<=7.5.2',
15 silly audit report       cwe: [Array],
15 silly audit report       cvss: [Object]
15 silly audit report     },
15 silly audit report     {
15 silly audit report       id: 1113375,
15 silly audit report       url: 'https://github.com/advisories/GHSA-83g3-92jg-28cx',
15 silly audit report       title: 'Arbitrary File Read/Write via Hardlink Target Escape Through Symlink Chain in node-tar Extraction',
15 silly audit report       severity: 'high',
15 silly audit report       vulnerable_versions: '<7.5.8',
15 silly audit report       cwe: [Array],
15 silly audit report       cvss: [Object]
15 silly audit report     },
15 silly audit report     {
15 silly audit report       id: 1114200,
15 silly audit report       url: 'https://github.com/advisories/GHSA-qffp-2rhf-9h96',
15 silly audit report       title: 'tar has Hardlink Path Traversal via Drive-Relative Linkpath',
15 silly audit report       severity: 'high',
15 silly audit report       vulnerable_versions: '<=7.5.9',
15 silly audit report       cwe: [Array],
15 silly audit report       cvss: [Object]
15 silly audit report     },
15 silly audit report     {
15 silly audit report       id: 1114302,
15 silly audit report       url: 'https://github.com/advisories/GHSA-9ppj-qmqm-q256',
15 silly audit report       title: 'node-tar Symlink Path Traversal via Drive-Relative Linkpath',
15 silly audit report       severity: 'high',
15 silly audit report       vulnerable_versions: '<=7.5.10',
15 silly audit report       cwe: [Array],
15 silly audit report       cvss: [Object]
15 silly audit report     },
15 silly audit report     {
15 silly audit report       id: 1120782,
15 silly audit report       url: 'https://github.com/advisories/GHSA-vmf3-w455-68vh',
15 silly audit report       title: 'node-tar applies PAX size override to intermediary GNU long-name/long-link headers, causing tar parser interpretation differential (file smuggling)',
15 silly audit report       severity: 'moderate',
15 silly audit report       vulnerable_versions: '<=7.5.15',
15 silly audit report       cwe: [Array],
15 silly audit report       cvss: [Object]
15 silly audit report     },
15 silly audit report     {
15 silly audit report       id: 1114680,
15 silly audit report       url: 'https://github.com/advisories/GHSA-r6q2-hw4h-h46w',
15 silly audit report       title: 'Race Condition in node-tar Path Reservations via Unicode Ligature Collisions on macOS APFS',
15 silly audit report       severity: 'high',
15 silly audit report       vulnerable_versions: '<=7.5.3',
15 silly audit report       cwe: [Array],
15 silly audit report       cvss: [Object]
15 silly audit report     },
15 silly audit report     {
15 silly audit report       id: 1123939,
15 silly audit report       url: 'https://github.com/advisories/GHSA-w8wr-v893-vjvp',
15 silly audit report       title: 'node-tar: Process crash via PAX numeric path type confusion',
15 silly audit report       severity: 'moderate',
15 silly audit report       vulnerable_versions: '<=7.5.17',
15 silly audit report       cwe: [Array],
15 silly audit report       cvss: [Object]
15 silly audit report     },
15 silly audit report     {
15 silly audit report       id: 1123940,
15 silly audit report       url: 'https://github.com/advisories/GHSA-23hp-3jrh-7fpw',
15 silly audit report       title: 'node-tar: Decompression/parse DoS via unlimited input',
15 silly audit report       severity: 'critical',
15 silly audit report       vulnerable_versions: '<=7.5.18',
15 silly audit report       cwe: [Array],
15 silly audit report       cvss: [Object]
15 silly audit report     },
15 silly audit report     {
15 silly audit report       id: 1123941,
15 silly audit report       url: 'https://github.com/advisories/GHSA-8x88-c5mf-7j5w',
15 silly audit report       title: 'node-tar: Negative tar entry size causes infinite loop in archive replace',
15 silly audit report       severity: 'high',
15 silly audit report       vulnerable_versions: '<=7.5.17',
15 silly audit report       cwe: [Array],
15 silly audit report       cvss: [Object]
15 silly audit report     },
15 silly audit report     {
15 silly audit report       id: 1123942,
15 silly audit report       url: 'https://github.com/advisories/GHSA-gvwx-54wh-qm9j',
15 silly audit report       title: 'node-tar: Uncaught Exception DoS via NUL byte in PAX path/linkpath records',
15 silly audit report       severity: 'moderate',
15 silly audit report       vulnerable_versions: '<=7.5.16',
15 silly audit report       cwe: [Array],
15 silly audit report       cvss: [Object]
15 silly audit report     },
15 silly audit report     {
15 silly audit report       id: 1145647,
15 silly audit report       url: 'https://github.com/advisories/GHSA-r292-9mhp-454m',
15 silly audit report       title: 'node-tar: Uncontrolled recursion in mapHas/filesFilter allows uncatchable stack-overflow DoS via crafted long-path tar with member selection',
15 silly audit report       severity: 'high',
15 silly audit report       vulnerable_versions: '<=7.5.20',
15 silly audit report       cwe: [Array],
15 silly audit report       cvss: [Object]
15 silly audit report     }
15 silly audit report   ]
15 silly audit report }
16 silly packumentCache corgi:https://registry.npmjs.org/tar cache-miss
17 http cache https://registry.npmjs.org/tar 23ms (cache hit)
18 silly packumentCache corgi:https://registry.npmjs.org/tar set size:208035 disposed:false
19 silly packumentCache corgi:https://registry.npmjs.org/@capacitor%2fcli cache-miss
20 http cache https://registry.npmjs.org/@capacitor%2fcli 14ms (cache hit)
21 silly packumentCache corgi:https://registry.npmjs.org/@capacitor%2fcli set size:2462545 disposed:false
22 verbose cwd C:\Users\syedz\Downloads\Whatsapp images\New folder
23 verbose os Windows_NT 10.0.26200
24 verbose node v22.16.0
25 verbose npm  v10.9.2
26 verbose exit 1
27 verbose code 1
